102.91.0.94 - - [08/Mar/2024:08:59:28 +0100] "POST /livewire/update HTTP/1.1" 200 157773 "http://207.154.204.54/admin/staff?tableSearch=19220&tableFilters[agency_id][values][0]=13&tableFilters[agency_id][values][1]=1&tableFilters[agency_id][values][2]=34&tableFilters[agency_id][values][3]=35&tableFilters[agency_id][values][4]=43&tableFilters[suspended][isActive]=false&tableFilters[retired][isActive]=false&tableFilters[deceased][isActive]=false&tableFilters[student][isActive]=false&tableFilters[senior_citizen][isActive]=false" "Mozilla/5.0 (Windows NT 10.0; Win64; x64) AppleWebKit/537.36 (KHTML, like Gecko) Chrome/122.0.0.0 Safari/537.36"
102.91.0.94 - - [08/Mar/2024:08:59:55 +0100] "POST /livewire/update HTTP/1.1" 200 157664 "http://207.154.204.54/admin/staff?tableSearch=19220&tableFilters[agency_id][values][0]=13&tableFilters[agency_id][values][1]=1&tableFilters[agency_id][values][2]=34&tableFilters[agency_id][values][3]=35&tableFilters[agency_id][values][4]=43&tableFilters[suspended][isActive]=false&tableFilters[retired][isActive]=false&tableFilters[deceased][isActive]=false&tableFilters[student][isActive]=false&tableFilters[senior_citizen][isActive]=false" "Mozilla/5.0 (Windows NT 10.0; Win64; x64) AppleWebKit/537.36 (KHTML, like Gecko) Chrome/122.0.0.0 Safari/537.36"
102.91.0.94 - - [08/Mar/2024:09:00:17 +0100] "GET /admin/staff HTTP/1.1" 200 412378 "http://207.154.204.54/admin/dashboard" "Mozilla/5.0 (Windows NT 10.0; Win64; x64) AppleWebKit/537.36 (KHTML, like Gecko) Chrome/122.0.0.0 Safari/537.36"
146.148.41.243 - - [08/Mar/2024:09:01:18 +0100] "GET /.env HTTP/1.1" 404 6603 "-" "Mozilla/5.0 (Windows NT 6.1) AppleWebKit/537.36 (KHTML, like Gecko) Chrome/86.0.4240.183 Safari/537.36"
146.148.41.243 - - [08/Mar/2024:09:01:19 +0100] "GET /conf/.env HTTP/1.1" 404 6603 "-" "Mozilla/5.0 (Windows NT 6.1) AppleWebKit/537.36 (KHTML, like Gecko) Chrome/86.0.4240.183 Safari/537.36"
146.148.41.243 - - [08/Mar/2024:09:01:21 +0100] "GET /wp-content/.env HTTP/1.1" 404 6603 "-" "Mozilla/5.0 (Windows NT 6.1) AppleWebKit/537.36 (KHTML, like Gecko) Chrome/86.0.4240.183 Safari/537.36"
146.148.41.243 - - [08/Mar/2024:09:01:21 +0100] "GET /wp-admin/.env HTTP/1.1" 404 6603 "-" "Mozilla/5.0 (Windows NT 6.1) AppleWebKit/537.36 (KHTML, like Gecko) Chrome/86.0.4240.183 Safari/537.36"
146.148.41.243 - - [08/Mar/2024:09:01:23 +0100] "GET /library/.env HTTP/1.1" 404 6603 "-" "Mozilla/5.0 (Windows NT 6.1) AppleWebKit/537.36 (KHTML, like Gecko) Chrome/86.0.4240.183 Safari/537.36"
146.148.41.243 - - [08/Mar/2024:09:01:24 +0100] "GET /new/.env HTTP/1.1" 404 6603 "-" "Mozilla/5.0 (Windows NT 6.1) AppleWebKit/537.36 (KHTML, like Gecko) Chrome/86.0.4240.183 Safari/537.36"
146.148.41.243 - - [08/Mar/2024:09:01:27 +0100] "GET /vendor/.env HTTP/1.1" 404 6603 "-" "Mozilla/5.0 (Windows NT 6.1) AppleWebKit/537.36 (KHTML, like Gecko) Chrome/86.0.4240.183 Safari/537.36"
146.148.41.243 - - [08/Mar/2024:09:01:28 +0100] "GET /old/.env HTTP/1.1" 404 6603 "-" "Mozilla/5.0 (Windows NT 6.1) AppleWebKit/537.36 (KHTML, like Gecko) Chrome/86.0.4240.183 Safari/537.36"
146.148.41.243 - - [08/Mar/2024:09:01:29 +0100] "GET /local/.env HTTP/1.1" 404 6603 "-" "Mozilla/5.0 (Windows NT 6.1) AppleWebKit/537.36 (KHTML, like Gecko) Chrome/86.0.4240.183 Safari/537.36"
146.148.41.243 - - [08/Mar/2024:09:01:31 +0100] "GET /api/.env HTTP/1.1" 404 6603 "-" "Mozilla/5.0 (Windows NT 6.1) AppleWebKit/537.36 (KHTML, like Gecko) Chrome/86.0.4240.183 Safari/537.36"
146.148.41.243 - - [08/Mar/2024:09:01:32 +0100] "GET /blog/.env HTTP/1.1" 404 6603 "-" "Mozilla/5.0 (Windows NT 6.1) AppleWebKit/537.36 (KHTML, like Gecko) Chrome/86.0.4240.183 Safari/537.36"
102.91.0.94 - - [08/Mar/2024:09:00:55 +0100] "POST /livewire/update HTTP/1.1" 200 353544 "http://207.154.204.54/admin/staff?tableSearch=1" "Mozilla/5.0 (Windows NT 10.0; Win64; x64) AppleWebKit/537.36 (KHTML, like Gecko) Chrome/122.0.0.0 Safari/537.36"
146.148.41.243 - - [08/Mar/2024:09:01:35 +0100] "GET /crm/.env HTTP/1.1" 404 6603 "-" "Mozilla/5.0 (Windows NT 6.1) AppleWebKit/537.36 (KHTML, like Gecko) Chrome/86.0.4240.183 Safari/537.36"
146.148.41.243 - - [08/Mar/2024:09:01:36 +0100] "GET /admin/.env HTTP/1.1" 404 6603 "-" "Mozilla/5.0 (Windows NT 6.1) AppleWebKit/537.36 (KHTML, like Gecko) Chrome/86.0.4240.183 Safari/537.36"
146.148.41.243 - - [08/Mar/2024:09:01:40 +0100] "GET /laravel/.env HTTP/1.1" 404 6603 "-" "Mozilla/5.0 (Windows NT 6.1) AppleWebKit/537.36 (KHTML, like Gecko) Chrome/86.0.4240.183 Safari/537.36"
102.91.0.94 - - [08/Mar/2024:09:01:38 +0100] "POST /livewire/update HTTP/1.1" 200 206195 "http://207.154.204.54/admin/staff?tableSearch=19220" "Mozilla/5.0 (Windows NT 10.0; Win64; x64) AppleWebKit/537.36 (KHTML, like Gecko) Chrome/122.0.0.0 Safari/537.36"
146.148.41.243 - - [08/Mar/2024:09:01:41 +0100] "GET /app/.env HTTP/1.1" 404 6603 "-" "Mozilla/5.0 (Windows NT 6.1) AppleWebKit/537.36 (KHTML, like Gecko) Chrome/86.0.4240.183 Safari/537.36"
146.148.41.243 - - [08/Mar/2024:09:01:43 +0100] "GET /app/config/.env HTTP/1.1" 404 6603 "-" "Mozilla/5.0 (Windows NT 6.1) AppleWebKit/537.36 (KHTML, like Gecko) Chrome/86.0.4240.183 Safari/537.36"
146.148.41.243 - - [08/Mar/2024:09:01:43 +0100] "GET /apps/.env HTTP/1.1" 404 6603 "-" "Mozilla/5.0 (Windows NT 6.1) AppleWebKit/537.36 (KHTML, like Gecko) Chrome/86.0.4240.183 Safari/537.36"
146.148.41.243 - - [08/Mar/2024:09:01:45 +0100] "GET /audio/.env HTTP/1.1" 404 6603 "-" "Mozilla/5.0 (Windows NT 6.1) AppleWebKit/537.36 (KHTML, like Gecko) Chrome/86.0.4240.183 Safari/537.36"
146.148.41.243 - - [08/Mar/2024:09:01:47 +0100] "GET /cgi-bin/.env HTTP/1.1" 404 196 "-" "Mozilla/5.0 (Windows NT 6.1) AppleWebKit/537.36 (KHTML, like Gecko) Chrome/86.0.4240.183 Safari/537.36"
146.148.41.243 - - [08/Mar/2024:09:01:48 +0100] "GET /backend/.env HTTP/1.1" 404 6603 "-" "Mozilla/5.0 (Windows NT 6.1) AppleWebKit/537.36 (KHTML, like Gecko) Chrome/86.0.4240.183 Safari/537.36"
146.148.41.243 - - [08/Mar/2024:09:01:50 +0100] "GET /src/.env HTTP/1.1" 404 6603 "-" "Mozilla/5.0 (Windows NT 6.1) AppleWebKit/537.36 (KHTML, like Gecko) Chrome/86.0.4240.183 Safari/537.36"
146.148.41.243 - - [08/Mar/2024:09:01:50 +0100] "GET /base/.env HTTP/1.1" 404 6603 "-" "Mozilla/5.0 (Windows NT 6.1) AppleWebKit/537.36 (KHTML, like Gecko) Chrome/86.0.4240.183 Safari/537.36"
146.148.41.243 - - [08/Mar/2024:09:01:53 +0100] "GET /core/.env HTTP/1.1" 404 6603 "-" "Mozilla/5.0 (Windows NT 6.1) AppleWebKit/537.36 (KHTML, like Gecko) Chrome/86.0.4240.183 Safari/537.36"
146.148.41.243 - - [08/Mar/2024:09:01:54 +0100] "GET /vendor/laravel/.env HTTP/1.1" 404 6603 "-" "Mozilla/5.0 (Windows NT 6.1) AppleWebKit/537.36 (KHTML, like Gecko) Chrome/86.0.4240.183 Safari/537.36"
146.148.41.243 - - [08/Mar/2024:09:01:56 +0100] "GET /storage/.env HTTP/1.1" 404 6603 "-" "Mozilla/5.0 (Windows NT 6.1) AppleWebKit/537.36 (KHTML, like Gecko) Chrome/86.0.4240.183 Safari/537.36"
146.148.41.243 - - [08/Mar/2024:09:01:58 +0100] "GET /protected/.env HTTP/1.1" 404 6603 "-" "Mozilla/5.0 (Windows NT 6.1) AppleWebKit/537.36 (KHTML, like Gecko) Chrome/86.0.4240.183 Safari/537.36"
146.148.41.243 - - [08/Mar/2024:09:02:00 +0100] "GET /newsite/.env HTTP/1.1" 404 6603 "-" "Mozilla/5.0 (Windows NT 6.1) AppleWebKit/537.36 (KHTML, like Gecko) Chrome/86.0.4240.183 Safari/537.36"
146.148.41.243 - - [08/Mar/2024:09:02:02 +0100] "GET /www/.env HTTP/1.1" 404 6603 "-" "Mozilla/5.0 (Windows NT 6.1) AppleWebKit/537.36 (KHTML, like Gecko) Chrome/86.0.4240.183 Safari/537.36"
146.148.41.243 - - [08/Mar/2024:09:02:04 +0100] "GET /sites/all/libraries/mailchimp/.env HTTP/1.1" 404 6603 "-" "Mozilla/5.0 (Windows NT 6.1) AppleWebKit/537.36 (KHTML, like Gecko) Chrome/86.0.4240.183 Safari/537.36"
146.148.41.243 - - [08/Mar/2024:09:02:05 +0100] "GET /database/.env HTTP/1.1" 404 6603 "-" "Mozilla/5.0 (Windows NT 6.1) AppleWebKit/537.36 (KHTML, like Gecko) Chrome/86.0.4240.183 Safari/537.36"
146.148.41.243 - - [08/Mar/2024:09:02:07 +0100] "GET /public/.env HTTP/1.1" 404 6603 "-" "Mozilla/5.0 (Windows NT 6.1) AppleWebKit/537.36 (KHTML, like Gecko) Chrome/86.0.4240.183 Safari/537.36"
146.148.41.243 - - [08/Mar/2024:09:02:09 +0100] "GET /207.154.204.54/.env HTTP/1.1" 404 6603 "-" "Mozilla/5.0 (Windows NT 6.1) AppleWebKit/537.36 (KHTML, like Gecko) Chrome/86.0.4240.183 Safari/537.36"
146.148.41.243 - - [08/Mar/2024:09:02:10 +0100] "POST / HTTP/1.1" 405 1011 "-" "Mozilla/5.0 (Windows NT 6.1) AppleWebKit/537.36 (KHTML, like Gecko) Chrome/86.0.4240.183 Safari/537.36"
146.148.41.243 - - [08/Mar/2024:09:02:12 +0100] "GET /vendor/phpunit/phpunit/src/Util/PHP/eval-stdin.php HTTP/1.1" 404 6603 "-" "Mozilla/5.0 (Windows NT 6.1) AppleWebKit/537.36 (KHTML, like Gecko) Chrome/86.0.4240.183 Safari/537.36"
102.91.0.94 - - [08/Mar/2024:09:03:58 +0100] "-" 408 - "-" "-"
102.91.0.94 - - [08/Mar/2024:09:03:05 +0100] "GET /admin/salaries HTTP/1.1" 200 486451 "http://207.154.204.54/admin/staff?tableSearch=19220" "Mozilla/5.0 (Windows NT 10.0; Win64; x64) AppleWebKit/537.36 (KHTML, like Gecko) Chrome/122.0.0.0 Safari/537.36"
102.91.0.94 - - [08/Mar/2024:09:04:04 +0100] "GET /admin/staff/1779 HTTP/1.1" 200 438089 "http://207.154.204.54/admin/staff?tableSearch=19220" "Mozilla/5.0 (Windows NT 10.0; Win64; x64) AppleWebKit/537.36 (KHTML, like Gecko) Chrome/122.0.0.0 Safari/537.36"
80.94.92.60 - - [08/Mar/2024:09:04:58 +0100] "GET / HTTP/1.1" 302 354 "-" "Mozilla/5.0 (Windows NT 10.0; Win64; x64) AppleWebKit/537.36 (KHTML, like Gecko) Chrome/90.0.4430.85 Safari/537.36 Edg/90.0.818.46"
102.91.0.94 - - [08/Mar/2024:09:04:15 +0100] "GET /admin/staff/1779/edit HTTP/1.1" 200 436668 "http://207.154.204.54/admin/staff?tableSearch=19220" "Mozilla/5.0 (Windows NT 10.0; Win64; x64) AppleWebKit/537.36 (KHTML, like Gecko) Chrome/122.0.0.0 Safari/537.36"
102.91.0.94 - - [08/Mar/2024:09:04:48 +0100] "POST /livewire/update HTTP/1.1" 200 424026 "http://207.154.204.54/admin/salaries" "Mozilla/5.0 (Windows NT 10.0; Win64; x64) AppleWebKit/537.36 (KHTML, like Gecko) Chrome/122.0.0.0 Safari/537.36"
102.91.0.94 - - [08/Mar/2024:09:05:57 +0100] "POST /livewire/update HTTP/1.1" 200 40685 "http://207.154.204.54/admin/staff/1779/edit" "Mozilla/5.0 (Windows NT 10.0; Win64; x64) AppleWebKit/537.36 (KHTML, like Gecko) Chrome/122.0.0.0 Safari/537.36"
102.91.0.94 - - [08/Mar/2024:09:05:57 +0100] "POST /livewire/update HTTP/1.1" 200 424026 "http://207.154.204.54/admin/staff/1779/edit" "Mozilla/5.0 (Windows NT 10.0; Win64; x64) AppleWebKit/537.36 (KHTML, like Gecko) Chrome/122.0.0.0 Safari/537.36"
102.91.0.94 - - [08/Mar/2024:09:08:03 +0100] "GET /admin/dashboard HTTP/1.1" 200 112030 "http://207.154.204.54/admin/staff/1779/edit" "Mozilla/5.0 (Windows NT 10.0; Win64; x64) AppleWebKit/537.36 (KHTML, like Gecko) Chrome/122.0.0.0 Safari/537.36"
102.91.0.94 - - [08/Mar/2024:09:07:19 +0100] "GET /admin/staff HTTP/1.1" 200 212968 "http://207.154.204.54/admin/staff/1779/edit" "Mozilla/5.0 (Windows NT 10.0; Win64; x64) AppleWebKit/537.36 (KHTML, like Gecko) Chrome/122.0.0.0 Safari/537.36"
102.91.0.94 - - [08/Mar/2024:09:09:45 +0100] "GET /admin/dashboard HTTP/1.1" 200 112030 "http://207.154.204.54/login" "Mozilla/5.0 (Windows NT 10.0; Win64; x64) AppleWebKit/537.36 (KHTML, like Gecko) Chrome/122.0.0.0 Safari/537.36"
102.91.0.94 - - [08/Mar/2024:09:09:47 +0100] "GET /rappasoft/laravel-livewire-tables/core.min.css HTTP/1.1" 304 - "http://207.154.204.54/admin/dashboard" "Mozilla/5.0 (Windows NT 10.0; Win64; x64) AppleWebKit/537.36 (KHTML, like Gecko) Chrome/122.0.0.0 Safari/537.36"
102.91.0.94 - - [08/Mar/2024:09:09:47 +0100] "GET /rappasoft/laravel-livewire-tables/thirdparty.css HTTP/1.1" 304 - "http://207.154.204.54/admin/dashboard" "Mozilla/5.0 (Windows NT 10.0; Win64; x64) AppleWebKit/537.36 (KHTML, like Gecko) Chrome/122.0.0.0 Safari/537.36"
102.91.0.94 - - [08/Mar/2024:09:09:48 +0100] "GET /rappasoft/laravel-livewire-tables/core.min.js HTTP/1.1" 304 - "http://207.154.204.54/admin/dashboard" "Mozilla/5.0 (Windows NT 10.0; Win64; x64) AppleWebKit/537.36 (KHTML, like Gecko) Chrome/122.0.0.0 Safari/537.36"
102.91.0.94 - - [08/Mar/2024:09:09:48 +0100] "GET /rappasoft/laravel-livewire-tables/thirdparty.min.js HTTP/1.1" 304 - "http://207.154.204.54/admin/dashboard" "Mozilla/5.0 (Windows NT 10.0; Win64; x64) AppleWebKit/537.36 (KHTML, like Gecko) Chrome/122.0.0.0 Safari/537.36"
102.91.0.94 - - [08/Mar/2024:09:10:21 +0100] "GET /admin/payrolls HTTP/1.1" 200 188259 "http://207.154.204.54/admin/dashboard" "Mozilla/5.0 (Windows NT 10.0; Win64; x64) AppleWebKit/537.36 (KHTML, like Gecko) Chrome/122.0.0.0 Safari/537.36"
102.91.0.94 - - [08/Mar/2024:09:11:14 +0100] "-" 408 - "-" "-"
102.91.0.94 - - [08/Mar/2024:09:11:53 +0100] "POST /livewire/update HTTP/1.1" 500 6609 "http://207.154.204.54/admin/payrolls" "Mozilla/5.0 (Windows NT 10.0; Win64; x64) AppleWebKit/537.36 (KHTML, like Gecko) Chrome/122.0.0.0 Safari/537.36"
102.91.0.94 - - [08/Mar/2024:09:12:10 +0100] "GET /admin/pay-roll HTTP/1.1" 200 100930 "http://207.154.204.54/admin/payrolls" "Mozilla/5.0 (Windows NT 10.0; Win64; x64) AppleWebKit/537.36 (KHTML, like Gecko) Chrome/122.0.0.0 Safari/537.36"
102.91.0.94 - - [08/Mar/2024:09:12:33 +0100] "GET /admin/staff HTTP/1.1" 200 412378 "http://207.154.204.54/admin/pay-roll" "Mozilla/5.0 (Windows NT 10.0; Win64; x64) AppleWebKit/537.36 (KHTML, like Gecko) Chrome/122.0.0.0 Safari/537.36"
104.152.52.105 - - [08/Mar/2024:09:12:58 +0100] "GET / HTTP/1.0" 301 237 "-" "masscan/1.3 (https://github.com/robertdavidgraham/masscan)"
102.91.0.94 - - [08/Mar/2024:09:13:08 +0100] "GET /admin/staff/279 HTTP/1.1" 200 438068 "http://207.154.204.54/admin/staff" "Mozilla/5.0 (Windows NT 10.0; Win64; x64) AppleWebKit/537.36 (KHTML, like Gecko) Chrome/122.0.0.0 Safari/537.36"
102.91.0.94 - - [08/Mar/2024:09:14:05 +0100] "POST /livewire/update HTTP/1.1" 200 26953 "http://207.154.204.54/admin/staff/279" "Mozilla/5.0 (Windows NT 10.0; Win64; x64) AppleWebKit/537.36 (KHTML, like Gecko) Chrome/122.0.0.0 Safari/537.36"
105.112.116.153 - - [08/Mar/2024:09:14:56 +0100] "GET / HTTP/1.1" 302 354 "-" "Mozilla/5.0 (Windows NT 10.0; Win64; x64) AppleWebKit/537.36 (KHTML, like Gecko) Chrome/119.0.0.0 Safari/537.36"
102.91.0.94 - - [08/Mar/2024:09:14:57 +0100] "-" 408 - "-" "-"
105.112.116.153 - - [08/Mar/2024:09:14:57 +0100] "GET / HTTP/1.1" 302 354 "-" "Mozilla/5.0 (Windows NT 10.0; Win64; x64) AppleWebKit/537.36 (KHTML, like Gecko) Chrome/119.0.0.0 Safari/537.36"
105.112.116.153 - - [08/Mar/2024:09:14:58 +0100] "GET /login HTTP/1.1" 200 3583 "-" "Mozilla/5.0 (Windows NT 10.0; Win64; x64) AppleWebKit/537.36 (KHTML, like Gecko) Chrome/119.0.0.0 Safari/537.36"
105.112.116.153 - - [08/Mar/2024:09:14:59 +0100] "GET /rappasoft/laravel-livewire-tables/core.min.css HTTP/1.1" 200 9576 "http://207.154.204.54/login" "Mozilla/5.0 (Windows NT 10.0; Win64; x64) AppleWebKit/537.36 (KHTML, like Gecko) Chrome/119.0.0.0 Safari/537.36"
105.112.116.153 - - [08/Mar/2024:09:14:59 +0100] "GET /rappasoft/laravel-livewire-tables/thirdparty.css HTTP/1.1" 200 15553 "http://207.154.204.54/login" "Mozilla/5.0 (Windows NT 10.0; Win64; x64) AppleWebKit/537.36 (KHTML, like Gecko) Chrome/119.0.0.0 Safari/537.36"
105.112.116.153 - - [08/Mar/2024:09:14:59 +0100] "GET /css/app.css HTTP/1.1" 200 58659 "http://207.154.204.54/login" "Mozilla/5.0 (Windows NT 10.0; Win64; x64) AppleWebKit/537.36 (KHTML, like Gecko) Chrome/119.0.0.0 Safari/537.36"
105.112.116.153 - - [08/Mar/2024:09:14:59 +0100] "GET /rappasoft/laravel-livewire-tables/core.min.js HTTP/1.1" 200 6436 "http://207.154.204.54/login" "Mozilla/5.0 (Windows NT 10.0; Win64; x64) AppleWebKit/537.36 (KHTML, like Gecko) Chrome/119.0.0.0 Safari/537.36"
105.112.116.153 - - [08/Mar/2024:09:14:59 +0100] "GET /rappasoft/laravel-livewire-tables/thirdparty.min.js HTTP/1.1" 200 58061 "http://207.154.204.54/login" "Mozilla/5.0 (Windows NT 10.0; Win64; x64) AppleWebKit/537.36 (KHTML, like Gecko) Chrome/119.0.0.0 Safari/537.36"
105.112.116.153 - - [08/Mar/2024:09:14:59 +0100] "GET /images/logo.png HTTP/1.1" 200 97155 "http://207.154.204.54/login" "Mozilla/5.0 (Windows NT 10.0; Win64; x64) AppleWebKit/537.36 (KHTML, like Gecko) Chrome/119.0.0.0 Safari/537.36"
105.112.116.153 - - [08/Mar/2024:09:15:00 +0100] "GET /js/app.js HTTP/1.1" 200 1031398 "http://207.154.204.54/login" "Mozilla/5.0 (Windows NT 10.0; Win64; x64) AppleWebKit/537.36 (KHTML, like Gecko) Chrome/119.0.0.0 Safari/537.36"
105.112.116.153 - - [08/Mar/2024:09:15:02 +0100] "GET /favicon.ico HTTP/1.1" 200 - "http://207.154.204.54/login" "Mozilla/5.0 (Windows NT 10.0; Win64; x64) AppleWebKit/537.36 (KHTML, like Gecko) Chrome/119.0.0.0 Safari/537.36"
105.112.116.153 - - [08/Mar/2024:09:15:36 +0100] "POST /login HTTP/1.1" 302 354 "http://207.154.204.54/login" "Mozilla/5.0 (Windows NT 10.0; Win64; x64) AppleWebKit/537.36 (KHTML, like Gecko) Chrome/119.0.0.0 Safari/537.36"
105.112.116.153 - - [08/Mar/2024:09:15:36 +0100] "GET /admin HTTP/1.1" 302 394 "http://207.154.204.54/login" "Mozilla/5.0 (Windows NT 10.0; Win64; x64) AppleWebKit/537.36 (KHTML, like Gecko) Chrome/119.0.0.0 Safari/537.36"
105.112.116.153 - - [08/Mar/2024:09:15:39 +0100] "POST /login HTTP/1.1" 419 6609 "http://207.154.204.54/login" "Mozilla/5.0 (Windows NT 10.0; Win64; x64) AppleWebKit/537.36 (KHTML, like Gecko) Chrome/119.0.0.0 Safari/537.36"
102.91.0.94 - - [08/Mar/2024:09:15:37 +0100] "POST /livewire/update HTTP/1.1" 200 377388 "http://207.154.204.54/admin/staff/279" "Mozilla/5.0 (Windows NT 10.0; Win64; x64) AppleWebKit/537.36 (KHTML, like Gecko) Chrome/122.0.0.0 Safari/537.36"
105.112.116.153 - - [08/Mar/2024:09:15:50 +0100] "POST /login HTTP/1.1" 419 6609 "http://207.154.204.54/login" "Mozilla/5.0 (Windows NT 10.0; Win64; x64) AppleWebKit/537.36 (KHTML, like Gecko) Chrome/119.0.0.0 Safari/537.36"
105.112.116.153 - - [08/Mar/2024:09:15:57 +0100] "POST /login HTTP/1.1" 419 6609 "http://207.154.204.54/login" "Mozilla/5.0 (Windows NT 10.0; Win64; x64) AppleWebKit/537.36 (KHTML, like Gecko) Chrome/119.0.0.0 Safari/537.36"
105.112.116.153 - - [08/Mar/2024:09:16:03 +0100] "POST /login HTTP/1.1" 419 6609 "http://207.154.204.54/login" "Mozilla/5.0 (Windows NT 10.0; Win64; x64) AppleWebKit/537.36 (KHTML, like Gecko) Chrome/119.0.0.0 Safari/537.36"
105.112.116.153 - - [08/Mar/2024:09:16:11 +0100] "POST /login HTTP/1.1" 429 6619 "http://207.154.204.54/login" "Mozilla/5.0 (Windows NT 10.0; Win64; x64) AppleWebKit/537.36 (KHTML, like Gecko) Chrome/119.0.0.0 Safari/537.36"
105.112.116.153 - - [08/Mar/2024:09:16:28 +0100] "POST /login HTTP/1.1" 429 6619 "http://207.154.204.54/login" "Mozilla/5.0 (Windows NT 10.0; Win64; x64) AppleWebKit/537.36 (KHTML, like Gecko) Chrome/119.0.0.0 Safari/537.36"
102.91.0.94 - - [08/Mar/2024:09:16:29 +0100] "-" 408 - "-" "-"
105.112.116.153 - - [08/Mar/2024:09:16:56 +0100] "POST /login HTTP/1.1" 419 6609 "http://207.154.204.54/login" "Mozilla/5.0 (Windows NT 10.0; Win64; x64) AppleWebKit/537.36 (KHTML, like Gecko) Chrome/119.0.0.0 Safari/537.36"
105.112.116.153 - - [08/Mar/2024:09:17:04 +0100] "GET /login HTTP/1.1" 302 354 "-" "Mozilla/5.0 (Windows NT 10.0; Win64; x64) AppleWebKit/537.36 (KHTML, like Gecko) Chrome/119.0.0.0 Safari/537.36"
105.112.116.153 - - [08/Mar/2024:09:17:04 +0100] "GET /admin HTTP/1.1" 302 394 "-" "Mozilla/5.0 (Windows NT 10.0; Win64; x64) AppleWebKit/537.36 (KHTML, like Gecko) Chrome/119.0.0.0 Safari/537.36"
105.112.116.153 - - [08/Mar/2024:09:17:05 +0100] "GET /admin/dashboard HTTP/1.1" 200 112028 "-" "Mozilla/5.0 (Windows NT 10.0; Win64; x64) AppleWebKit/537.36 (KHTML, like Gecko) Chrome/119.0.0.0 Safari/537.36"
105.112.116.153 - - [08/Mar/2024:09:17:08 +0100] "GET /css/filament/forms/forms.css?v=3.2.35.0 HTTP/1.1" 200 86576 "http://207.154.204.54/admin/dashboard" "Mozilla/5.0 (Windows NT 10.0; Win64; x64) AppleWebKit/537.36 (KHTML, like Gecko) Chrome/119.0.0.0 Safari/537.36"
105.112.116.153 - - [08/Mar/2024:09:17:08 +0100] "GET /css/filament-activity-log/filament-activity-log-styles.css?v=3.2.35.0 HTTP/1.1" 200 3661 "http://207.154.204.54/admin/dashboard" "Mozilla/5.0 (Windows NT 10.0; Win64; x64) AppleWebKit/537.36 (KHTML, like Gecko) Chrome/119.0.0.0 Safari/537.36"
105.112.116.153 - - [08/Mar/2024:09:17:08 +0100] "GET /css/filament/support/support.css?v=3.2.35.0 HTTP/1.1" 200 3147 "http://207.154.204.54/admin/dashboard" "Mozilla/5.0 (Windows NT 10.0; Win64; x64) AppleWebKit/537.36 (KHTML, like Gecko) Chrome/119.0.0.0 Safari/537.36"
105.112.116.153 - - [08/Mar/2024:09:17:08 +0100] "GET /css/filament-daterangepicker-filter/filament-daterangepicker-filter2.3.1.0.css?v=3.2.35.0 HTTP/1.1" 200 12215 "http://207.154.204.54/admin/dashboard" "Mozilla/5.0 (Windows NT 10.0; Win64; x64) AppleWebKit/537.36 (KHTML, like Gecko) Chrome/119.0.0.0 Safari/537.36"
105.112.116.153 - - [08/Mar/2024:09:17:08 +0100] "GET /css/filament/filament/app.css?v=3.2.35.0 HTTP/1.1" 200 103275 "http://207.154.204.54/admin/dashboard" "Mozilla/5.0 (Windows NT 10.0; Win64; x64) AppleWebKit/537.36 (KHTML, like Gecko) Chrome/119.0.0.0 Safari/537.36"
105.112.116.153 - - [08/Mar/2024:09:17:12 +0100] "GET /admin/dashboard HTTP/1.1" 200 112028 "-" "Mozilla/5.0 (Windows NT 10.0; Win64; x64) AppleWebKit/537.36 (KHTML, like Gecko) Chrome/119.0.0.0 Safari/537.36"
105.112.116.153 - - [08/Mar/2024:09:17:28 +0100] "GET /css/filament/forms/forms.css?v=3.2.35.0 HTTP/1.1" 206 1 "http://207.154.204.54/admin/dashboard" "Mozilla/5.0 (Windows NT 10.0; Win64; x64) AppleWebKit/537.36 (KHTML, like Gecko) Chrome/119.0.0.0 Safari/537.36"
105.112.116.153 - - [08/Mar/2024:09:17:28 +0100] "GET /css/filament/filament/app.css?v=3.2.35.0 HTTP/1.1" 206 1 "http://207.154.204.54/admin/dashboard" "Mozilla/5.0 (Windows NT 10.0; Win64; x64) AppleWebKit/537.36 (KHTML, like Gecko) Chrome/119.0.0.0 Safari/537.36"
105.112.116.153 - - [08/Mar/2024:09:17:28 +0100] "GET /css/filament/forms/forms.css?v=3.2.35.0 HTTP/1.1" 206 44886 "http://207.154.204.54/admin/dashboard" "Mozilla/5.0 (Windows NT 10.0; Win64; x64) AppleWebKit/537.36 (KHTML, like Gecko) Chrome/119.0.0.0 Safari/537.36"
105.112.116.153 - - [08/Mar/2024:09:17:28 +0100] "GET /css/filament/filament/app.css?v=3.2.35.0 HTTP/1.1" 206 89586 "http://207.154.204.54/admin/dashboard" "Mozilla/5.0 (Windows NT 10.0; Win64; x64) AppleWebKit/537.36 (KHTML, like Gecko) Chrome/119.0.0.0 Safari/537.36"
105.112.116.153 - - [08/Mar/2024:09:17:30 +0100] "GET /js/filament/notifications/notifications.js?v=3.2.35.0 HTTP/1.1" 200 6921 "http://207.154.204.54/admin/dashboard" "Mozilla/5.0 (Windows NT 10.0; Win64; x64) AppleWebKit/537.36 (KHTML, like Gecko) Chrome/119.0.0.0 Safari/537.36"
105.112.116.153 - - [08/Mar/2024:09:17:30 +0100] "GET /js/filament/support/async-alpine.js?v=3.2.35.0 HTTP/1.1" 200 5266 "http://207.154.204.54/admin/dashboard" "Mozilla/5.0 (Windows NT 10.0; Win64; x64) AppleWebKit/537.36 (KHTML, like Gecko) Chrome/119.0.0.0 Safari/537.36"
102.91.0.94 - - [08/Mar/2024:09:17:29 +0100] "POST /livewire/update HTTP/1.1" 200 362221 "http://207.154.204.54/admin/staff?tableSearch=34" "Mozilla/5.0 (Windows NT 10.0; Win64; x64) AppleWebKit/537.36 (KHTML, like Gecko) Chrome/122.0.0.0 Safari/537.36"
102.91.0.94 - - [08/Mar/2024:09:17:33 +0100] "POST /livewire/update HTTP/1.1" 200 155399 "http://207.154.204.54/admin/staff?tableSearch=34934" "Mozilla/5.0 (Windows NT 10.0; Win64; x64) AppleWebKit/537.36 (KHTML, like Gecko) Chrome/122.0.0.0 Safari/537.36"
105.112.116.153 - - [08/Mar/2024:09:17:35 +0100] "GET /js/filament/support/support.js?v=3.2.35.0 HTTP/1.1" 200 129791 "http://207.154.204.54/admin/dashboard" "Mozilla/5.0 (Windows NT 10.0; Win64; x64) AppleWebKit/537.36 (KHTML, like Gecko) Chrome/119.0.0.0 Safari/537.36"
105.112.116.153 - - [08/Mar/2024:09:17:35 +0100] "GET /js/filament-activity-log/filament-activity-log-scripts.js?v=3.2.35.0 HTTP/1.1" 200 21903 "http://207.154.204.54/admin/dashboard" "Mozilla/5.0 (Windows NT 10.0; Win64; x64) AppleWebKit/537.36 (KHTML, like Gecko) Chrome/119.0.0.0 Safari/537.36"
105.112.116.153 - - [08/Mar/2024:09:17:38 +0100] "GET /js/filament/filament/echo.js?v=3.2.35.0 HTTP/1.1" 200 91080 "http://207.154.204.54/admin/dashboard" "Mozilla/5.0 (Windows NT 10.0; Win64; x64) AppleWebKit/537.36 (KHTML, like Gecko) Chrome/119.0.0.0 Safari/537.36"
105.112.116.153 - - [08/Mar/2024:09:17:38 +0100] "GET /js/filament/filament/app.js?v=3.2.35.0 HTTP/1.1" 200 7776 "http://207.154.204.54/admin/dashboard" "Mozilla/5.0 (Windows NT 10.0; Win64; x64) AppleWebKit/537.36 (KHTML, like Gecko) Chrome/119.0.0.0 Safari/537.36"
105.112.116.153 - - [08/Mar/2024:09:17:38 +0100] "GET /livewire/livewire.min.js?id=6b5eb707 HTTP/1.1" 200 138381 "http://207.154.204.54/admin/dashboard" "Mozilla/5.0 (Windows NT 10.0; Win64; x64) AppleWebKit/537.36 (KHTML, like Gecko) Chrome/119.0.0.0 Safari/537.36"
105.112.116.153 - - [08/Mar/2024:09:17:35 +0100] "GET /js/filament-daterangepicker-filter/filament-daterangepicker-filter2.3.1.0.js?v=3.2.35.0 HTTP/1.1" 200 423309 "http://207.154.204.54/admin/dashboard" "Mozilla/5.0 (Windows NT 10.0; Win64; x64) AppleWebKit/537.36 (KHTML, like Gecko) Chrome/119.0.0.0 Safari/537.36"
105.112.116.153 - - [08/Mar/2024:09:17:51 +0100] "GET /admin/staff HTTP/1.1" 200 412376 "http://207.154.204.54/admin/dashboard" "Mozilla/5.0 (Windows NT 10.0; Win64; x64) AppleWebKit/537.36 (KHTML, like Gecko) Chrome/119.0.0.0 Safari/537.36"
105.112.116.153 - - [08/Mar/2024:09:17:54 +0100] "GET /js/filament/tables/components/table.js?v=3.2.35.0 HTTP/1.1" 200 2294 "http://207.154.204.54/js/filament/support/async-alpine.js?v=3.2.35.0" "Mozilla/5.0 (Windows NT 10.0; Win64; x64) AppleWebKit/537.36 (KHTML, like Gecko) Chrome/119.0.0.0 Safari/537.36"
105.112.116.153 - - [08/Mar/2024:09:17:55 +0100] "GET /js/filament/forms/components/select.js?v=3.2.35.0 HTTP/1.1" 200 97204 "http://207.154.204.54/js/filament/support/async-alpine.js?v=3.2.35.0" "Mozilla/5.0 (Windows NT 10.0; Win64; x64) AppleWebKit/537.36 (KHTML, like Gecko) Chrome/119.0.0.0 Safari/537.36"
102.91.0.94 - - [08/Mar/2024:09:17:46 +0100] "GET /admin/staff/315/edit HTTP/1.1" 200 436697 "http://207.154.204.54/admin/staff?tableSearch=34934" "Mozilla/5.0 (Windows NT 10.0; Win64; x64) AppleWebKit/537.36 (KHTML, like Gecko) Chrome/122.0.0.0 Safari/537.36"
102.91.0.94 - - [08/Mar/2024:09:17:46 +0100] "GET /admin/staff/281 HTTP/1.1" 200 438088 "http://207.154.204.54/admin/staff?tableSearch=34934" "Mozilla/5.0 (Windows NT 10.0; Win64; x64) AppleWebKit/537.36 (KHTML, like Gecko) Chrome/122.0.0.0 Safari/537.36"
105.112.116.153 - - [08/Mar/2024:09:18:32 +0100] "POST /livewire/update HTTP/1.1" 200 371009 "http://207.154.204.54/admin/staff?tableFilters[agency_id][values][0]=37&tableFilters[suspended][isActive]=false&tableFilters[retired][isActive]=false&tableFilters[deceased][isActive]=false&tableFilters[student][isActive]=false&tableFilters[senior_citizen][isActive]=false" "Mozilla/5.0 (Windows NT 10.0; Win64; x64) AppleWebKit/537.36 (KHTML, like Gecko) Chrome/119.0.0.0 Safari/537.36"
143.110.222.166 - - [08/Mar/2024:09:18:37 +0100] "GET / HTTP/1.1" 302 354 "-" "Mozilla/5.0 (iPhone; CPU iPhone OS 16_1 like Mac OS X) AppleWebKit/605.1.15 (KHTML, like Gecko) Version/16.1 Mobile/15E148 Safari/604.1"
102.91.0.94 - - [08/Mar/2024:09:18:50 +0100] "POST /livewire/update HTTP/1.1" 200 26953 "http://207.154.204.54/admin/staff/281" "Mozilla/5.0 (Windows NT 10.0; Win64; x64) AppleWebKit/537.36 (KHTML, like Gecko) Chrome/122.0.0.0 Safari/537.36"
105.112.116.153 - - [08/Mar/2024:09:19:31 +0100] "POST /livewire/update HTTP/1.1" 200 360065 "http://207.154.204.54/admin/staff?tableFilters[agency_id][values][0]=37&tableFilters[suspended][isActive]=false&tableFilters[retired][isActive]=false&tableFilters[deceased][isActive]=false&tableFilters[student][isActive]=false&tableFilters[senior_citizen][isActive]=false&tableSearch=za" "Mozilla/5.0 (Windows NT 10.0; Win64; x64) AppleWebKit/537.36 (KHTML, like Gecko) Chrome/119.0.0.0 Safari/537.36"
105.112.116.153 - - [08/Mar/2024:09:19:35 +0100] "POST /livewire/update HTTP/1.1" 200 310007 "http://207.154.204.54/admin/staff?tableFilters[agency_id][values][0]=37&tableFilters[suspended][isActive]=false&tableFilters[retired][isActive]=false&tableFilters[deceased][isActive]=false&tableFilters[student][isActive]=false&tableFilters[senior_citizen][isActive]=false&tableSearch=zanna+" "Mozilla/5.0 (Windows NT 10.0; Win64; x64) AppleWebKit/537.36 (KHTML, like Gecko) Chrome/119.0.0.0 Safari/537.36"
105.112.116.153 - - [08/Mar/2024:09:19:37 +0100] "POST /livewire/update HTTP/1.1" 200 191393 "http://207.154.204.54/admin/staff?tableFilters[agency_id][values][0]=37&tableFilters[suspended][isActive]=false&tableFilters[retired][isActive]=false&tableFilters[deceased][isActive]=false&tableFilters[student][isActive]=false&tableFilters[senior_citizen][isActive]=false&tableSearch=zanna+isa" "Mozilla/5.0 (Windows NT 10.0; Win64; x64) AppleWebKit/537.36 (KHTML, like Gecko) Chrome/119.0.0.0 Safari/537.36"
102.91.0.94 - - [08/Mar/2024:09:19:42 +0100] "-" 408 - "-" "-"
105.112.116.153 - - [08/Mar/2024:09:19:46 +0100] "GET /admin/staff/8283/edit HTTP/1.1" 200 437204 "http://207.154.204.54/admin/staff?tableFilters[agency_id][values][0]=37&tableFilters[suspended][isActive]=false&tableFilters[retired][isActive]=false&tableFilters[deceased][isActive]=false&tableFilters[student][isActive]=false&tableFilters[senior_citizen][isActive]=false&tableSearch=zanna+isa" "Mozilla/5.0 (Windows NT 10.0; Win64; x64) AppleWebKit/537.36 (KHTML, like Gecko) Chrome/119.0.0.0 Safari/537.36"
102.91.0.94 - - [08/Mar/2024:09:20:07 +0100] "GET /admin/staff HTTP/1.1" 200 412378 "http://207.154.204.54/admin/dashboard" "Mozilla/5.0 (Windows NT 10.0; Win64; x64) AppleWebKit/537.36 (KHTML, like Gecko) Chrome/122.0.0.0 Safari/537.36"
105.112.116.153 - - [08/Mar/2024:09:21:53 +0100] "POST /livewire/update HTTP/1.1" 200 327640 "http://207.154.204.54/admin/staff/8283/edit" "Mozilla/5.0 (Windows NT 10.0; Win64; x64) AppleWebKit/537.36 (KHTML, like Gecko) Chrome/119.0.0.0 Safari/537.36"
105.112.118.163 - - [08/Mar/2024:09:25:09 +0100] "GET /login HTTP/1.1" 200 3583 "-" "Mozilla/5.0 (Windows NT 10.0; Win64; x64; rv:123.0) Gecko/20100101 Firefox/123.0"
105.112.118.163 - - [08/Mar/2024:09:25:10 +0100] "GET /rappasoft/laravel-livewire-tables/core.min.css HTTP/1.1" 200 9576 "http://207.154.204.54/login" "Mozilla/5.0 (Windows NT 10.0; Win64; x64; rv:123.0) Gecko/20100101 Firefox/123.0"
105.112.118.163 - - [08/Mar/2024:09:25:10 +0100] "GET /css/app.css HTTP/1.1" 200 58659 "http://207.154.204.54/login" "Mozilla/5.0 (Windows NT 10.0; Win64; x64; rv:123.0) Gecko/20100101 Firefox/123.0"
105.112.118.163 - - [08/Mar/2024:09:25:10 +0100] "GET /rappasoft/laravel-livewire-tables/thirdparty.css HTTP/1.1" 200 15553 "http://207.154.204.54/login" "Mozilla/5.0 (Windows NT 10.0; Win64; x64; rv:123.0) Gecko/20100101 Firefox/123.0"
105.112.118.163 - - [08/Mar/2024:09:25:11 +0100] "GET /images/logo.png HTTP/1.1" 200 97155 "http://207.154.204.54/login" "Mozilla/5.0 (Windows NT 10.0; Win64; x64; rv:123.0) Gecko/20100101 Firefox/123.0"
105.112.118.163 - - [08/Mar/2024:09:25:12 +0100] "GET /rappasoft/laravel-livewire-tables/core.min.js HTTP/1.1" 304 - "http://207.154.204.54/login" "Mozilla/5.0 (Windows NT 10.0; Win64; x64; rv:123.0) Gecko/20100101 Firefox/123.0"
105.112.118.163 - - [08/Mar/2024:09:25:12 +0100] "GET /rappasoft/laravel-livewire-tables/thirdparty.min.js HTTP/1.1" 304 - "http://207.154.204.54/login" "Mozilla/5.0 (Windows NT 10.0; Win64; x64; rv:123.0) Gecko/20100101 Firefox/123.0"
105.112.118.163 - - [08/Mar/2024:09:25:12 +0100] "GET /js/app.js HTTP/1.1" 304 - "http://207.154.204.54/login" "Mozilla/5.0 (Windows NT 10.0; Win64; x64; rv:123.0) Gecko/20100101 Firefox/123.0"
105.112.118.163 - - [08/Mar/2024:09:25:12 +0100] "GET /favicon.ico HTTP/1.1" 200 - "http://207.154.204.54/login" "Mozilla/5.0 (Windows NT 10.0; Win64; x64; rv:123.0) Gecko/20100101 Firefox/123.0"
105.112.118.163 - - [08/Mar/2024:09:25:45 +0100] "POST /login HTTP/1.1" 302 354 "http://207.154.204.54/login" "Mozilla/5.0 (Windows NT 10.0; Win64; x64; rv:123.0) Gecko/20100101 Firefox/123.0"
105.112.118.163 - - [08/Mar/2024:09:25:46 +0100] "GET /admin HTTP/1.1" 302 394 "http://207.154.204.54/login" "Mozilla/5.0 (Windows NT 10.0; Win64; x64; rv:123.0) Gecko/20100101 Firefox/123.0"
105.112.118.163 - - [08/Mar/2024:09:25:46 +0100] "GET /admin/dashboard HTTP/1.1" 200 112028 "http://207.154.204.54/login" "Mozilla/5.0 (Windows NT 10.0; Win64; x64; rv:123.0) Gecko/20100101 Firefox/123.0"
105.112.118.163 - - [08/Mar/2024:09:26:00 +0100] "GET /rappasoft/laravel-livewire-tables/core.min.css HTTP/1.1" 304 - "http://207.154.204.54/admin/dashboard" "Mozilla/5.0 (Windows NT 10.0; Win64; x64; rv:123.0) Gecko/20100101 Firefox/123.0"
105.112.118.163 - - [08/Mar/2024:09:26:00 +0100] "GET /rappasoft/laravel-livewire-tables/core.min.js HTTP/1.1" 304 - "http://207.154.204.54/admin/dashboard" "Mozilla/5.0 (Windows NT 10.0; Win64; x64; rv:123.0) Gecko/20100101 Firefox/123.0"
105.112.118.163 - - [08/Mar/2024:09:26:00 +0100] "GET /rappasoft/laravel-livewire-tables/thirdparty.min.js HTTP/1.1" 304 - "http://207.154.204.54/admin/dashboard" "Mozilla/5.0 (Windows NT 10.0; Win64; x64; rv:123.0) Gecko/20100101 Firefox/123.0"
105.112.118.163 - - [08/Mar/2024:09:26:00 +0100] "GET /rappasoft/laravel-livewire-tables/thirdparty.css HTTP/1.1" 304 - "http://207.154.204.54/admin/dashboard" "Mozilla/5.0 (Windows NT 10.0; Win64; x64; rv:123.0) Gecko/20100101 Firefox/123.0"
105.112.118.163 - - [08/Mar/2024:09:26:12 +0100] "GET /admin/staff HTTP/1.1" 200 412376 "http://207.154.204.54/admin/dashboard" "Mozilla/5.0 (Windows NT 10.0; Win64; x64; rv:123.0) Gecko/20100101 Firefox/123.0"
105.112.116.153 - - [08/Mar/2024:09:26:53 +0100] "POST /livewire/update HTTP/1.1" 200 40685 "http://207.154.204.54/admin/staff/8283/edit" "Mozilla/5.0 (Windows NT 10.0; Win64; x64) AppleWebKit/537.36 (KHTML, like Gecko) Chrome/119.0.0.0 Safari/537.36"
105.112.116.153 - - [08/Mar/2024:09:26:53 +0100] "POST /livewire/update HTTP/1.1" 200 387352 "http://207.154.204.54/admin/staff/8283/edit" "Mozilla/5.0 (Windows NT 10.0; Win64; x64) AppleWebKit/537.36 (KHTML, like Gecko) Chrome/119.0.0.0 Safari/537.36"
105.112.116.153 - - [08/Mar/2024:09:26:59 +0100] "POST /livewire/update HTTP/1.1" 200 424809 "http://207.154.204.54/admin/staff/8283/edit" "Mozilla/5.0 (Windows NT 10.0; Win64; x64) AppleWebKit/537.36 (KHTML, like Gecko) Chrome/119.0.0.0 Safari/537.36"
105.112.118.163 - - [08/Mar/2024:09:27:24 +0100] "POST /livewire/update HTTP/1.1" 200 359426 "http://207.154.204.54/admin/staff" "Mozilla/5.0 (Windows NT 10.0; Win64; x64; rv:123.0) Gecko/20100101 Firefox/123.0"
105.112.118.163 - - [08/Mar/2024:09:27:41 +0100] "POST /livewire/update HTTP/1.1" 200 352183 "http://207.154.204.54/admin/staff?page=2" "Mozilla/5.0 (Windows NT 10.0; Win64; x64; rv:123.0) Gecko/20100101 Firefox/123.0"
105.112.118.163 - - [08/Mar/2024:09:28:12 +0100] "POST /livewire/update HTTP/1.1" 200 359422 "http://207.154.204.54/admin/staff?page=2" "Mozilla/5.0 (Windows NT 10.0; Win64; x64; rv:123.0) Gecko/20100101 Firefox/123.0"
102.91.0.94 - - [08/Mar/2024:09:28:29 +0100] "GET /admin/dashboard HTTP/1.1" 200 112030 "http://207.154.204.54/login" "Mozilla/5.0 (Windows NT 10.0; Win64; x64) AppleWebKit/537.36 (KHTML, like Gecko) Chrome/122.0.0.0 Safari/537.36"
102.91.0.94 - - [08/Mar/2024:09:28:31 +0100] "GET /rappasoft/laravel-livewire-tables/core.min.css HTTP/1.1" 304 - "http://207.154.204.54/admin/dashboard" "Mozilla/5.0 (Windows NT 10.0; Win64; x64) AppleWebKit/537.36 (KHTML, like Gecko) Chrome/122.0.0.0 Safari/537.36"
102.91.0.94 - - [08/Mar/2024:09:28:31 +0100] "GET /rappasoft/laravel-livewire-tables/core.min.js HTTP/1.1" 304 - "http://207.154.204.54/admin/dashboard" "Mozilla/5.0 (Windows NT 10.0; Win64; x64) AppleWebKit/537.36 (KHTML, like Gecko) Chrome/122.0.0.0 Safari/537.36"
102.91.0.94 - - [08/Mar/2024:09:28:31 +0100] "GET /rappasoft/laravel-livewire-tables/thirdparty.css HTTP/1.1" 304 - "http://207.154.204.54/admin/dashboard" "Mozilla/5.0 (Windows NT 10.0; Win64; x64) AppleWebKit/537.36 (KHTML, like Gecko) Chrome/122.0.0.0 Safari/537.36"
102.91.0.94 - - [08/Mar/2024:09:28:32 +0100] "GET /rappasoft/laravel-livewire-tables/thirdparty.min.js HTTP/1.1" 304 - "http://207.154.204.54/admin/dashboard" "Mozilla/5.0 (Windows NT 10.0; Win64; x64) AppleWebKit/537.36 (KHTML, like Gecko) Chrome/122.0.0.0 Safari/537.36"
105.112.118.163 - - [08/Mar/2024:09:28:38 +0100] "POST /livewire/update HTTP/1.1" 200 361053 "http://207.154.204.54/admin/staff?tableFilters[agency_id][values][0]=5&tableFilters[suspended][isActive]=false&tableFilters[retired][isActive]=false&tableFilters[deceased][isActive]=false&tableFilters[student][isActive]=false&tableFilters[senior_citizen][isActive]=false" "Mozilla/5.0 (Windows NT 10.0; Win64; x64; rv:123.0) Gecko/20100101 Firefox/123.0"
57.129.23.166 - - [08/Mar/2024:09:29:02 +0100] "GET /.env HTTP/1.1" 404 6603 "-" "Mozilla/5.0 (X11; Linux x86_64) AppleWebKit/537.36 (KHTML, like Gecko) Chrome/81.0.4044.129 Safari/537.36"
57.129.23.166 - - [08/Mar/2024:09:29:02 +0100] "POST / HTTP/1.1" 405 1011 "-" "Mozilla/5.0 (X11; Linux x86_64) AppleWebKit/537.36 (KHTML, like Gecko) Chrome/81.0.4044.129 Safari/537.36"
198.199.95.88 - - [08/Mar/2024:09:29:07 +0100] "GET / HTTP/1.1" 302 354 "-" "Mozilla/5.0 zgrab/0.x"
105.112.118.163 - - [08/Mar/2024:09:29:19 +0100] "GET /admin/staff/1339/edit HTTP/1.1" 200 465051 "http://207.154.204.54/admin/staff?tableFilters[agency_id][values][0]=5&tableFilters[suspended][isActive]=false&tableFilters[retired][isActive]=false&tableFilters[deceased][isActive]=false&tableFilters[student][isActive]=false&tableFilters[senior_citizen][isActive]=false" "Mozilla/5.0 (Windows NT 10.0; Win64; x64; rv:123.0) Gecko/20100101 Firefox/123.0"
102.91.0.94 - - [08/Mar/2024:09:29:13 +0100] "GET /admin/staff HTTP/1.1" 200 412378 "http://207.154.204.54/admin/dashboard" "Mozilla/5.0 (Windows NT 10.0; Win64; x64) AppleWebKit/537.36 (KHTML, like Gecko) Chrome/122.0.0.0 Safari/537.36"
105.112.118.163 - - [08/Mar/2024:09:33:01 +0100] "POST /livewire/update HTTP/1.1" 200 68725 "http://207.154.204.54/admin/staff/1339/edit" "Mozilla/5.0 (Windows NT 10.0; Win64; x64; rv:123.0) Gecko/20100101 Firefox/123.0"
105.112.116.153 - - [08/Mar/2024:09:34:23 +0100] "GET /js/filament/tables/components/table.js?v=3.2.35.0 HTTP/1.1" 200 2294 "-" "Mozilla/5.0 (Windows NT 10.0; Win64; x64) AppleWebKit/537.36 (KHTML, like Gecko) Chrome/119.0.0.0 Safari/537.36"
105.112.116.153 - - [08/Mar/2024:09:34:53 +0100] "GET /admin/staff HTTP/1.1" 200 335832 "-" "Mozilla/5.0 (Windows NT 10.0; Win64; x64) AppleWebKit/537.36 (KHTML, like Gecko) Chrome/119.0.0.0 Safari/537.36"
105.112.116.153 - - [08/Mar/2024:09:34:54 +0100] "GET /admin/staff HTTP/1.1" 200 335832 "-" "Mozilla/5.0 (Windows NT 10.0; Win64; x64) AppleWebKit/537.36 (KHTML, like Gecko) Chrome/119.0.0.0 Safari/537.36"
105.112.116.153 - - [08/Mar/2024:09:34:54 +0100] "GET /admin/staff HTTP/1.1" 200 352216 "-" "Mozilla/5.0 (Windows NT 10.0; Win64; x64) AppleWebKit/537.36 (KHTML, like Gecko) Chrome/119.0.0.0 Safari/537.36"
105.112.116.153 - - [08/Mar/2024:09:34:56 +0100] "GET /rappasoft/laravel-livewire-tables/core.min.css HTTP/1.1" 304 - "http://207.154.204.54/admin/staff" "Mozilla/5.0 (Windows NT 10.0; Win64; x64) AppleWebKit/537.36 (KHTML, like Gecko) Chrome/119.0.0.0 Safari/537.36"
105.112.116.153 - - [08/Mar/2024:09:34:56 +0100] "GET /rappasoft/laravel-livewire-tables/thirdparty.css HTTP/1.1" 304 - "http://207.154.204.54/admin/staff" "Mozilla/5.0 (Windows NT 10.0; Win64; x64) AppleWebKit/537.36 (KHTML, like Gecko) Chrome/119.0.0.0 Safari/537.36"
105.112.116.153 - - [08/Mar/2024:09:34:56 +0100] "GET /rappasoft/laravel-livewire-tables/core.min.js HTTP/1.1" 304 - "http://207.154.204.54/admin/staff" "Mozilla/5.0 (Windows NT 10.0; Win64; x64) AppleWebKit/537.36 (KHTML, like Gecko) Chrome/119.0.0.0 Safari/537.36"
105.112.116.153 - - [08/Mar/2024:09:34:56 +0100] "GET /rappasoft/laravel-livewire-tables/thirdparty.min.js HTTP/1.1" 304 - "http://207.154.204.54/admin/staff" "Mozilla/5.0 (Windows NT 10.0; Win64; x64) AppleWebKit/537.36 (KHTML, like Gecko) Chrome/119.0.0.0 Safari/537.36"
105.112.116.153 - - [08/Mar/2024:09:34:55 +0100] "GET /admin/staff HTTP/1.1" 200 412376 "-" "Mozilla/5.0 (Windows NT 10.0; Win64; x64) AppleWebKit/537.36 (KHTML, like Gecko) Chrome/119.0.0.0 Safari/537.36"
105.112.116.153 - - [08/Mar/2024:09:35:08 +0100] "POST /livewire/update HTTP/1.1" 200 371009 "http://207.154.204.54/admin/staff?tableFilters[agency_id][values][0]=37&tableFilters[suspended][isActive]=false&tableFilters[retired][isActive]=false&tableFilters[deceased][isActive]=false&tableFilters[student][isActive]=false&tableFilters[senior_citizen][isActive]=false" "Mozilla/5.0 (Windows NT 10.0; Win64; x64) AppleWebKit/537.36 (KHTML, like Gecko) Chrome/119.0.0.0 Safari/537.36"
105.112.116.153 - - [08/Mar/2024:09:35:15 +0100] "POST /livewire/update HTTP/1.1" 200 208374 "http://207.154.204.54/admin/staff?tableFilters[agency_id][values][0]=37&tableFilters[suspended][isActive]=false&tableFilters[retired][isActive]=false&tableFilters[deceased][isActive]=false&tableFilters[student][isActive]=false&tableFilters[senior_citizen][isActive]=false&tableSearch=ZANNAH+" "Mozilla/5.0 (Windows NT 10.0; Win64; x64) AppleWebKit/537.36 (KHTML, like Gecko) Chrome/119.0.0.0 Safari/537.36"
105.112.116.153 - - [08/Mar/2024:09:35:15 +0100] "-" 408 - "-" "-"
105.112.116.153 - - [08/Mar/2024:09:35:16 +0100] "POST /livewire/update HTTP/1.1" 200 157575 "http://207.154.204.54/admin/staff?tableFilters[agency_id][values][0]=37&tableFilters[suspended][isActive]=false&tableFilters[retired][isActive]=false&tableFilters[deceased][isActive]=false&tableFilters[student][isActive]=false&tableFilters[senior_citizen][isActive]=false&tableSearch=ZANNAH+ISA" "Mozilla/5.0 (Windows NT 10.0; Win64; x64) AppleWebKit/537.36 (KHTML, like Gecko) Chrome/119.0.0.0 Safari/537.36"
105.112.116.153 - - [08/Mar/2024:09:35:29 +0100] "POST /livewire/update HTTP/1.1" 200 191393 "http://207.154.204.54/admin/staff?tableFilters[agency_id][values][0]=37&tableFilters[suspended][isActive]=false&tableFilters[retired][isActive]=false&tableFilters[deceased][isActive]=false&tableFilters[student][isActive]=false&tableFilters[senior_citizen][isActive]=false&tableSearch=ZANNA+ISA" "Mozilla/5.0 (Windows NT 10.0; Win64; x64) AppleWebKit/537.36 (KHTML, like Gecko) Chrome/119.0.0.0 Safari/537.36"
105.112.116.153 - - [08/Mar/2024:09:35:35 +0100] "GET /admin/staff/8283/edit HTTP/1.1" 200 437204 "http://207.154.204.54/admin/staff?tableFilters[agency_id][values][0]=37&tableFilters[suspended][isActive]=false&tableFilters[retired][isActive]=false&tableFilters[deceased][isActive]=false&tableFilters[student][isActive]=false&tableFilters[senior_citizen][isActive]=false&tableSearch=ZANNA+ISA" "Mozilla/5.0 (Windows NT 10.0; Win64; x64) AppleWebKit/537.36 (KHTML, like Gecko) Chrome/119.0.0.0 Safari/537.36"
105.112.116.153 - - [08/Mar/2024:09:35:50 +0100] "POST /livewire/update HTTP/1.1" 200 376318 "http://207.154.204.54/admin/staff/8283/edit" "Mozilla/5.0 (Windows NT 10.0; Win64; x64) AppleWebKit/537.36 (KHTML, like Gecko) Chrome/119.0.0.0 Safari/537.36"
105.112.116.153 - - [08/Mar/2024:09:35:52 +0100] "GET /admin/staff?tableFilters[agency_id][values][0]=37&tableFilters[suspended][isActive]=false&tableFilters[retired][isActive]=false&tableFilters[deceased][isActive]=false&tableFilters[student][isActive]=false&tableFilters[senior_citizen][isActive]=false&tableSearch=ZANNA+ISA HTTP/1.1" 200 261646 "http://207.154.204.54/admin/staff/8283/edit" "Mozilla/5.0 (Windows NT 10.0; Win64; x64) AppleWebKit/537.36 (KHTML, like Gecko) Chrome/119.0.0.0 Safari/537.36"
105.112.116.153 - - [08/Mar/2024:09:35:52 +0100] "GET /admin/staff HTTP/1.1" 200 416225 "http://207.154.204.54/admin/staff/8283/edit" "Mozilla/5.0 (Windows NT 10.0; Win64; x64) AppleWebKit/537.36 (KHTML, like Gecko) Chrome/119.0.0.0 Safari/537.36"
105.112.116.153 - - [08/Mar/2024:09:35:53 +0100] "GET /admin/staff?tableFilters[agency_id][values][0]=37&tableFilters[suspended][isActive]=false&tableFilters[retired][isActive]=false&tableFilters[deceased][isActive]=false&tableFilters[student][isActive]=false&tableFilters[senior_citizen][isActive]=false&tableSearch=ZANNA+ISA HTTP/1.1" 200 261646 "http://207.154.204.54/admin/staff/8283/edit" "Mozilla/5.0 (Windows NT 10.0; Win64; x64) AppleWebKit/537.36 (KHTML, like Gecko) Chrome/119.0.0.0 Safari/537.36"
105.112.116.153 - - [08/Mar/2024:09:35:54 +0100] "GET /admin/staff?tableFilters[agency_id][values][0]=37&tableFilters[suspended][isActive]=false&tableFilters[retired][isActive]=false&tableFilters[deceased][isActive]=false&tableFilters[student][isActive]=false&tableFilters[senior_citizen][isActive]=false&tableSearch=ZANNA+ISA HTTP/1.1" 200 261646 "http://207.154.204.54/admin/staff/8283/edit" "Mozilla/5.0 (Windows NT 10.0; Win64; x64) AppleWebKit/537.36 (KHTML, like Gecko) Chrome/119.0.0.0 Safari/537.36"
105.112.116.153 - - [08/Mar/2024:09:35:55 +0100] "GET /admin/staff?tableFilters[agency_id][values][0]=37&tableFilters[suspended][isActive]=false&tableFilters[retired][isActive]=false&tableFilters[deceased][isActive]=false&tableFilters[student][isActive]=false&tableFilters[senior_citizen][isActive]=false&tableSearch=ZANNA+ISA HTTP/1.1" 200 261646 "http://207.154.204.54/admin/staff/8283/edit" "Mozilla/5.0 (Windows NT 10.0; Win64; x64) AppleWebKit/537.36 (KHTML, like Gecko) Chrome/119.0.0.0 Safari/537.36"
105.112.116.153 - - [08/Mar/2024:09:35:56 +0100] "GET /admin/staff?tableFilters[agency_id][values][0]=37&tableFilters[suspended][isActive]=false&tableFilters[retired][isActive]=false&tableFilters[deceased][isActive]=false&tableFilters[student][isActive]=false&tableFilters[senior_citizen][isActive]=false&tableSearch=ZANNA+ISA HTTP/1.1" 200 261646 "http://207.154.204.54/admin/staff/8283/edit" "Mozilla/5.0 (Windows NT 10.0; Win64; x64) AppleWebKit/537.36 (KHTML, like Gecko) Chrome/119.0.0.0 Safari/537.36"
105.112.116.153 - - [08/Mar/2024:09:35:54 +0100] "GET /admin/staff/8283 HTTP/1.1" 200 438058 "http://207.154.204.54/admin/staff?tableFilters[agency_id][values][0]=37&tableFilters[suspended][isActive]=false&tableFilters[retired][isActive]=false&tableFilters[deceased][isActive]=false&tableFilters[student][isActive]=false&tableFilters[senior_citizen][isActive]=false&tableSearch=ZANNA+ISA" "Mozilla/5.0 (Windows NT 10.0; Win64; x64) AppleWebKit/537.36 (KHTML, like Gecko) Chrome/119.0.0.0 Safari/537.36"
105.112.116.153 - - [08/Mar/2024:09:36:07 +0100] "GET /admin/staff/8283/edit HTTP/1.1" 200 437204 "http://207.154.204.54/admin/staff?tableFilters[agency_id][values][0]=37&tableFilters[suspended][isActive]=false&tableFilters[retired][isActive]=false&tableFilters[deceased][isActive]=false&tableFilters[student][isActive]=false&tableFilters[senior_citizen][isActive]=false&tableSearch=ZANNA+ISA" "Mozilla/5.0 (Windows NT 10.0; Win64; x64) AppleWebKit/537.36 (KHTML, like Gecko) Chrome/119.0.0.0 Safari/537.36"
102.91.0.94 - - [08/Mar/2024:09:35:23 +0100] "POST /livewire/update HTTP/1.1" 200 375767 "http://207.154.204.54/admin/staff/1779/edit" "Mozilla/5.0 (Windows NT 10.0; Win64; x64) AppleWebKit/537.36 (KHTML, like Gecko) Chrome/122.0.0.0 Safari/537.36"
105.112.118.163 - - [08/Mar/2024:09:36:13 +0100] "POST /livewire/update HTTP/1.1" 200 423495 "http://207.154.204.54/admin/staff/1339/edit" "Mozilla/5.0 (Windows NT 10.0; Win64; x64; rv:123.0) Gecko/20100101 Firefox/123.0"
102.91.0.94 - - [08/Mar/2024:09:36:15 +0100] "-" 408 - "-" "-"
102.91.47.122 - - [08/Mar/2024:09:36:46 +0100] "GET / HTTP/1.1" 302 354 "-" "Mozilla/5.0 (Windows NT 10.0; Win64; x64) AppleWebKit/537.36 (KHTML, like Gecko) Chrome/122.0.0.0 Safari/537.36"
102.91.47.122 - - [08/Mar/2024:09:36:46 +0100] "GET /login HTTP/1.1" 200 3583 "-" "Mozilla/5.0 (Windows NT 10.0; Win64; x64) AppleWebKit/537.36 (KHTML, like Gecko) Chrome/122.0.0.0 Safari/537.36"
102.91.47.122 - - [08/Mar/2024:09:36:46 +0100] "GET /rappasoft/laravel-livewire-tables/core.min.css HTTP/1.1" 304 - "http://207.154.204.54/login" "Mozilla/5.0 (Windows NT 10.0; Win64; x64) AppleWebKit/537.36 (KHTML, like Gecko) Chrome/122.0.0.0 Safari/537.36"
197.210.76.205 - - [08/Mar/2024:09:36:46 +0100] "GET /rappasoft/laravel-livewire-tables/thirdparty.css HTTP/1.1" 304 - "http://207.154.204.54/login" "Mozilla/5.0 (Windows NT 10.0; Win64; x64) AppleWebKit/537.36 (KHTML, like Gecko) Chrome/122.0.0.0 Safari/537.36"
105.112.116.153 - - [08/Mar/2024:09:36:50 +0100] "POST /livewire/update HTTP/1.1" 200 387589 "http://207.154.204.54/admin/staff/8283/edit" "Mozilla/5.0 (Windows NT 10.0; Win64; x64) AppleWebKit/537.36 (KHTML, like Gecko) Chrome/119.0.0.0 Safari/537.36"
105.112.116.153 - - [08/Mar/2024:09:36:55 +0100] "POST /livewire/update HTTP/1.1" 200 387666 "http://207.154.204.54/admin/staff/8283/edit" "Mozilla/5.0 (Windows NT 10.0; Win64; x64) AppleWebKit/537.36 (KHTML, like Gecko) Chrome/119.0.0.0 Safari/537.36"
197.210.77.140 - - [08/Mar/2024:09:37:06 +0100] "POST /login HTTP/1.1" 302 354 "http://207.154.204.54/login" "Mozilla/5.0 (Windows NT 10.0; Win64; x64) AppleWebKit/537.36 (KHTML, like Gecko) Chrome/122.0.0.0 Safari/537.36"
102.91.0.94 - - [08/Mar/2024:09:37:06 +0100] "GET /rappasoft/laravel-livewire-tables/core.min.css HTTP/1.1" 304 - "http://207.154.204.54/admin/staff/1779/edit" "Mozilla/5.0 (Windows NT 10.0; Win64; x64) AppleWebKit/537.36 (KHTML, like Gecko) Chrome/122.0.0.0 Safari/537.36"
197.210.77.140 - - [08/Mar/2024:09:37:07 +0100] "GET /admin HTTP/1.1" 302 394 "http://207.154.204.54/login" "Mozilla/5.0 (Windows NT 10.0; Win64; x64) AppleWebKit/537.36 (KHTML, like Gecko) Chrome/122.0.0.0 Safari/537.36"
102.91.0.94 - - [08/Mar/2024:09:37:08 +0100] "GET /rappasoft/laravel-livewire-tables/thirdparty.css HTTP/1.1" 304 - "http://207.154.204.54/admin/staff/1779/edit" "Mozilla/5.0 (Windows NT 10.0; Win64; x64) AppleWebKit/537.36 (KHTML, like Gecko) Chrome/122.0.0.0 Safari/537.36"
