105.113.4.10 - - [08/Mar/2024:10:14:35 +0100] "GET /js/filament/forms/components/select.js?v=3.2.35.0 HTTP/1.1" 200 97204 "http://207.154.204.54/js/filament/support/async-alpine.js?v=3.2.35.0" "Mozilla/5.0 (Windows NT 10.0; Win64; x64) AppleWebKit/537.36 (KHTML, like Gecko) Chrome/122.0.0.0 Safari/537.36"
105.112.116.153 - - [08/Mar/2024:10:14:34 +0100] "POST /livewire/update HTTP/1.1" 200 387233 "http://207.154.204.54/admin/staff/8317/edit" "Mozilla/5.0 (Windows NT 10.0; Win64; x64) AppleWebKit/537.36 (KHTML, like Gecko) Chrome/119.0.0.0 Safari/537.36"
105.112.116.153 - - [08/Mar/2024:10:14:37 +0100] "POST /livewire/update HTTP/1.1" 200 5158 "http://207.154.204.54/admin/staff/8317/edit" "Mozilla/5.0 (Windows NT 10.0; Win64; x64) AppleWebKit/537.36 (KHTML, like Gecko) Chrome/119.0.0.0 Safari/537.36"
105.112.116.153 - - [08/Mar/2024:10:14:39 +0100] "POST /livewire/update HTTP/1.1" 200 387250 "http://207.154.204.54/admin/staff/8317/edit" "Mozilla/5.0 (Windows NT 10.0; Win64; x64) AppleWebKit/537.36 (KHTML, like Gecko) Chrome/119.0.0.0 Safari/537.36"
105.112.116.153 - - [08/Mar/2024:10:14:42 +0100] "POST /livewire/update HTTP/1.1" 200 40685 "http://207.154.204.54/admin/staff/8317/edit" "Mozilla/5.0 (Windows NT 10.0; Win64; x64) AppleWebKit/537.36 (KHTML, like Gecko) Chrome/119.0.0.0 Safari/537.36"
105.112.116.153 - - [08/Mar/2024:10:14:44 +0100] "POST /livewire/update HTTP/1.1" 200 1340 "http://207.154.204.54/admin/staff/8317/edit" "Mozilla/5.0 (Windows NT 10.0; Win64; x64) AppleWebKit/537.36 (KHTML, like Gecko) Chrome/119.0.0.0 Safari/537.36"
105.112.116.153 - - [08/Mar/2024:10:14:49 +0100] "POST /livewire/update HTTP/1.1" 200 387116 "http://207.154.204.54/admin/staff/8317/edit" "Mozilla/5.0 (Windows NT 10.0; Win64; x64) AppleWebKit/537.36 (KHTML, like Gecko) Chrome/119.0.0.0 Safari/537.36"
105.112.116.153 - - [08/Mar/2024:10:15:28 +0100] "-" 408 - "-" "-"
105.112.116.153 - - [08/Mar/2024:10:15:45 +0100] "POST /livewire/update HTTP/1.1" 200 386956 "http://207.154.204.54/admin/staff/8317/edit" "Mozilla/5.0 (Windows NT 10.0; Win64; x64) AppleWebKit/537.36 (KHTML, like Gecko) Chrome/119.0.0.0 Safari/537.36"
105.112.116.153 - - [08/Mar/2024:10:15:50 +0100] "POST /livewire/update HTTP/1.1" 200 387016 "http://207.154.204.54/admin/staff/8317/edit" "Mozilla/5.0 (Windows NT 10.0; Win64; x64) AppleWebKit/537.36 (KHTML, like Gecko) Chrome/119.0.0.0 Safari/537.36"
105.112.116.153 - - [08/Mar/2024:10:15:52 +0100] "POST /livewire/update HTTP/1.1" 200 5158 "http://207.154.204.54/admin/staff/8317/edit" "Mozilla/5.0 (Windows NT 10.0; Win64; x64) AppleWebKit/537.36 (KHTML, like Gecko) Chrome/119.0.0.0 Safari/537.36"
105.112.116.153 - - [08/Mar/2024:10:15:59 +0100] "POST /livewire/update HTTP/1.1" 200 1340 "http://207.154.204.54/admin/staff/8317/edit" "Mozilla/5.0 (Windows NT 10.0; Win64; x64) AppleWebKit/537.36 (KHTML, like Gecko) Chrome/119.0.0.0 Safari/537.36"
102.91.48.129 - - [08/Mar/2024:10:16:30 +0100] "POST /livewire/update HTTP/1.1" 200 459790 "http://207.154.204.54/admin/staff/4040/edit" "Mozilla/5.0 (Windows NT 10.0; Win64; x64) AppleWebKit/537.36 (KHTML, like Gecko) Chrome/122.0.0.0 Safari/537.36"
102.91.48.129 - - [08/Mar/2024:10:16:33 +0100] "POST /livewire/update HTTP/1.1" 200 70161 "http://207.154.204.54/admin/staff/4040/edit" "Mozilla/5.0 (Windows NT 10.0; Win64; x64) AppleWebKit/537.36 (KHTML, like Gecko) Chrome/122.0.0.0 Safari/537.36"
105.113.4.10 - - [08/Mar/2024:10:16:33 +0100] "POST /livewire/update HTTP/1.1" 200 353544 "http://207.154.204.54/admin/staff?tableSearch=1" "Mozilla/5.0 (Windows NT 10.0; Win64; x64) AppleWebKit/537.36 (KHTML, like Gecko) Chrome/122.0.0.0 Safari/537.36"
105.113.4.10 - - [08/Mar/2024:10:16:34 +0100] "POST /livewire/update HTTP/1.1" 200 360789 "http://207.154.204.54/admin/staff?tableSearch=10" "Mozilla/5.0 (Windows NT 10.0; Win64; x64) AppleWebKit/537.36 (KHTML, like Gecko) Chrome/122.0.0.0 Safari/537.36"
105.113.4.10 - - [08/Mar/2024:10:16:35 +0100] "POST /livewire/update HTTP/1.1" 200 355065 "http://207.154.204.54/admin/staff?tableSearch=1066" "Mozilla/5.0 (Windows NT 10.0; Win64; x64) AppleWebKit/537.36 (KHTML, like Gecko) Chrome/122.0.0.0 Safari/537.36"
105.113.4.10 - - [08/Mar/2024:10:16:36 +0100] "POST /livewire/update HTTP/1.1" 200 195011 "http://207.154.204.54/admin/staff?tableSearch=10661" "Mozilla/5.0 (Windows NT 10.0; Win64; x64) AppleWebKit/537.36 (KHTML, like Gecko) Chrome/122.0.0.0 Safari/537.36"
105.112.116.153 - - [08/Mar/2024:10:16:38 +0100] "POST /livewire/update HTTP/1.1" 200 386968 "http://207.154.204.54/admin/staff/8317/edit" "Mozilla/5.0 (Windows NT 10.0; Win64; x64) AppleWebKit/537.36 (KHTML, like Gecko) Chrome/119.0.0.0 Safari/537.36"
105.112.116.153 - - [08/Mar/2024:10:16:40 +0100] "POST /livewire/update HTTP/1.1" 200 5158 "http://207.154.204.54/admin/staff/8317/edit" "Mozilla/5.0 (Windows NT 10.0; Win64; x64) AppleWebKit/537.36 (KHTML, like Gecko) Chrome/119.0.0.0 Safari/537.36"
102.91.46.111 - - [08/Mar/2024:10:16:41 +0100] "POST /livewire/update HTTP/1.1" 200 387409 "http://207.154.204.54/admin/staff/6507/edit" "Mozilla/5.0 (Windows NT 10.0; Win64; x64) AppleWebKit/537.36 (KHTML, like Gecko) Chrome/122.0.0.0 Safari/537.36"
105.112.116.153 - - [08/Mar/2024:10:16:47 +0100] "POST /livewire/update HTTP/1.1" 200 1340 "http://207.154.204.54/admin/staff/8317/edit" "Mozilla/5.0 (Windows NT 10.0; Win64; x64) AppleWebKit/537.36 (KHTML, like Gecko) Chrome/119.0.0.0 Safari/537.36"
105.112.116.153 - - [08/Mar/2024:10:17:03 +0100] "POST /livewire/update HTTP/1.1" 200 386985 "http://207.154.204.54/admin/staff/8317/edit" "Mozilla/5.0 (Windows NT 10.0; Win64; x64) AppleWebKit/537.36 (KHTML, like Gecko) Chrome/119.0.0.0 Safari/537.36"
105.112.116.153 - - [08/Mar/2024:10:17:08 +0100] "POST /livewire/update HTTP/1.1" 200 405923 "http://207.154.204.54/admin/staff/8317/edit" "Mozilla/5.0 (Windows NT 10.0; Win64; x64) AppleWebKit/537.36 (KHTML, like Gecko) Chrome/119.0.0.0 Safari/537.36"
197.210.76.242 - - [08/Mar/2024:10:17:22 +0100] "POST /livewire/update HTTP/1.1" 200 40685 "http://207.154.204.54/admin/staff/6507/edit" "Mozilla/5.0 (Windows NT 10.0; Win64; x64) AppleWebKit/537.36 (KHTML, like Gecko) Chrome/122.0.0.0 Safari/537.36"
197.210.53.102 - - [08/Mar/2024:10:17:22 +0100] "-" 408 - "-" "-"
197.210.76.242 - - [08/Mar/2024:10:17:23 +0100] "POST /livewire/update HTTP/1.1" 200 387190 "http://207.154.204.54/admin/staff/6507/edit" "Mozilla/5.0 (Windows NT 10.0; Win64; x64) AppleWebKit/537.36 (KHTML, like Gecko) Chrome/122.0.0.0 Safari/537.36"
197.210.76.242 - - [08/Mar/2024:10:17:25 +0100] "POST /livewire/update HTTP/1.1" 200 5159 "http://207.154.204.54/admin/staff/6507/edit" "Mozilla/5.0 (Windows NT 10.0; Win64; x64) AppleWebKit/537.36 (KHTML, like Gecko) Chrome/122.0.0.0 Safari/537.36"
197.210.52.148 - - [08/Mar/2024:10:17:32 +0100] "POST /livewire/update HTTP/1.1" 200 1341 "http://207.154.204.54/admin/staff/6507/edit" "Mozilla/5.0 (Windows NT 10.0; Win64; x64) AppleWebKit/537.36 (KHTML, like Gecko) Chrome/122.0.0.0 Safari/537.36"
102.91.48.111 - - [08/Mar/2024:10:17:31 +0100] "POST /livewire/update HTTP/1.1" 200 387207 "http://207.154.204.54/admin/staff/6507/edit" "Mozilla/5.0 (Windows NT 10.0; Win64; x64) AppleWebKit/537.36 (KHTML, like Gecko) Chrome/122.0.0.0 Safari/537.36"
102.91.48.111 - - [08/Mar/2024:10:17:36 +0100] "POST /livewire/update HTTP/1.1" 200 387073 "http://207.154.204.54/admin/staff/6507/edit" "Mozilla/5.0 (Windows NT 10.0; Win64; x64) AppleWebKit/537.36 (KHTML, like Gecko) Chrome/122.0.0.0 Safari/537.36"
102.91.47.129 - - [08/Mar/2024:10:17:42 +0100] "POST /livewire/update HTTP/1.1" 200 459790 "http://207.154.204.54/admin/staff/4040/edit" "Mozilla/5.0 (Windows NT 10.0; Win64; x64) AppleWebKit/537.36 (KHTML, like Gecko) Chrome/122.0.0.0 Safari/537.36"
197.210.77.55 - - [08/Mar/2024:10:17:52 +0100] "POST /livewire/update HTTP/1.1" 200 458564 "http://207.154.204.54/admin/staff/4040/edit" "Mozilla/5.0 (Windows NT 10.0; Win64; x64) AppleWebKit/537.36 (KHTML, like Gecko) Chrome/122.0.0.0 Safari/537.36"
197.210.77.55 - - [08/Mar/2024:10:17:54 +0100] "POST /livewire/update HTTP/1.1" 200 5158 "http://207.154.204.54/admin/staff/4040/edit" "Mozilla/5.0 (Windows NT 10.0; Win64; x64) AppleWebKit/537.36 (KHTML, like Gecko) Chrome/122.0.0.0 Safari/537.36"
105.112.116.153 - - [08/Mar/2024:10:17:54 +0100] "POST /livewire/update HTTP/1.1" 200 424316 "http://207.154.204.54/admin/staff/8317/edit" "Mozilla/5.0 (Windows NT 10.0; Win64; x64) AppleWebKit/537.36 (KHTML, like Gecko) Chrome/119.0.0.0 Safari/537.36"
102.91.47.124 - - [08/Mar/2024:10:18:15 +0100] "POST /livewire/update HTTP/1.1" 200 1340 "http://207.154.204.54/admin/staff/4040/edit" "Mozilla/5.0 (Windows NT 10.0; Win64; x64) AppleWebKit/537.36 (KHTML, like Gecko) Chrome/122.0.0.0 Safari/537.36"
102.91.48.15 - - [08/Mar/2024:10:18:37 +0100] "POST /livewire/update HTTP/1.1" 200 386749 "http://207.154.204.54/admin/staff/6507/edit" "Mozilla/5.0 (Windows NT 10.0; Win64; x64) AppleWebKit/537.36 (KHTML, like Gecko) Chrome/122.0.0.0 Safari/537.36"
102.91.48.15 - - [08/Mar/2024:10:18:41 +0100] "POST /livewire/update HTTP/1.1" 200 386809 "http://207.154.204.54/admin/staff/6507/edit" "Mozilla/5.0 (Windows NT 10.0; Win64; x64) AppleWebKit/537.36 (KHTML, like Gecko) Chrome/122.0.0.0 Safari/537.36"
102.91.48.15 - - [08/Mar/2024:10:18:43 +0100] "POST /livewire/update HTTP/1.1" 200 5159 "http://207.154.204.54/admin/staff/6507/edit" "Mozilla/5.0 (Windows NT 10.0; Win64; x64) AppleWebKit/537.36 (KHTML, like Gecko) Chrome/122.0.0.0 Safari/537.36"
102.91.48.15 - - [08/Mar/2024:10:18:45 +0100] "POST /livewire/update HTTP/1.1" 200 386826 "http://207.154.204.54/admin/staff/6507/edit" "Mozilla/5.0 (Windows NT 10.0; Win64; x64) AppleWebKit/537.36 (KHTML, like Gecko) Chrome/122.0.0.0 Safari/537.36"
105.112.116.153 - - [08/Mar/2024:10:18:44 +0100] "POST /livewire/update HTTP/1.1" 200 442719 "http://207.154.204.54/admin/staff/8317/edit" "Mozilla/5.0 (Windows NT 10.0; Win64; x64) AppleWebKit/537.36 (KHTML, like Gecko) Chrome/119.0.0.0 Safari/537.36"
102.91.48.15 - - [08/Mar/2024:10:18:49 +0100] "POST /livewire/update HTTP/1.1" 200 386826 "http://207.154.204.54/admin/staff/6507/edit" "Mozilla/5.0 (Windows NT 10.0; Win64; x64) AppleWebKit/537.36 (KHTML, like Gecko) Chrome/122.0.0.0 Safari/537.36"
197.210.76.182 - - [08/Mar/2024:10:18:50 +0100] "POST /livewire/update HTTP/1.1" 200 1341 "http://207.154.204.54/admin/staff/6507/edit" "Mozilla/5.0 (Windows NT 10.0; Win64; x64) AppleWebKit/537.36 (KHTML, like Gecko) Chrome/122.0.0.0 Safari/537.36"
105.113.4.10 - - [08/Mar/2024:10:18:54 +0100] "GET /admin/staff HTTP/1.1" 302 378 "-" "Mozilla/5.0 (Windows NT 10.0; Win64; x64) AppleWebKit/537.36 (KHTML, like Gecko) Chrome/122.0.0.0 Safari/537.36 Edg/122.0.0.0"
105.113.4.10 - - [08/Mar/2024:10:18:54 +0100] "GET /admin/login HTTP/1.1" 200 43694 "-" "Mozilla/5.0 (Windows NT 10.0; Win64; x64) AppleWebKit/537.36 (KHTML, like Gecko) Chrome/122.0.0.0 Safari/537.36 Edg/122.0.0.0"
105.113.4.10 - - [08/Mar/2024:10:18:56 +0100] "GET /rappasoft/laravel-livewire-tables/core.min.js HTTP/1.1" 304 - "http://207.154.204.54/admin/login" "Mozilla/5.0 (Windows NT 10.0; Win64; x64) AppleWebKit/537.36 (KHTML, like Gecko) Chrome/122.0.0.0 Safari/537.36 Edg/122.0.0.0"
105.113.4.10 - - [08/Mar/2024:10:18:56 +0100] "GET /rappasoft/laravel-livewire-tables/core.min.css HTTP/1.1" 304 - "http://207.154.204.54/admin/login" "Mozilla/5.0 (Windows NT 10.0; Win64; x64) AppleWebKit/537.36 (KHTML, like Gecko) Chrome/122.0.0.0 Safari/537.36 Edg/122.0.0.0"
105.113.4.10 - - [08/Mar/2024:10:18:56 +0100] "GET /rappasoft/laravel-livewire-tables/thirdparty.css HTTP/1.1" 304 - "http://207.154.204.54/admin/login" "Mozilla/5.0 (Windows NT 10.0; Win64; x64) AppleWebKit/537.36 (KHTML, like Gecko) Chrome/122.0.0.0 Safari/537.36 Edg/122.0.0.0"
105.113.4.10 - - [08/Mar/2024:10:18:56 +0100] "GET /rappasoft/laravel-livewire-tables/thirdparty.min.js HTTP/1.1" 304 - "http://207.154.204.54/admin/login" "Mozilla/5.0 (Windows NT 10.0; Win64; x64) AppleWebKit/537.36 (KHTML, like Gecko) Chrome/122.0.0.0 Safari/537.36 Edg/122.0.0.0"
105.113.4.10 - - [08/Mar/2024:10:19:19 +0100] "POST /livewire/update HTTP/1.1" 200 1185 "http://207.154.204.54/admin/login" "Mozilla/5.0 (Windows NT 10.0; Win64; x64) AppleWebKit/537.36 (KHTML, like Gecko) Chrome/122.0.0.0 Safari/537.36 Edg/122.0.0.0"
197.210.77.92 - - [08/Mar/2024:10:19:19 +0100] "POST /livewire/update HTTP/1.1" 200 386715 "http://207.154.204.54/admin/staff/6507/edit" "Mozilla/5.0 (Windows NT 10.0; Win64; x64) AppleWebKit/537.36 (KHTML, like Gecko) Chrome/122.0.0.0 Safari/537.36"
197.210.77.92 - - [08/Mar/2024:10:19:21 +0100] "POST /livewire/update HTTP/1.1" 200 5159 "http://207.154.204.54/admin/staff/6507/edit" "Mozilla/5.0 (Windows NT 10.0; Win64; x64) AppleWebKit/537.36 (KHTML, like Gecko) Chrome/122.0.0.0 Safari/537.36"
105.113.4.10 - - [08/Mar/2024:10:19:22 +0100] "POST /livewire/update HTTP/1.1" 419 6609 "http://207.154.204.54/admin/login" "Mozilla/5.0 (Windows NT 10.0; Win64; x64) AppleWebKit/537.36 (KHTML, like Gecko) Chrome/122.0.0.0 Safari/537.36 Edg/122.0.0.0"
197.210.77.92 - - [08/Mar/2024:10:19:22 +0100] "POST /livewire/update HTTP/1.1" 200 386732 "http://207.154.204.54/admin/staff/6507/edit" "Mozilla/5.0 (Windows NT 10.0; Win64; x64) AppleWebKit/537.36 (KHTML, like Gecko) Chrome/122.0.0.0 Safari/537.36"
102.91.49.95 - - [08/Mar/2024:10:19:28 +0100] "POST /livewire/update HTTP/1.1" 200 1341 "http://207.154.204.54/admin/staff/6507/edit" "Mozilla/5.0 (Windows NT 10.0; Win64; x64) AppleWebKit/537.36 (KHTML, like Gecko) Chrome/122.0.0.0 Safari/537.36"
105.113.4.10 - - [08/Mar/2024:10:19:20 +0100] "GET /admin/staff HTTP/1.1" 200 412376 "http://207.154.204.54/admin/login" "Mozilla/5.0 (Windows NT 10.0; Win64; x64) AppleWebKit/537.36 (KHTML, like Gecko) Chrome/122.0.0.0 Safari/537.36 Edg/122.0.0.0"
105.113.4.10 - - [08/Mar/2024:10:19:35 +0100] "GET /rappasoft/laravel-livewire-tables/thirdparty.css HTTP/1.1" 304 - "http://207.154.204.54/admin/staff" "Mozilla/5.0 (Windows NT 10.0; Win64; x64) AppleWebKit/537.36 (KHTML, like Gecko) Chrome/122.0.0.0 Safari/537.36 Edg/122.0.0.0"
105.113.4.10 - - [08/Mar/2024:10:19:35 +0100] "GET /rappasoft/laravel-livewire-tables/core.min.css HTTP/1.1" 304 - "http://207.154.204.54/admin/staff" "Mozilla/5.0 (Windows NT 10.0; Win64; x64) AppleWebKit/537.36 (KHTML, like Gecko) Chrome/122.0.0.0 Safari/537.36 Edg/122.0.0.0"
105.113.4.10 - - [08/Mar/2024:10:19:35 +0100] "GET /rappasoft/laravel-livewire-tables/core.min.js HTTP/1.1" 304 - "http://207.154.204.54/admin/staff" "Mozilla/5.0 (Windows NT 10.0; Win64; x64) AppleWebKit/537.36 (KHTML, like Gecko) Chrome/122.0.0.0 Safari/537.36 Edg/122.0.0.0"
105.113.4.10 - - [08/Mar/2024:10:19:35 +0100] "GET /rappasoft/laravel-livewire-tables/thirdparty.min.js HTTP/1.1" 304 - "http://207.154.204.54/admin/staff" "Mozilla/5.0 (Windows NT 10.0; Win64; x64) AppleWebKit/537.36 (KHTML, like Gecko) Chrome/122.0.0.0 Safari/537.36 Edg/122.0.0.0"
105.112.116.153 - - [08/Mar/2024:10:19:38 +0100] "-" 408 - "-" "-"
105.113.4.10 - - [08/Mar/2024:10:20:07 +0100] "POST /livewire/update HTTP/1.1" 200 360894 "http://207.154.204.54/admin/staff?tableSearch=530" "Mozilla/5.0 (Windows NT 10.0; Win64; x64) AppleWebKit/537.36 (KHTML, like Gecko) Chrome/122.0.0.0 Safari/537.36 Edg/122.0.0.0"
105.113.4.10 - - [08/Mar/2024:10:20:09 +0100] "POST /livewire/update HTTP/1.1" 200 282629 "http://207.154.204.54/admin/staff?tableSearch=5307" "Mozilla/5.0 (Windows NT 10.0; Win64; x64) AppleWebKit/537.36 (KHTML, like Gecko) Chrome/122.0.0.0 Safari/537.36 Edg/122.0.0.0"
105.113.4.10 - - [08/Mar/2024:10:20:10 +0100] "POST /livewire/update HTTP/1.1" 200 155399 "http://207.154.204.54/admin/staff?tableSearch=53076" "Mozilla/5.0 (Windows NT 10.0; Win64; x64) AppleWebKit/537.36 (KHTML, like Gecko) Chrome/122.0.0.0 Safari/537.36 Edg/122.0.0.0"
105.113.4.10 - - [08/Mar/2024:10:20:18 +0100] "POST /livewire/update HTTP/1.1" 200 348492 "http://207.154.204.54/admin/staff" "Mozilla/5.0 (Windows NT 10.0; Win64; x64) AppleWebKit/537.36 (KHTML, like Gecko) Chrome/122.0.0.0 Safari/537.36 Edg/122.0.0.0"
197.210.53.132 - - [08/Mar/2024:10:20:20 +0100] "POST /livewire/update HTTP/1.1" 200 386534 "http://207.154.204.54/admin/staff/6507/edit" "Mozilla/5.0 (Windows NT 10.0; Win64; x64) AppleWebKit/537.36 (KHTML, like Gecko) Chrome/122.0.0.0 Safari/537.36"
197.210.53.132 - - [08/Mar/2024:10:20:22 +0100] "POST /livewire/update HTTP/1.1" 200 5159 "http://207.154.204.54/admin/staff/6507/edit" "Mozilla/5.0 (Windows NT 10.0; Win64; x64) AppleWebKit/537.36 (KHTML, like Gecko) Chrome/122.0.0.0 Safari/537.36"
105.113.4.10 - - [08/Mar/2024:10:20:21 +0100] "POST /livewire/update HTTP/1.1" 200 360765 "http://207.154.204.54/admin/staff?tableSearch=5" "Mozilla/5.0 (Windows NT 10.0; Win64; x64) AppleWebKit/537.36 (KHTML, like Gecko) Chrome/122.0.0.0 Safari/537.36 Edg/122.0.0.0"
105.112.118.163 - - [08/Mar/2024:10:20:21 +0100] "POST /livewire/update HTTP/1.1" 200 460475 "http://207.154.204.54/admin/staff/1339/edit" "Mozilla/5.0 (Windows NT 10.0; Win64; x64; rv:123.0) Gecko/20100101 Firefox/123.0"
105.113.4.10 - - [08/Mar/2024:10:20:23 +0100] "POST /livewire/update HTTP/1.1" 200 360894 "http://207.154.204.54/admin/staff?tableSearch=530" "Mozilla/5.0 (Windows NT 10.0; Win64; x64) AppleWebKit/537.36 (KHTML, like Gecko) Chrome/122.0.0.0 Safari/537.36 Edg/122.0.0.0"
197.210.53.132 - - [08/Mar/2024:10:20:25 +0100] "POST /livewire/update HTTP/1.1" 200 405489 "http://207.154.204.54/admin/staff/6507/edit" "Mozilla/5.0 (Windows NT 10.0; Win64; x64) AppleWebKit/537.36 (KHTML, like Gecko) Chrome/122.0.0.0 Safari/537.36"
105.113.4.10 - - [08/Mar/2024:10:20:25 +0100] "POST /livewire/update HTTP/1.1" 200 282629 "http://207.154.204.54/admin/staff?tableSearch=5307" "Mozilla/5.0 (Windows NT 10.0; Win64; x64) AppleWebKit/537.36 (KHTML, like Gecko) Chrome/122.0.0.0 Safari/537.36 Edg/122.0.0.0"
105.113.4.10 - - [08/Mar/2024:10:20:26 +0100] "POST /livewire/update HTTP/1.1" 200 155399 "http://207.154.204.54/admin/staff?tableSearch=53076" "Mozilla/5.0 (Windows NT 10.0; Win64; x64) AppleWebKit/537.36 (KHTML, like Gecko) Chrome/122.0.0.0 Safari/537.36 Edg/122.0.0.0"
197.210.53.132 - - [08/Mar/2024:10:20:28 +0100] "POST /livewire/update HTTP/1.1" 200 1341 "http://207.154.204.54/admin/staff/6507/edit" "Mozilla/5.0 (Windows NT 10.0; Win64; x64) AppleWebKit/537.36 (KHTML, like Gecko) Chrome/122.0.0.0 Safari/537.36"
105.113.4.10 - - [08/Mar/2024:10:20:31 +0100] "POST /livewire/update HTTP/1.1" 200 348492 "http://207.154.204.54/admin/staff" "Mozilla/5.0 (Windows NT 10.0; Win64; x64) AppleWebKit/537.36 (KHTML, like Gecko) Chrome/122.0.0.0 Safari/537.36 Edg/122.0.0.0"
154.113.65.22 - - [08/Mar/2024:10:20:32 +0100] "GET / HTTP/1.1" 302 354 "-" "Mozilla/5.0 (Windows NT 10.0; Win64; x64) AppleWebKit/537.36 (KHTML, like Gecko) Chrome/122.0.0.0 Safari/537.36"
154.113.65.22 - - [08/Mar/2024:10:20:32 +0100] "GET /login HTTP/1.1" 200 3583 "-" "Mozilla/5.0 (Windows NT 10.0; Win64; x64) AppleWebKit/537.36 (KHTML, like Gecko) Chrome/122.0.0.0 Safari/537.36"
154.113.65.22 - - [08/Mar/2024:10:20:33 +0100] "GET /rappasoft/laravel-livewire-tables/core.min.css HTTP/1.1" 304 - "http://207.154.204.54/login" "Mozilla/5.0 (Windows NT 10.0; Win64; x64) AppleWebKit/537.36 (KHTML, like Gecko) Chrome/122.0.0.0 Safari/537.36"
154.113.65.22 - - [08/Mar/2024:10:20:33 +0100] "GET /rappasoft/laravel-livewire-tables/thirdparty.css HTTP/1.1" 304 - "http://207.154.204.54/login" "Mozilla/5.0 (Windows NT 10.0; Win64; x64) AppleWebKit/537.36 (KHTML, like Gecko) Chrome/122.0.0.0 Safari/537.36"
154.113.65.22 - - [08/Mar/2024:10:20:33 +0100] "GET /rappasoft/laravel-livewire-tables/core.min.js HTTP/1.1" 304 - "http://207.154.204.54/login" "Mozilla/5.0 (Windows NT 10.0; Win64; x64) AppleWebKit/537.36 (KHTML, like Gecko) Chrome/122.0.0.0 Safari/537.36"
154.113.65.22 - - [08/Mar/2024:10:20:33 +0100] "GET /rappasoft/laravel-livewire-tables/thirdparty.min.js HTTP/1.1" 304 - "http://207.154.204.54/login" "Mozilla/5.0 (Windows NT 10.0; Win64; x64) AppleWebKit/537.36 (KHTML, like Gecko) Chrome/122.0.0.0 Safari/537.36"
105.113.4.10 - - [08/Mar/2024:10:20:40 +0100] "POST /livewire/update HTTP/1.1" 200 353492 "http://207.154.204.54/admin/staff?tableSearch=adam" "Mozilla/5.0 (Windows NT 10.0; Win64; x64) AppleWebKit/537.36 (KHTML, like Gecko) Chrome/122.0.0.0 Safari/537.36 Edg/122.0.0.0"
105.113.4.10 - - [08/Mar/2024:10:20:41 +0100] "POST /livewire/update HTTP/1.1" 200 356410 "http://207.154.204.54/admin/staff?tableSearch=adamu+" "Mozilla/5.0 (Windows NT 10.0; Win64; x64) AppleWebKit/537.36 (KHTML, like Gecko) Chrome/122.0.0.0 Safari/537.36 Edg/122.0.0.0"
105.113.4.10 - - [08/Mar/2024:10:20:42 +0100] "POST /livewire/update HTTP/1.1" 200 353666 "http://207.154.204.54/admin/staff?tableSearch=adamu+sa" "Mozilla/5.0 (Windows NT 10.0; Win64; x64) AppleWebKit/537.36 (KHTML, like Gecko) Chrome/122.0.0.0 Safari/537.36 Edg/122.0.0.0"
105.113.4.10 - - [08/Mar/2024:10:20:44 +0100] "POST /livewire/update HTTP/1.1" 200 240051 "http://207.154.204.54/admin/staff?tableSearch=adamu+salihu" "Mozilla/5.0 (Windows NT 10.0; Win64; x64) AppleWebKit/537.36 (KHTML, like Gecko) Chrome/122.0.0.0 Safari/537.36 Edg/122.0.0.0"
105.112.116.153 - - [08/Mar/2024:10:20:46 +0100] "POST /livewire/update HTTP/1.1" 200 461110 "http://207.154.204.54/admin/staff/8317/edit" "Mozilla/5.0 (Windows NT 10.0; Win64; x64) AppleWebKit/537.36 (KHTML, like Gecko) Chrome/119.0.0.0 Safari/537.36"
105.112.118.163 - - [08/Mar/2024:10:21:00 +0100] "POST /livewire/update HTTP/1.1" 200 478946 "http://207.154.204.54/admin/staff/1339/edit" "Mozilla/5.0 (Windows NT 10.0; Win64; x64; rv:123.0) Gecko/20100101 Firefox/123.0"
102.91.49.45 - - [08/Mar/2024:10:21:12 +0100] "-" 408 - "-" "-"
105.113.4.10 - - [08/Mar/2024:10:21:11 +0100] "POST /livewire/update HTTP/1.1" 200 273936 "http://207.154.204.54/admin/staff?tableSearch=adamu+sali" "Mozilla/5.0 (Windows NT 10.0; Win64; x64) AppleWebKit/537.36 (KHTML, like Gecko) Chrome/122.0.0.0 Safari/537.36 Edg/122.0.0.0"
105.113.4.10 - - [08/Mar/2024:10:21:14 +0100] "POST /livewire/update HTTP/1.1" 200 348492 "http://207.154.204.54/admin/staff" "Mozilla/5.0 (Windows NT 10.0; Win64; x64) AppleWebKit/537.36 (KHTML, like Gecko) Chrome/122.0.0.0 Safari/537.36 Edg/122.0.0.0"
102.91.49.45 - - [08/Mar/2024:10:21:16 +0100] "POST /livewire/update HTTP/1.1" 200 404769 "http://207.154.204.54/admin/staff/6507/edit" "Mozilla/5.0 (Windows NT 10.0; Win64; x64) AppleWebKit/537.36 (KHTML, like Gecko) Chrome/122.0.0.0 Safari/537.36"
102.91.49.45 - - [08/Mar/2024:10:21:18 +0100] "POST /livewire/update HTTP/1.1" 200 5159 "http://207.154.204.54/admin/staff/6507/edit" "Mozilla/5.0 (Windows NT 10.0; Win64; x64) AppleWebKit/537.36 (KHTML, like Gecko) Chrome/122.0.0.0 Safari/537.36"
102.91.46.78 - - [08/Mar/2024:10:21:25 +0100] "POST /livewire/update HTTP/1.1" 200 1341 "http://207.154.204.54/admin/staff/6507/edit" "Mozilla/5.0 (Windows NT 10.0; Win64; x64) AppleWebKit/537.36 (KHTML, like Gecko) Chrome/122.0.0.0 Safari/537.36"
105.113.4.10 - - [08/Mar/2024:10:21:25 +0100] "POST /livewire/update HTTP/1.1" 200 353548 "http://207.154.204.54/admin/staff?tableSearch=2" "Mozilla/5.0 (Windows NT 10.0; Win64; x64) AppleWebKit/537.36 (KHTML, like Gecko) Chrome/122.0.0.0 Safari/537.36 Edg/122.0.0.0"
197.210.76.175 - - [08/Mar/2024:10:21:25 +0100] "POST /livewire/update HTTP/1.1" 200 423368 "http://207.154.204.54/admin/staff/6507/edit" "Mozilla/5.0 (Windows NT 10.0; Win64; x64) AppleWebKit/537.36 (KHTML, like Gecko) Chrome/122.0.0.0 Safari/537.36"
105.113.4.10 - - [08/Mar/2024:10:21:26 +0100] "POST /livewire/update HTTP/1.1" 200 353613 "http://207.154.204.54/admin/staff?tableSearch=287" "Mozilla/5.0 (Windows NT 10.0; Win64; x64) AppleWebKit/537.36 (KHTML, like Gecko) Chrome/122.0.0.0 Safari/537.36 Edg/122.0.0.0"
105.113.4.10 - - [08/Mar/2024:10:21:29 +0100] "POST /livewire/update HTTP/1.1" 200 155399 "http://207.154.204.54/admin/staff?tableSearch=28769" "Mozilla/5.0 (Windows NT 10.0; Win64; x64) AppleWebKit/537.36 (KHTML, like Gecko) Chrome/122.0.0.0 Safari/537.36 Edg/122.0.0.0"
105.113.4.10 - - [08/Mar/2024:10:21:37 +0100] "POST /livewire/update HTTP/1.1" 200 348492 "http://207.154.204.54/admin/staff" "Mozilla/5.0 (Windows NT 10.0; Win64; x64) AppleWebKit/537.36 (KHTML, like Gecko) Chrome/122.0.0.0 Safari/537.36 Edg/122.0.0.0"
105.112.116.153 - - [08/Mar/2024:10:21:38 +0100] "-" 408 - "-" "-"
105.113.4.10 - - [08/Mar/2024:10:21:40 +0100] "POST /livewire/update HTTP/1.1" 200 353536 "http://207.154.204.54/admin/staff?tableSearch=H" "Mozilla/5.0 (Windows NT 10.0; Win64; x64) AppleWebKit/537.36 (KHTML, like Gecko) Chrome/122.0.0.0 Safari/537.36 Edg/122.0.0.0"
105.113.4.10 - - [08/Mar/2024:10:21:41 +0100] "POST /livewire/update HTTP/1.1" 200 353545 "http://207.154.204.54/admin/staff?tableSearch=Ha" "Mozilla/5.0 (Windows NT 10.0; Win64; x64) AppleWebKit/537.36 (KHTML, like Gecko) Chrome/122.0.0.0 Safari/537.36 Edg/122.0.0.0"
105.113.4.10 - - [08/Mar/2024:10:21:44 +0100] "POST /livewire/update HTTP/1.1" 200 257028 "http://207.154.204.54/admin/staff?tableSearch=Hajara+mo" "Mozilla/5.0 (Windows NT 10.0; Win64; x64) AppleWebKit/537.36 (KHTML, like Gecko) Chrome/122.0.0.0 Safari/537.36 Edg/122.0.0.0"
105.113.4.10 - - [08/Mar/2024:10:21:45 +0100] "POST /livewire/update HTTP/1.1" 200 189239 "http://207.154.204.54/admin/staff?tableSearch=Hajara+modu+" "Mozilla/5.0 (Windows NT 10.0; Win64; x64) AppleWebKit/537.36 (KHTML, like Gecko) Chrome/122.0.0.0 Safari/537.36 Edg/122.0.0.0"
105.113.4.10 - - [08/Mar/2024:10:21:47 +0100] "POST /livewire/update HTTP/1.1" 200 155425 "http://207.154.204.54/admin/staff?tableSearch=Hajara+modu+saiudu" "Mozilla/5.0 (Windows NT 10.0; Win64; x64) AppleWebKit/537.36 (KHTML, like Gecko) Chrome/122.0.0.0 Safari/537.36 Edg/122.0.0.0"
154.113.65.22 - - [08/Mar/2024:10:21:48 +0100] "POST /login HTTP/1.1" 302 354 "http://207.154.204.54/login" "Mozilla/5.0 (Windows NT 10.0; Win64; x64) AppleWebKit/537.36 (KHTML, like Gecko) Chrome/122.0.0.0 Safari/537.36"
154.113.65.22 - - [08/Mar/2024:10:21:49 +0100] "GET /admin HTTP/1.1" 302 394 "http://207.154.204.54/login" "Mozilla/5.0 (Windows NT 10.0; Win64; x64) AppleWebKit/537.36 (KHTML, like Gecko) Chrome/122.0.0.0 Safari/537.36"
154.113.65.22 - - [08/Mar/2024:10:21:51 +0100] "GET /rappasoft/laravel-livewire-tables/core.min.css HTTP/1.1" 304 - "http://207.154.204.54/admin/dashboard" "Mozilla/5.0 (Windows NT 10.0; Win64; x64) AppleWebKit/537.36 (KHTML, like Gecko) Chrome/122.0.0.0 Safari/537.36"
154.113.65.22 - - [08/Mar/2024:10:21:51 +0100] "GET /rappasoft/laravel-livewire-tables/thirdparty.css HTTP/1.1" 304 - "http://207.154.204.54/admin/dashboard" "Mozilla/5.0 (Windows NT 10.0; Win64; x64) AppleWebKit/537.36 (KHTML, like Gecko) Chrome/122.0.0.0 Safari/537.36"
154.113.65.22 - - [08/Mar/2024:10:21:52 +0100] "GET /rappasoft/laravel-livewire-tables/core.min.js HTTP/1.1" 304 - "http://207.154.204.54/admin/dashboard" "Mozilla/5.0 (Windows NT 10.0; Win64; x64) AppleWebKit/537.36 (KHTML, like Gecko) Chrome/122.0.0.0 Safari/537.36"
154.113.65.22 - - [08/Mar/2024:10:21:49 +0100] "GET /admin/dashboard HTTP/1.1" 200 112030 "http://207.154.204.54/login" "Mozilla/5.0 (Windows NT 10.0; Win64; x64) AppleWebKit/537.36 (KHTML, like Gecko) Chrome/122.0.0.0 Safari/537.36"
154.113.65.22 - - [08/Mar/2024:10:21:52 +0100] "GET /rappasoft/laravel-livewire-tables/thirdparty.min.js HTTP/1.1" 304 - "http://207.154.204.54/admin/dashboard" "Mozilla/5.0 (Windows NT 10.0; Win64; x64) AppleWebKit/537.36 (KHTML, like Gecko) Chrome/122.0.0.0 Safari/537.36"
105.113.4.10 - - [08/Mar/2024:10:21:54 +0100] "POST /livewire/update HTTP/1.1" 200 155419 "http://207.154.204.54/admin/staff?tableSearch=Hajara+modu+sai" "Mozilla/5.0 (Windows NT 10.0; Win64; x64) AppleWebKit/537.36 (KHTML, like Gecko) Chrome/122.0.0.0 Safari/537.36 Edg/122.0.0.0"
105.113.4.10 - - [08/Mar/2024:10:21:55 +0100] "POST /livewire/update HTTP/1.1" 200 155423 "http://207.154.204.54/admin/staff?tableSearch=Hajara+modu+saidu" "Mozilla/5.0 (Windows NT 10.0; Win64; x64) AppleWebKit/537.36 (KHTML, like Gecko) Chrome/122.0.0.0 Safari/537.36 Edg/122.0.0.0"
199.45.155.19 - - [08/Mar/2024:10:21:56 +0100] "GET / HTTP/1.1" 302 354 "-" "-"
199.45.155.19 - - [08/Mar/2024:10:21:59 +0100] "GET / HTTP/1.1" 301 233 "-" "Mozilla/5.0 (compatible; CensysInspect/1.1; +https://about.censys.io/)"
199.45.155.19 - - [08/Mar/2024:10:22:00 +0100] "PRI * HTTP/2.0" 400 226 "-" "-"
105.113.4.10 - - [08/Mar/2024:10:22:18 +0100] "POST /livewire/update HTTP/1.1" 200 348492 "http://207.154.204.54/admin/staff" "Mozilla/5.0 (Windows NT 10.0; Win64; x64) AppleWebKit/537.36 (KHTML, like Gecko) Chrome/122.0.0.0 Safari/537.36 Edg/122.0.0.0"
105.113.4.10 - - [08/Mar/2024:10:22:22 +0100] "POST /livewire/update HTTP/1.1" 200 353544 "http://207.154.204.54/admin/staff?tableSearch=1" "Mozilla/5.0 (Windows NT 10.0; Win64; x64) AppleWebKit/537.36 (KHTML, like Gecko) Chrome/122.0.0.0 Safari/537.36 Edg/122.0.0.0"
105.112.116.153 - - [08/Mar/2024:10:22:22 +0100] "POST /livewire/update HTTP/1.1" 200 459189 "http://207.154.204.54/admin/staff/8317/edit" "Mozilla/5.0 (Windows NT 10.0; Win64; x64) AppleWebKit/537.36 (KHTML, like Gecko) Chrome/119.0.0.0 Safari/537.36"
105.113.4.10 - - [08/Mar/2024:10:22:25 +0100] "POST /livewire/update HTTP/1.1" 200 353562 "http://207.154.204.54/admin/staff?tableSearch=106" "Mozilla/5.0 (Windows NT 10.0; Win64; x64) AppleWebKit/537.36 (KHTML, like Gecko) Chrome/122.0.0.0 Safari/537.36 Edg/122.0.0.0"
105.112.116.153 - - [08/Mar/2024:10:22:27 +0100] "POST /livewire/update HTTP/1.1" 200 5158 "http://207.154.204.54/admin/staff/8317/edit" "Mozilla/5.0 (Windows NT 10.0; Win64; x64) AppleWebKit/537.36 (KHTML, like Gecko) Chrome/119.0.0.0 Safari/537.36"
105.113.4.10 - - [08/Mar/2024:10:22:27 +0100] "POST /livewire/update HTTP/1.1" 200 189228 "http://207.154.204.54/admin/staff?tableSearch=10628" "Mozilla/5.0 (Windows NT 10.0; Win64; x64) AppleWebKit/537.36 (KHTML, like Gecko) Chrome/122.0.0.0 Safari/537.36 Edg/122.0.0.0"
105.112.116.153 - - [08/Mar/2024:10:22:31 +0100] "POST /livewire/update HTTP/1.1" 200 459206 "http://207.154.204.54/admin/staff/8317/edit" "Mozilla/5.0 (Windows NT 10.0; Win64; x64) AppleWebKit/537.36 (KHTML, like Gecko) Chrome/119.0.0.0 Safari/537.36"
105.112.116.153 - - [08/Mar/2024:10:22:34 +0100] "POST /livewire/update HTTP/1.1" 200 1340 "http://207.154.204.54/admin/staff/8317/edit" "Mozilla/5.0 (Windows NT 10.0; Win64; x64) AppleWebKit/537.36 (KHTML, like Gecko) Chrome/119.0.0.0 Safari/537.36"
105.113.4.10 - - [08/Mar/2024:10:22:35 +0100] "GET /admin/staff/2055/edit HTTP/1.1" 200 436668 "http://207.154.204.54/admin/staff?tableSearch=10628" "Mozilla/5.0 (Windows NT 10.0; Win64; x64) AppleWebKit/537.36 (KHTML, like Gecko) Chrome/122.0.0.0 Safari/537.36 Edg/122.0.0.0"
197.210.53.113 - - [08/Mar/2024:10:22:34 +0100] "POST /livewire/update HTTP/1.1" 200 422658 "http://207.154.204.54/admin/staff/6507/edit" "Mozilla/5.0 (Windows NT 10.0; Win64; x64) AppleWebKit/537.36 (KHTML, like Gecko) Chrome/122.0.0.0 Safari/537.36"
197.210.53.113 - - [08/Mar/2024:10:22:37 +0100] "POST /livewire/update HTTP/1.1" 200 5159 "http://207.154.204.54/admin/staff/6507/edit" "Mozilla/5.0 (Windows NT 10.0; Win64; x64) AppleWebKit/537.36 (KHTML, like Gecko) Chrome/122.0.0.0 Safari/537.36"
154.113.65.22 - - [08/Mar/2024:10:22:44 +0100] "-" 408 - "-" "-"
102.91.47.132 - - [08/Mar/2024:10:22:44 +0100] "POST /livewire/update HTTP/1.1" 200 1341 "http://207.154.204.54/admin/staff/6507/edit" "Mozilla/5.0 (Windows NT 10.0; Win64; x64) AppleWebKit/537.36 (KHTML, like Gecko) Chrome/122.0.0.0 Safari/537.36"
197.210.53.16 - - [08/Mar/2024:10:22:55 +0100] "POST /livewire/update HTTP/1.1" 200 386829 "http://207.154.204.54/admin/staff/10562/edit" "Mozilla/5.0 (Windows NT 10.0; Win64; x64) AppleWebKit/537.36 (KHTML, like Gecko) Chrome/122.0.0.0 Safari/537.36 Edg/122.0.0.0"
197.210.53.16 - - [08/Mar/2024:10:22:57 +0100] "POST /livewire/update HTTP/1.1" 200 392019 "http://207.154.204.54/admin/staff/10562/edit" "Mozilla/5.0 (Windows NT 10.0; Win64; x64) AppleWebKit/537.36 (KHTML, like Gecko) Chrome/122.0.0.0 Safari/537.36 Edg/122.0.0.0"
197.210.53.16 - - [08/Mar/2024:10:22:59 +0100] "POST /livewire/update HTTP/1.1" 200 5160 "http://207.154.204.54/admin/staff/10562/edit" "Mozilla/5.0 (Windows NT 10.0; Win64; x64) AppleWebKit/537.36 (KHTML, like Gecko) Chrome/122.0.0.0 Safari/537.36 Edg/122.0.0.0"
197.210.53.16 - - [08/Mar/2024:10:23:01 +0100] "POST /livewire/update HTTP/1.1" 200 386846 "http://207.154.204.54/admin/staff/10562/edit" "Mozilla/5.0 (Windows NT 10.0; Win64; x64) AppleWebKit/537.36 (KHTML, like Gecko) Chrome/122.0.0.0 Safari/537.36 Edg/122.0.0.0"
197.210.53.16 - - [08/Mar/2024:10:23:05 +0100] "POST /livewire/update HTTP/1.1" 200 1342 "http://207.154.204.54/admin/staff/10562/edit" "Mozilla/5.0 (Windows NT 10.0; Win64; x64) AppleWebKit/537.36 (KHTML, like Gecko) Chrome/122.0.0.0 Safari/537.36 Edg/122.0.0.0"
105.112.116.153 - - [08/Mar/2024:10:23:14 +0100] "POST /livewire/update HTTP/1.1" 200 459117 "http://207.154.204.54/admin/staff/8317/edit" "Mozilla/5.0 (Windows NT 10.0; Win64; x64) AppleWebKit/537.36 (KHTML, like Gecko) Chrome/119.0.0.0 Safari/537.36"
102.91.48.15 - - [08/Mar/2024:10:23:24 +0100] "POST /livewire/update HTTP/1.1" 200 386739 "http://207.154.204.54/admin/staff/10562/edit" "Mozilla/5.0 (Windows NT 10.0; Win64; x64) AppleWebKit/537.36 (KHTML, like Gecko) Chrome/122.0.0.0 Safari/537.36 Edg/122.0.0.0"
102.91.48.15 - - [08/Mar/2024:10:23:26 +0100] "POST /livewire/update HTTP/1.1" 200 5160 "http://207.154.204.54/admin/staff/10562/edit" "Mozilla/5.0 (Windows NT 10.0; Win64; x64) AppleWebKit/537.36 (KHTML, like Gecko) Chrome/122.0.0.0 Safari/537.36 Edg/122.0.0.0"
105.113.4.10 - - [08/Mar/2024:10:23:28 +0100] "-" 408 - "-" "-"
102.91.48.15 - - [08/Mar/2024:10:23:28 +0100] "POST /livewire/update HTTP/1.1" 200 386756 "http://207.154.204.54/admin/staff/10562/edit" "Mozilla/5.0 (Windows NT 10.0; Win64; x64) AppleWebKit/537.36 (KHTML, like Gecko) Chrome/122.0.0.0 Safari/537.36 Edg/122.0.0.0"
102.91.48.15 - - [08/Mar/2024:10:23:33 +0100] "POST /livewire/update HTTP/1.1" 200 1342 "http://207.154.204.54/admin/staff/10562/edit" "Mozilla/5.0 (Windows NT 10.0; Win64; x64) AppleWebKit/537.36 (KHTML, like Gecko) Chrome/122.0.0.0 Safari/537.36 Edg/122.0.0.0"
154.113.65.22 - - [08/Mar/2024:10:23:41 +0100] "GET /admin/staff HTTP/1.1" 200 412378 "http://207.154.204.54/admin/dashboard" "Mozilla/5.0 (Windows NT 10.0; Win64; x64) AppleWebKit/537.36 (KHTML, like Gecko) Chrome/122.0.0.0 Safari/537.36"
197.210.52.148 - - [08/Mar/2024:10:23:57 +0100] "POST /livewire/update HTTP/1.1" 200 386565 "http://207.154.204.54/admin/staff/10562/edit" "Mozilla/5.0 (Windows NT 10.0; Win64; x64) AppleWebKit/537.36 (KHTML, like Gecko) Chrome/122.0.0.0 Safari/537.36 Edg/122.0.0.0"
197.210.52.148 - - [08/Mar/2024:10:23:58 +0100] "POST /livewire/update HTTP/1.1" 200 5160 "http://207.154.204.54/admin/staff/10562/edit" "Mozilla/5.0 (Windows NT 10.0; Win64; x64) AppleWebKit/537.36 (KHTML, like Gecko) Chrome/122.0.0.0 Safari/537.36 Edg/122.0.0.0"
197.210.52.148 - - [08/Mar/2024:10:24:01 +0100] "POST /livewire/update HTTP/1.1" 200 405520 "http://207.154.204.54/admin/staff/10562/edit" "Mozilla/5.0 (Windows NT 10.0; Win64; x64) AppleWebKit/537.36 (KHTML, like Gecko) Chrome/122.0.0.0 Safari/537.36 Edg/122.0.0.0"
105.112.116.153 - - [08/Mar/2024:10:24:00 +0100] "POST /livewire/update HTTP/1.1" 200 458911 "http://207.154.204.54/admin/staff/8317/edit" "Mozilla/5.0 (Windows NT 10.0; Win64; x64) AppleWebKit/537.36 (KHTML, like Gecko) Chrome/119.0.0.0 Safari/537.36"
105.112.116.153 - - [08/Mar/2024:10:24:03 +0100] "POST /livewire/update HTTP/1.1" 200 5158 "http://207.154.204.54/admin/staff/8317/edit" "Mozilla/5.0 (Windows NT 10.0; Win64; x64) AppleWebKit/537.36 (KHTML, like Gecko) Chrome/119.0.0.0 Safari/537.36"
197.210.52.148 - - [08/Mar/2024:10:24:05 +0100] "POST /livewire/update HTTP/1.1" 200 1342 "http://207.154.204.54/admin/staff/10562/edit" "Mozilla/5.0 (Windows NT 10.0; Win64; x64) AppleWebKit/537.36 (KHTML, like Gecko) Chrome/122.0.0.0 Safari/537.36 Edg/122.0.0.0"
105.112.116.153 - - [08/Mar/2024:10:24:07 +0100] "GET /admin/staff HTTP/1.1" 200 412376 "http://207.154.204.54/admin/staff/8317/edit" "Mozilla/5.0 (Windows NT 10.0; Win64; x64) AppleWebKit/537.36 (KHTML, like Gecko) Chrome/119.0.0.0 Safari/537.36"
102.91.49.48 - - [08/Mar/2024:10:24:08 +0100] "POST /livewire/update HTTP/1.1" 200 361053 "http://207.154.204.54/admin/staff?tableFilters[agency_id][values][0]=5&tableFilters[suspended][isActive]=false&tableFilters[retired][isActive]=false&tableFilters[deceased][isActive]=false&tableFilters[student][isActive]=false&tableFilters[senior_citizen][isActive]=false&tableSearch=" "Mozilla/5.0 (Windows NT 10.0; Win64; x64) AppleWebKit/537.36 (KHTML, like Gecko) Chrome/122.0.0.0 Safari/537.36"
105.112.116.153 - - [08/Mar/2024:10:24:10 +0100] "POST /livewire/update HTTP/1.1" 200 1324 "http://207.154.204.54/admin/staff" "Mozilla/5.0 (Windows NT 10.0; Win64; x64) AppleWebKit/537.36 (KHTML, like Gecko) Chrome/119.0.0.0 Safari/537.36"
95.214.235.169 - - [08/Mar/2024:10:24:17 +0100] "GET /.env HTTP/1.1" 404 6603 "-" "Mozilla/5.0 (X11; Linux x86_64) AppleWebKit/537.36 (KHTML, like Gecko) Chrome/81.0.4044.129 Safari/537.36"
154.113.65.22 - - [08/Mar/2024:10:24:17 +0100] "POST /livewire/update HTTP/1.1" 200 362305 "http://207.154.204.54/admin/staff?tableFilters[agency_id][values][0]=29&tableFilters[suspended][isActive]=false&tableFilters[retired][isActive]=false&tableFilters[deceased][isActive]=false&tableFilters[student][isActive]=false&tableFilters[senior_citizen][isActive]=false" "Mozilla/5.0 (Windows NT 10.0; Win64; x64) AppleWebKit/537.36 (KHTML, like Gecko) Chrome/122.0.0.0 Safari/537.36"
95.214.235.169 - - [08/Mar/2024:10:24:18 +0100] "POST / HTTP/1.1" 405 1011 "-" "Mozilla/5.0 (X11; Linux x86_64) AppleWebKit/537.36 (KHTML, like Gecko) Chrome/81.0.4044.129 Safari/537.36"
105.112.116.153 - - [08/Mar/2024:10:24:18 +0100] "POST /livewire/update HTTP/1.1" 200 371009 "http://207.154.204.54/admin/staff?tableFilters[agency_id][values][0]=37&tableFilters[suspended][isActive]=false&tableFilters[retired][isActive]=false&tableFilters[deceased][isActive]=false&tableFilters[student][isActive]=false&tableFilters[senior_citizen][isActive]=false" "Mozilla/5.0 (Windows NT 10.0; Win64; x64) AppleWebKit/537.36 (KHTML, like Gecko) Chrome/119.0.0.0 Safari/537.36"
105.112.118.104 - - [08/Mar/2024:10:24:24 +0100] "GET /rappasoft/laravel-livewire-tables/core.min.css HTTP/1.1" 304 - "http://207.154.204.54/admin/staff/3490/edit" "Mozilla/5.0 (Windows NT 10.0; Win64; x64) AppleWebKit/537.36 (KHTML, like Gecko) Chrome/122.0.0.0 Safari/537.36 Edg/122.0.0.0"
105.112.118.104 - - [08/Mar/2024:10:24:25 +0100] "GET /css/filament/support/support.css?v=3.2.35.0 HTTP/1.1" 304 - "http://207.154.204.54/admin/staff/3490/edit" "Mozilla/5.0 (Windows NT 10.0; Win64; x64) AppleWebKit/537.36 (KHTML, like Gecko) Chrome/122.0.0.0 Safari/537.36 Edg/122.0.0.0"
105.112.118.104 - - [08/Mar/2024:10:24:25 +0100] "GET /css/filament/forms/forms.css?v=3.2.35.0 HTTP/1.1" 304 - "http://207.154.204.54/admin/staff/3490/edit" "Mozilla/5.0 (Windows NT 10.0; Win64; x64) AppleWebKit/537.36 (KHTML, like Gecko) Chrome/122.0.0.0 Safari/537.36 Edg/122.0.0.0"
105.112.118.104 - - [08/Mar/2024:10:24:25 +0100] "GET /css/filament-daterangepicker-filter/filament-daterangepicker-filter2.3.1.0.css?v=3.2.35.0 HTTP/1.1" 304 - "http://207.154.204.54/admin/staff/3490/edit" "Mozilla/5.0 (Windows NT 10.0; Win64; x64) AppleWebKit/537.36 (KHTML, like Gecko) Chrome/122.0.0.0 Safari/537.36 Edg/122.0.0.0"
105.112.118.104 - - [08/Mar/2024:10:24:25 +0100] "GET /rappasoft/laravel-livewire-tables/thirdparty.css HTTP/1.1" 304 - "http://207.154.204.54/admin/staff/3490/edit" "Mozilla/5.0 (Windows NT 10.0; Win64; x64) AppleWebKit/537.36 (KHTML, like Gecko) Chrome/122.0.0.0 Safari/537.36 Edg/122.0.0.0"
105.112.118.104 - - [08/Mar/2024:10:24:24 +0100] "GET /admin/staff/3490/edit HTTP/1.1" 200 499608 "-" "Mozilla/5.0 (Windows NT 10.0; Win64; x64) AppleWebKit/537.36 (KHTML, like Gecko) Chrome/122.0.0.0 Safari/537.36 Edg/122.0.0.0"
105.112.118.104 - - [08/Mar/2024:10:24:25 +0100] "GET /css/filament/filament/app.css?v=3.2.35.0 HTTP/1.1" 304 - "http://207.154.204.54/admin/staff/3490/edit" "Mozilla/5.0 (Windows NT 10.0; Win64; x64) AppleWebKit/537.36 (KHTML, like Gecko) Chrome/122.0.0.0 Safari/537.36 Edg/122.0.0.0"
105.112.118.104 - - [08/Mar/2024:10:24:25 +0100] "GET /css/filament-activity-log/filament-activity-log-styles.css?v=3.2.35.0 HTTP/1.1" 304 - "http://207.154.204.54/admin/staff/3490/edit" "Mozilla/5.0 (Windows NT 10.0; Win64; x64) AppleWebKit/537.36 (KHTML, like Gecko) Chrome/122.0.0.0 Safari/537.36 Edg/122.0.0.0"
105.112.118.104 - - [08/Mar/2024:10:24:25 +0100] "GET /rappasoft/laravel-livewire-tables/thirdparty.min.js HTTP/1.1" 304 - "http://207.154.204.54/admin/staff/3490/edit" "Mozilla/5.0 (Windows NT 10.0; Win64; x64) AppleWebKit/537.36 (KHTML, like Gecko) Chrome/122.0.0.0 Safari/537.36 Edg/122.0.0.0"
105.112.118.104 - - [08/Mar/2024:10:24:25 +0100] "GET /rappasoft/laravel-livewire-tables/core.min.js HTTP/1.1" 304 - "http://207.154.204.54/admin/staff/3490/edit" "Mozilla/5.0 (Windows NT 10.0; Win64; x64) AppleWebKit/537.36 (KHTML, like Gecko) Chrome/122.0.0.0 Safari/537.36 Edg/122.0.0.0"
105.112.118.104 - - [08/Mar/2024:10:24:25 +0100] "GET /js/filament/notifications/notifications.js?v=3.2.35.0 HTTP/1.1" 304 - "http://207.154.204.54/admin/staff/3490/edit" "Mozilla/5.0 (Windows NT 10.0; Win64; x64) AppleWebKit/537.36 (KHTML, like Gecko) Chrome/122.0.0.0 Safari/537.36 Edg/122.0.0.0"
105.112.118.104 - - [08/Mar/2024:10:24:25 +0100] "GET /js/filament/support/async-alpine.js?v=3.2.35.0 HTTP/1.1" 304 - "http://207.154.204.54/admin/staff/3490/edit" "Mozilla/5.0 (Windows NT 10.0; Win64; x64) AppleWebKit/537.36 (KHTML, like Gecko) Chrome/122.0.0.0 Safari/537.36 Edg/122.0.0.0"
105.112.118.104 - - [08/Mar/2024:10:24:25 +0100] "GET /js/filament-daterangepicker-filter/filament-daterangepicker-filter2.3.1.0.js?v=3.2.35.0 HTTP/1.1" 304 - "http://207.154.204.54/admin/staff/3490/edit" "Mozilla/5.0 (Windows NT 10.0; Win64; x64) AppleWebKit/537.36 (KHTML, like Gecko) Chrome/122.0.0.0 Safari/537.36 Edg/122.0.0.0"
105.112.118.104 - - [08/Mar/2024:10:24:25 +0100] "GET /js/filament/support/support.js?v=3.2.35.0 HTTP/1.1" 304 - "http://207.154.204.54/admin/staff/3490/edit" "Mozilla/5.0 (Windows NT 10.0; Win64; x64) AppleWebKit/537.36 (KHTML, like Gecko) Chrome/122.0.0.0 Safari/537.36 Edg/122.0.0.0"
105.112.118.104 - - [08/Mar/2024:10:24:25 +0100] "GET /js/filament-activity-log/filament-activity-log-scripts.js?v=3.2.35.0 HTTP/1.1" 304 - "http://207.154.204.54/admin/staff/3490/edit" "Mozilla/5.0 (Windows NT 10.0; Win64; x64) AppleWebKit/537.36 (KHTML, like Gecko) Chrome/122.0.0.0 Safari/537.36 Edg/122.0.0.0"
105.112.118.104 - - [08/Mar/2024:10:24:25 +0100] "GET /js/filament/filament/echo.js?v=3.2.35.0 HTTP/1.1" 304 - "http://207.154.204.54/admin/staff/3490/edit" "Mozilla/5.0 (Windows NT 10.0; Win64; x64) AppleWebKit/537.36 (KHTML, like Gecko) Chrome/122.0.0.0 Safari/537.36 Edg/122.0.0.0"
105.112.118.104 - - [08/Mar/2024:10:24:26 +0100] "GET /js/filament/filament/app.js?v=3.2.35.0 HTTP/1.1" 304 - "http://207.154.204.54/admin/staff/3490/edit" "Mozilla/5.0 (Windows NT 10.0; Win64; x64) AppleWebKit/537.36 (KHTML, like Gecko) Chrome/122.0.0.0 Safari/537.36 Edg/122.0.0.0"
105.113.4.10 - - [08/Mar/2024:10:24:28 +0100] "-" 408 - "-" "-"
105.113.4.10 - - [08/Mar/2024:10:24:28 +0100] "-" 408 - "-" "-"
102.91.46.78 - - [08/Mar/2024:10:24:41 +0100] "-" 408 - "-" "-"
102.91.47.132 - - [08/Mar/2024:10:24:43 +0100] "POST /livewire/update HTTP/1.1" 200 423810 "http://207.154.204.54/admin/staff/10562/edit" "Mozilla/5.0 (Windows NT 10.0; Win64; x64) AppleWebKit/537.36 (KHTML, like Gecko) Chrome/122.0.0.0 Safari/537.36 Edg/122.0.0.0"
105.112.116.153 - - [08/Mar/2024:10:24:57 +0100] "POST /livewire/update HTTP/1.1" 200 225265 "http://207.154.204.54/admin/staff?tableFilters[agency_id][values][0]=37&tableFilters[suspended][isActive]=false&tableFilters[retired][isActive]=false&tableFilters[deceased][isActive]=false&tableFilters[student][isActive]=false&tableFilters[senior_citizen][isActive]=false&tableSearch=LARABA+" "Mozilla/5.0 (Windows NT 10.0; Win64; x64) AppleWebKit/537.36 (KHTML, like Gecko) Chrome/119.0.0.0 Safari/537.36"
197.210.53.102 - - [08/Mar/2024:10:24:57 +0100] "POST /livewire/update HTTP/1.1" 200 354654 "http://207.154.204.54/admin/staff?tableFilters[agency_id][values][0]=5&tableFilters[suspended][isActive]=false&tableFilters[retired][isActive]=false&tableFilters[deceased][isActive]=false&tableFilters[student][isActive]=false&tableFilters[senior_citizen][isActive]=false&tableSearch=ba" "Mozilla/5.0 (Windows NT 10.0; Win64; x64) AppleWebKit/537.36 (KHTML, like Gecko) Chrome/122.0.0.0 Safari/537.36"
105.112.116.153 - - [08/Mar/2024:10:25:00 +0100] "POST /livewire/update HTTP/1.1" 200 157577 "http://207.154.204.54/admin/staff?tableFilters[agency_id][values][0]=37&tableFilters[suspended][isActive]=false&tableFilters[retired][isActive]=false&tableFilters[deceased][isActive]=false&tableFilters[student][isActive]=false&tableFilters[senior_citizen][isActive]=false&tableSearch=LARABA+YAJK" "Mozilla/5.0 (Windows NT 10.0; Win64; x64) AppleWebKit/537.36 (KHTML, like Gecko) Chrome/119.0.0.0 Safari/537.36"
105.112.116.153 - - [08/Mar/2024:10:25:01 +0100] "POST /livewire/update HTTP/1.1" 200 191397 "http://207.154.204.54/admin/staff?tableFilters[agency_id][values][0]=37&tableFilters[suspended][isActive]=false&tableFilters[retired][isActive]=false&tableFilters[deceased][isActive]=false&tableFilters[student][isActive]=false&tableFilters[senior_citizen][isActive]=false&tableSearch=LARABA+YA" "Mozilla/5.0 (Windows NT 10.0; Win64; x64) AppleWebKit/537.36 (KHTML, like Gecko) Chrome/119.0.0.0 Safari/537.36"
197.210.53.102 - - [08/Mar/2024:10:25:01 +0100] "POST /livewire/update HTTP/1.1" 200 198627 "http://207.154.204.54/admin/staff?tableFilters[agency_id][values][0]=5&tableFilters[suspended][isActive]=false&tableFilters[retired][isActive]=false&tableFilters[deceased][isActive]=false&tableFilters[student][isActive]=false&tableFilters[senior_citizen][isActive]=false&tableSearch=bakura" "Mozilla/5.0 (Windows NT 10.0; Win64; x64) AppleWebKit/537.36 (KHTML, like Gecko) Chrome/122.0.0.0 Safari/537.36"
105.112.116.153 - - [08/Mar/2024:10:25:02 +0100] "POST /livewire/update HTTP/1.1" 200 191401 "http://207.154.204.54/admin/staff?tableFilters[agency_id][values][0]=37&tableFilters[suspended][isActive]=false&tableFilters[retired][isActive]=false&tableFilters[deceased][isActive]=false&tableFilters[student][isActive]=false&tableFilters[senior_citizen][isActive]=false&tableSearch=LARABA+YAKU" "Mozilla/5.0 (Windows NT 10.0; Win64; x64) AppleWebKit/537.36 (KHTML, like Gecko) Chrome/119.0.0.0 Safari/537.36"
197.210.53.102 - - [08/Mar/2024:10:25:02 +0100] "POST /livewire/update HTTP/1.1" 200 361006 "http://207.154.204.54/admin/staff?tableFilters[agency_id][values][0]=5&tableFilters[suspended][isActive]=false&tableFilters[retired][isActive]=false&tableFilters[deceased][isActive]=false&tableFilters[student][isActive]=false&tableFilters[senior_citizen][isActive]=false&tableSearch=" "Mozilla/5.0 (Windows NT 10.0; Win64; x64) AppleWebKit/537.36 (KHTML, like Gecko) Chrome/122.0.0.0 Safari/537.36"
197.210.53.102 - - [08/Mar/2024:10:25:03 +0100] "POST /livewire/update HTTP/1.1" 200 354654 "http://207.154.204.54/admin/staff?tableFilters[agency_id][values][0]=5&tableFilters[suspended][isActive]=false&tableFilters[retired][isActive]=false&tableFilters[deceased][isActive]=false&tableFilters[student][isActive]=false&tableFilters[senior_citizen][isActive]=false&tableSearch=BA" "Mozilla/5.0 (Windows NT 10.0; Win64; x64) AppleWebKit/537.36 (KHTML, like Gecko) Chrome/122.0.0.0 Safari/537.36"
154.113.65.22 - - [08/Mar/2024:10:25:00 +0100] "GET /admin/staff/659/edit HTTP/1.1" 200 465321 "http://207.154.204.54/admin/staff?tableFilters[agency_id][values][0]=29&tableFilters[suspended][isActive]=false&tableFilters[retired][isActive]=false&tableFilters[deceased][isActive]=false&tableFilters[student][isActive]=false&tableFilters[senior_citizen][isActive]=false" "Mozilla/5.0 (Windows NT 10.0; Win64; x64) AppleWebKit/537.36 (KHTML, like Gecko) Chrome/122.0.0.0 Safari/537.36"
105.112.116.153 - - [08/Mar/2024:10:25:04 +0100] "GET /admin/staff/7518/edit HTTP/1.1" 200 437220 "http://207.154.204.54/admin/staff?tableFilters[agency_id][values][0]=37&tableFilters[suspended][isActive]=false&tableFilters[retired][isActive]=false&tableFilters[deceased][isActive]=false&tableFilters[student][isActive]=false&tableFilters[senior_citizen][isActive]=false&tableSearch=LARABA+YAKU" "Mozilla/5.0 (Windows NT 10.0; Win64; x64) AppleWebKit/537.36 (KHTML, like Gecko) Chrome/119.0.0.0 Safari/537.36"
197.210.53.102 - - [08/Mar/2024:10:25:05 +0100] "POST /livewire/update HTTP/1.1" 200 157546 "http://207.154.204.54/admin/staff?tableFilters[agency_id][values][0]=5&tableFilters[suspended][isActive]=false&tableFilters[retired][isActive]=false&tableFilters[deceased][isActive]=false&tableFilters[student][isActive]=false&tableFilters[senior_citizen][isActive]=false&tableSearch=Baa" "Mozilla/5.0 (Windows NT 10.0; Win64; x64) AppleWebKit/537.36 (KHTML, like Gecko) Chrome/122.0.0.0 Safari/537.36"
105.113.4.10 - - [08/Mar/2024:10:25:07 +0100] "POST /livewire/update HTTP/1.1" 200 386978 "http://207.154.204.54/admin/staff/2055/edit" "Mozilla/5.0 (Windows NT 10.0; Win64; x64) AppleWebKit/537.36 (KHTML, like Gecko) Chrome/122.0.0.0 Safari/537.36 Edg/122.0.0.0"
