197.210.53.102 - - [08/Mar/2024:10:25:19 +0100] "POST /livewire/update HTTP/1.1" 200 354654 "http://207.154.204.54/admin/staff?tableFilters[agency_id][values][0]=5&tableFilters[suspended][isActive]=false&tableFilters[retired][isActive]=false&tableFilters[deceased][isActive]=false&tableFilters[student][isActive]=false&tableFilters[senior_citizen][isActive]=false&tableSearch=Ba" "Mozilla/5.0 (Windows NT 10.0; Win64; x64) AppleWebKit/537.36 (KHTML, like Gecko) Chrome/122.0.0.0 Safari/537.36"
197.210.53.102 - - [08/Mar/2024:10:25:22 +0100] "POST /livewire/update HTTP/1.1" 200 198623 "http://207.154.204.54/admin/staff?tableFilters[agency_id][values][0]=5&tableFilters[suspended][isActive]=false&tableFilters[retired][isActive]=false&tableFilters[deceased][isActive]=false&tableFilters[student][isActive]=false&tableFilters[senior_citizen][isActive]=false&tableSearch=Baku" "Mozilla/5.0 (Windows NT 10.0; Win64; x64) AppleWebKit/537.36 (KHTML, like Gecko) Chrome/122.0.0.0 Safari/537.36"
197.210.53.102 - - [08/Mar/2024:10:25:24 +0100] "POST /livewire/update HTTP/1.1" 200 198627 "http://207.154.204.54/admin/staff?tableFilters[agency_id][values][0]=5&tableFilters[suspended][isActive]=false&tableFilters[retired][isActive]=false&tableFilters[deceased][isActive]=false&tableFilters[student][isActive]=false&tableFilters[senior_citizen][isActive]=false&tableSearch=Bakura" "Mozilla/5.0 (Windows NT 10.0; Win64; x64) AppleWebKit/537.36 (KHTML, like Gecko) Chrome/122.0.0.0 Safari/537.36"
197.210.52.148 - - [08/Mar/2024:10:25:23 +0100] "POST /livewire/update HTTP/1.1" 200 442099 "http://207.154.204.54/admin/staff/10562/edit" "Mozilla/5.0 (Windows NT 10.0; Win64; x64) AppleWebKit/537.36 (KHTML, like Gecko) Chrome/122.0.0.0 Safari/537.36 Edg/122.0.0.0"
197.210.53.102 - - [08/Mar/2024:10:25:26 +0100] "POST /livewire/update HTTP/1.1" 200 198628 "http://207.154.204.54/admin/staff?tableFilters[agency_id][values][0]=5&tableFilters[suspended][isActive]=false&tableFilters[retired][isActive]=false&tableFilters[deceased][isActive]=false&tableFilters[student][isActive]=false&tableFilters[senior_citizen][isActive]=false&tableSearch=Bakura+" "Mozilla/5.0 (Windows NT 10.0; Win64; x64) AppleWebKit/537.36 (KHTML, like Gecko) Chrome/122.0.0.0 Safari/537.36"
197.210.53.102 - - [08/Mar/2024:10:25:29 +0100] "POST /livewire/update HTTP/1.1" 200 198631 "http://207.154.204.54/admin/staff?tableFilters[agency_id][values][0]=5&tableFilters[suspended][isActive]=false&tableFilters[retired][isActive]=false&tableFilters[deceased][isActive]=false&tableFilters[student][isActive]=false&tableFilters[senior_citizen][isActive]=false&tableSearch=Bakura+m" "Mozilla/5.0 (Windows NT 10.0; Win64; x64) AppleWebKit/537.36 (KHTML, like Gecko) Chrome/122.0.0.0 Safari/537.36"
197.210.53.102 - - [08/Mar/2024:10:25:30 +0100] "POST /livewire/update HTTP/1.1" 200 198628 "http://207.154.204.54/admin/staff?tableFilters[agency_id][values][0]=5&tableFilters[suspended][isActive]=false&tableFilters[retired][isActive]=false&tableFilters[deceased][isActive]=false&tableFilters[student][isActive]=false&tableFilters[senior_citizen][isActive]=false&tableSearch=Bakura+" "Mozilla/5.0 (Windows NT 10.0; Win64; x64) AppleWebKit/537.36 (KHTML, like Gecko) Chrome/122.0.0.0 Safari/537.36"
197.210.53.102 - - [08/Mar/2024:10:25:32 +0100] "POST /livewire/update HTTP/1.1" 200 198631 "http://207.154.204.54/admin/staff?tableFilters[agency_id][values][0]=5&tableFilters[suspended][isActive]=false&tableFilters[retired][isActive]=false&tableFilters[deceased][isActive]=false&tableFilters[student][isActive]=false&tableFilters[senior_citizen][isActive]=false&tableSearch=Bakura+M" "Mozilla/5.0 (Windows NT 10.0; Win64; x64) AppleWebKit/537.36 (KHTML, like Gecko) Chrome/122.0.0.0 Safari/537.36"
197.210.53.102 - - [08/Mar/2024:10:25:33 +0100] "POST /livewire/update HTTP/1.1" 200 198633 "http://207.154.204.54/admin/staff?tableFilters[agency_id][values][0]=5&tableFilters[suspended][isActive]=false&tableFilters[retired][isActive]=false&tableFilters[deceased][isActive]=false&tableFilters[student][isActive]=false&tableFilters[senior_citizen][isActive]=false&tableSearch=Bakura+Mu" "Mozilla/5.0 (Windows NT 10.0; Win64; x64) AppleWebKit/537.36 (KHTML, like Gecko) Chrome/122.0.0.0 Safari/537.36"
197.210.53.102 - - [08/Mar/2024:10:25:34 +0100] "POST /livewire/update HTTP/1.1" 200 198635 "http://207.154.204.54/admin/staff?tableFilters[agency_id][values][0]=5&tableFilters[suspended][isActive]=false&tableFilters[retired][isActive]=false&tableFilters[deceased][isActive]=false&tableFilters[student][isActive]=false&tableFilters[senior_citizen][isActive]=false&tableSearch=Bakura+Muh" "Mozilla/5.0 (Windows NT 10.0; Win64; x64) AppleWebKit/537.36 (KHTML, like Gecko) Chrome/122.0.0.0 Safari/537.36"
197.210.53.102 - - [08/Mar/2024:10:25:35 +0100] "POST /livewire/update HTTP/1.1" 200 198637 "http://207.154.204.54/admin/staff?tableFilters[agency_id][values][0]=5&tableFilters[suspended][isActive]=false&tableFilters[retired][isActive]=false&tableFilters[deceased][isActive]=false&tableFilters[student][isActive]=false&tableFilters[senior_citizen][isActive]=false&tableSearch=Bakura+Muha" "Mozilla/5.0 (Windows NT 10.0; Win64; x64) AppleWebKit/537.36 (KHTML, like Gecko) Chrome/122.0.0.0 Safari/537.36"
197.210.53.102 - - [08/Mar/2024:10:25:36 +0100] "POST /livewire/update HTTP/1.1" 200 198641 "http://207.154.204.54/admin/staff?tableFilters[agency_id][values][0]=5&tableFilters[suspended][isActive]=false&tableFilters[retired][isActive]=false&tableFilters[deceased][isActive]=false&tableFilters[student][isActive]=false&tableFilters[senior_citizen][isActive]=false&tableSearch=Bakura+Muhamm" "Mozilla/5.0 (Windows NT 10.0; Win64; x64) AppleWebKit/537.36 (KHTML, like Gecko) Chrome/122.0.0.0 Safari/537.36"
197.210.53.102 - - [08/Mar/2024:10:25:38 +0100] "POST /livewire/update HTTP/1.1" 200 198643 "http://207.154.204.54/admin/staff?tableFilters[agency_id][values][0]=5&tableFilters[suspended][isActive]=false&tableFilters[retired][isActive]=false&tableFilters[deceased][isActive]=false&tableFilters[student][isActive]=false&tableFilters[senior_citizen][isActive]=false&tableSearch=Bakura+Muhamma" "Mozilla/5.0 (Windows NT 10.0; Win64; x64) AppleWebKit/537.36 (KHTML, like Gecko) Chrome/122.0.0.0 Safari/537.36"
197.210.53.102 - - [08/Mar/2024:10:25:39 +0100] "POST /livewire/update HTTP/1.1" 200 198645 "http://207.154.204.54/admin/staff?tableFilters[agency_id][values][0]=5&tableFilters[suspended][isActive]=false&tableFilters[retired][isActive]=false&tableFilters[deceased][isActive]=false&tableFilters[student][isActive]=false&tableFilters[senior_citizen][isActive]=false&tableSearch=Bakura+Muhammad" "Mozilla/5.0 (Windows NT 10.0; Win64; x64) AppleWebKit/537.36 (KHTML, like Gecko) Chrome/122.0.0.0 Safari/537.36"
105.112.118.163 - - [08/Mar/2024:10:25:41 +0100] "POST /livewire/update HTTP/1.1" 200 497245 "http://207.154.204.54/admin/staff/1339/edit" "Mozilla/5.0 (Windows NT 10.0; Win64; x64; rv:123.0) Gecko/20100101 Firefox/123.0"
154.113.65.22 - - [08/Mar/2024:10:25:43 +0100] "POST /livewire/update HTTP/1.1" 200 405211 "http://207.154.204.54/admin/staff/659/edit" "Mozilla/5.0 (Windows NT 10.0; Win64; x64) AppleWebKit/537.36 (KHTML, like Gecko) Chrome/122.0.0.0 Safari/537.36"
154.113.65.22 - - [08/Mar/2024:10:25:47 +0100] "POST /livewire/update HTTP/1.1" 200 70193 "http://207.154.204.54/admin/staff/659/edit" "Mozilla/5.0 (Windows NT 10.0; Win64; x64) AppleWebKit/537.36 (KHTML, like Gecko) Chrome/122.0.0.0 Safari/537.36"
102.91.49.48 - - [08/Mar/2024:10:25:49 +0100] "GET /admin/staff/5382/edit HTTP/1.1" 200 465318 "http://207.154.204.54/admin/staff?tableFilters[agency_id][values][0]=5&tableFilters[suspended][isActive]=false&tableFilters[retired][isActive]=false&tableFilters[deceased][isActive]=false&tableFilters[student][isActive]=false&tableFilters[senior_citizen][isActive]=false&tableSearch=Bakura+Muhammad" "Mozilla/5.0 (Windows NT 10.0; Win64; x64) AppleWebKit/537.36 (KHTML, like Gecko) Chrome/122.0.0.0 Safari/537.36"
105.112.118.104 - - [08/Mar/2024:10:26:23 +0100] "-" 408 - "-" "-"
105.112.118.104 - - [08/Mar/2024:10:26:23 +0100] "-" 408 - "-" "-"
197.210.77.61 - - [08/Mar/2024:10:26:26 +0100] "POST /livewire/update HTTP/1.1" 200 405173 "http://207.154.204.54/admin/staff/5382/edit" "Mozilla/5.0 (Windows NT 10.0; Win64; x64) AppleWebKit/537.36 (KHTML, like Gecko) Chrome/122.0.0.0 Safari/537.36"
197.210.77.61 - - [08/Mar/2024:10:26:28 +0100] "POST /livewire/update HTTP/1.1" 200 70160 "http://207.154.204.54/admin/staff/5382/edit" "Mozilla/5.0 (Windows NT 10.0; Win64; x64) AppleWebKit/537.36 (KHTML, like Gecko) Chrome/122.0.0.0 Safari/537.36"
197.210.76.216 - - [08/Mar/2024:10:26:29 +0100] "POST /livewire/update HTTP/1.1" 200 440598 "http://207.154.204.54/admin/staff/10562/edit" "Mozilla/5.0 (Windows NT 10.0; Win64; x64) AppleWebKit/537.36 (KHTML, like Gecko) Chrome/122.0.0.0 Safari/537.36 Edg/122.0.0.0"
197.210.76.216 - - [08/Mar/2024:10:26:31 +0100] "POST /livewire/update HTTP/1.1" 200 5160 "http://207.154.204.54/admin/staff/10562/edit" "Mozilla/5.0 (Windows NT 10.0; Win64; x64) AppleWebKit/537.36 (KHTML, like Gecko) Chrome/122.0.0.0 Safari/537.36 Edg/122.0.0.0"
105.112.234.43 - - [08/Mar/2024:10:26:35 +0100] "GET / HTTP/1.1" 302 354 "-" "Mozilla/5.0 (Windows NT 10.0; Win64; x64) AppleWebKit/537.36 (KHTML, like Gecko) Chrome/121.0.0.0 Safari/537.36"
154.113.65.22 - - [08/Mar/2024:10:26:35 +0100] "-" 408 - "-" "-"
105.112.234.43 - - [08/Mar/2024:10:26:35 +0100] "GET /login HTTP/1.1" 200 3583 "-" "Mozilla/5.0 (Windows NT 10.0; Win64; x64) AppleWebKit/537.36 (KHTML, like Gecko) Chrome/121.0.0.0 Safari/537.36"
105.112.234.43 - - [08/Mar/2024:10:26:36 +0100] "GET /rappasoft/laravel-livewire-tables/thirdparty.css HTTP/1.1" 304 - "http://207.154.204.54/login" "Mozilla/5.0 (Windows NT 10.0; Win64; x64) AppleWebKit/537.36 (KHTML, like Gecko) Chrome/121.0.0.0 Safari/537.36"
105.112.234.43 - - [08/Mar/2024:10:26:36 +0100] "GET /rappasoft/laravel-livewire-tables/core.min.css HTTP/1.1" 304 - "http://207.154.204.54/login" "Mozilla/5.0 (Windows NT 10.0; Win64; x64) AppleWebKit/537.36 (KHTML, like Gecko) Chrome/121.0.0.0 Safari/537.36"
105.112.234.43 - - [08/Mar/2024:10:26:36 +0100] "GET /rappasoft/laravel-livewire-tables/core.min.js HTTP/1.1" 304 - "http://207.154.204.54/login" "Mozilla/5.0 (Windows NT 10.0; Win64; x64) AppleWebKit/537.36 (KHTML, like Gecko) Chrome/121.0.0.0 Safari/537.36"
105.112.234.43 - - [08/Mar/2024:10:26:36 +0100] "GET /rappasoft/laravel-livewire-tables/thirdparty.min.js HTTP/1.1" 304 - "http://207.154.204.54/login" "Mozilla/5.0 (Windows NT 10.0; Win64; x64) AppleWebKit/537.36 (KHTML, like Gecko) Chrome/121.0.0.0 Safari/537.36"
102.91.46.119 - - [08/Mar/2024:10:26:37 +0100] "POST /livewire/update HTTP/1.1" 200 1342 "http://207.154.204.54/admin/staff/10562/edit" "Mozilla/5.0 (Windows NT 10.0; Win64; x64) AppleWebKit/537.36 (KHTML, like Gecko) Chrome/122.0.0.0 Safari/537.36 Edg/122.0.0.0"
102.91.48.10 - - [08/Mar/2024:10:26:39 +0100] "POST /livewire/update HTTP/1.1" 200 405039 "http://207.154.204.54/admin/staff/5382/edit" "Mozilla/5.0 (Windows NT 10.0; Win64; x64) AppleWebKit/537.36 (KHTML, like Gecko) Chrome/122.0.0.0 Safari/537.36"
197.210.53.16 - - [08/Mar/2024:10:26:44 +0100] "GET /admin/staff HTTP/1.1" 200 412377 "http://207.154.204.54/admin/staff/10562/edit" "Mozilla/5.0 (Windows NT 10.0; Win64; x64) AppleWebKit/537.36 (KHTML, like Gecko) Chrome/122.0.0.0 Safari/537.36 Edg/122.0.0.0"
197.210.53.111 - - [08/Mar/2024:10:26:48 +0100] "GET /admin/staff HTTP/1.1" 200 412377 "http://207.154.204.54/admin/staff/6507/edit" "Mozilla/5.0 (Windows NT 10.0; Win64; x64) AppleWebKit/537.36 (KHTML, like Gecko) Chrome/122.0.0.0 Safari/537.36"
102.91.48.15 - - [08/Mar/2024:10:26:56 +0100] "POST /livewire/update HTTP/1.1" 200 395811 "http://207.154.204.54/admin/staff?tableFilters[agency_id][values][0]=20&tableFilters[suspended][isActive]=false&tableFilters[retired][isActive]=false&tableFilters[deceased][isActive]=false&tableFilters[student][isActive]=false&tableFilters[senior_citizen][isActive]=false" "Mozilla/5.0 (Windows NT 10.0; Win64; x64) AppleWebKit/537.36 (KHTML, like Gecko) Chrome/122.0.0.0 Safari/537.36"
102.91.48.15 - - [08/Mar/2024:10:27:00 +0100] "POST /livewire/update HTTP/1.1" 200 375229 "http://207.154.204.54/admin/staff?tableFilters[agency_id][values][0]=20&tableFilters[suspended][isActive]=false&tableFilters[retired][isActive]=false&tableFilters[deceased][isActive]=false&tableFilters[student][isActive]=false&tableFilters[senior_citizen][isActive]=false&tableSearch=235" "Mozilla/5.0 (Windows NT 10.0; Win64; x64) AppleWebKit/537.36 (KHTML, like Gecko) Chrome/122.0.0.0 Safari/537.36"
102.91.48.15 - - [08/Mar/2024:10:27:02 +0100] "POST /livewire/update HTTP/1.1" 200 191373 "http://207.154.204.54/admin/staff?tableFilters[agency_id][values][0]=20&tableFilters[suspended][isActive]=false&tableFilters[retired][isActive]=false&tableFilters[deceased][isActive]=false&tableFilters[student][isActive]=false&tableFilters[senior_citizen][isActive]=false&tableSearch=23576" "Mozilla/5.0 (Windows NT 10.0; Win64; x64) AppleWebKit/537.36 (KHTML, like Gecko) Chrome/122.0.0.0 Safari/537.36"
102.91.48.15 - - [08/Mar/2024:10:27:05 +0100] "GET /admin/staff/4523/edit HTTP/1.1" 200 437216 "http://207.154.204.54/admin/staff?tableFilters[agency_id][values][0]=20&tableFilters[suspended][isActive]=false&tableFilters[retired][isActive]=false&tableFilters[deceased][isActive]=false&tableFilters[student][isActive]=false&tableFilters[senior_citizen][isActive]=false&tableSearch=23576" "Mozilla/5.0 (Windows NT 10.0; Win64; x64) AppleWebKit/537.36 (KHTML, like Gecko) Chrome/122.0.0.0 Safari/537.36"
105.112.116.153 - - [08/Mar/2024:10:27:14 +0100] "POST /livewire/update HTTP/1.1" 200 387463 "http://207.154.204.54/admin/staff/7518/edit" "Mozilla/5.0 (Windows NT 10.0; Win64; x64) AppleWebKit/537.36 (KHTML, like Gecko) Chrome/119.0.0.0 Safari/537.36"
105.112.118.104 - - [08/Mar/2024:10:27:20 +0100] "-" 408 - "-" "-"
105.112.118.104 - - [08/Mar/2024:10:27:20 +0100] "-" 408 - "-" "-"
105.113.4.10 - - [08/Mar/2024:10:27:20 +0100] "POST /livewire/update HTTP/1.1" 200 40685 "http://207.154.204.54/admin/staff/2055/edit" "Mozilla/5.0 (Windows NT 10.0; Win64; x64) AppleWebKit/537.36 (KHTML, like Gecko) Chrome/122.0.0.0 Safari/537.36 Edg/122.0.0.0"
105.113.4.10 - - [08/Mar/2024:10:27:23 +0100] "POST /livewire/update HTTP/1.1" 200 386751 "http://207.154.204.54/admin/staff/2055/edit" "Mozilla/5.0 (Windows NT 10.0; Win64; x64) AppleWebKit/537.36 (KHTML, like Gecko) Chrome/122.0.0.0 Safari/537.36 Edg/122.0.0.0"
105.113.4.10 - - [08/Mar/2024:10:27:25 +0100] "POST /livewire/update HTTP/1.1" 200 5158 "http://207.154.204.54/admin/staff/2055/edit" "Mozilla/5.0 (Windows NT 10.0; Win64; x64) AppleWebKit/537.36 (KHTML, like Gecko) Chrome/122.0.0.0 Safari/537.36 Edg/122.0.0.0"
105.113.4.10 - - [08/Mar/2024:10:27:30 +0100] "POST /livewire/update HTTP/1.1" 200 386768 "http://207.154.204.54/admin/staff/2055/edit" "Mozilla/5.0 (Windows NT 10.0; Win64; x64) AppleWebKit/537.36 (KHTML, like Gecko) Chrome/122.0.0.0 Safari/537.36 Edg/122.0.0.0"
105.113.4.10 - - [08/Mar/2024:10:27:32 +0100] "POST /livewire/update HTTP/1.1" 200 1340 "http://207.154.204.54/admin/staff/2055/edit" "Mozilla/5.0 (Windows NT 10.0; Win64; x64) AppleWebKit/537.36 (KHTML, like Gecko) Chrome/122.0.0.0 Safari/537.36 Edg/122.0.0.0"
102.91.46.119 - - [08/Mar/2024:10:27:36 +0100] "-" 408 - "-" "-"
105.112.116.153 - - [08/Mar/2024:10:28:07 +0100] "-" 408 - "-" "-"
105.112.118.104 - - [08/Mar/2024:10:28:19 +0100] "-" 408 - "-" "-"
105.112.118.104 - - [08/Mar/2024:10:28:20 +0100] "-" 408 - "-" "-"
105.112.234.43 - - [08/Mar/2024:10:28:20 +0100] "POST /login HTTP/1.1" 302 354 "http://207.154.204.54/login" "Mozilla/5.0 (Windows NT 10.0; Win64; x64) AppleWebKit/537.36 (KHTML, like Gecko) Chrome/121.0.0.0 Safari/537.36"
105.112.234.43 - - [08/Mar/2024:10:28:20 +0100] "GET /admin HTTP/1.1" 302 394 "http://207.154.204.54/login" "Mozilla/5.0 (Windows NT 10.0; Win64; x64) AppleWebKit/537.36 (KHTML, like Gecko) Chrome/121.0.0.0 Safari/537.36"
105.112.234.43 - - [08/Mar/2024:10:28:21 +0100] "GET /admin/dashboard HTTP/1.1" 200 112030 "http://207.154.204.54/login" "Mozilla/5.0 (Windows NT 10.0; Win64; x64) AppleWebKit/537.36 (KHTML, like Gecko) Chrome/121.0.0.0 Safari/537.36"
105.112.234.43 - - [08/Mar/2024:10:28:23 +0100] "GET /rappasoft/laravel-livewire-tables/core.min.css HTTP/1.1" 304 - "http://207.154.204.54/admin/dashboard" "Mozilla/5.0 (Windows NT 10.0; Win64; x64) AppleWebKit/537.36 (KHTML, like Gecko) Chrome/121.0.0.0 Safari/537.36"
105.112.234.43 - - [08/Mar/2024:10:28:23 +0100] "GET /rappasoft/laravel-livewire-tables/thirdparty.css HTTP/1.1" 304 - "http://207.154.204.54/admin/dashboard" "Mozilla/5.0 (Windows NT 10.0; Win64; x64) AppleWebKit/537.36 (KHTML, like Gecko) Chrome/121.0.0.0 Safari/537.36"
105.112.234.43 - - [08/Mar/2024:10:28:23 +0100] "GET /rappasoft/laravel-livewire-tables/thirdparty.min.js HTTP/1.1" 304 - "http://207.154.204.54/admin/dashboard" "Mozilla/5.0 (Windows NT 10.0; Win64; x64) AppleWebKit/537.36 (KHTML, like Gecko) Chrome/121.0.0.0 Safari/537.36"
105.112.234.43 - - [08/Mar/2024:10:28:23 +0100] "GET /rappasoft/laravel-livewire-tables/core.min.js HTTP/1.1" 304 - "http://207.154.204.54/admin/dashboard" "Mozilla/5.0 (Windows NT 10.0; Win64; x64) AppleWebKit/537.36 (KHTML, like Gecko) Chrome/121.0.0.0 Safari/537.36"
105.113.4.10 - - [08/Mar/2024:10:28:23 +0100] "-" 408 - "-" "-"
105.112.116.153 - - [08/Mar/2024:10:28:22 +0100] "POST /livewire/update HTTP/1.1" 200 387264 "http://207.154.204.54/admin/staff/7518/edit" "Mozilla/5.0 (Windows NT 10.0; Win64; x64) AppleWebKit/537.36 (KHTML, like Gecko) Chrome/119.0.0.0 Safari/537.36"
105.112.116.153 - - [08/Mar/2024:10:28:25 +0100] "POST /livewire/update HTTP/1.1" 200 5158 "http://207.154.204.54/admin/staff/7518/edit" "Mozilla/5.0 (Windows NT 10.0; Win64; x64) AppleWebKit/537.36 (KHTML, like Gecko) Chrome/119.0.0.0 Safari/537.36"
102.91.46.119 - - [08/Mar/2024:10:28:25 +0100] "POST /livewire/update HTTP/1.1" 200 387428 "http://207.154.204.54/admin/staff/4523/edit" "Mozilla/5.0 (Windows NT 10.0; Win64; x64) AppleWebKit/537.36 (KHTML, like Gecko) Chrome/122.0.0.0 Safari/537.36"
105.112.234.43 - - [08/Mar/2024:10:28:29 +0100] "GET /admin/staff HTTP/1.1" 200 412378 "http://207.154.204.54/admin/dashboard" "Mozilla/5.0 (Windows NT 10.0; Win64; x64) AppleWebKit/537.36 (KHTML, like Gecko) Chrome/121.0.0.0 Safari/537.36"
105.112.116.153 - - [08/Mar/2024:10:28:32 +0100] "POST /livewire/update HTTP/1.1" 200 1340 "http://207.154.204.54/admin/staff/7518/edit" "Mozilla/5.0 (Windows NT 10.0; Win64; x64) AppleWebKit/537.36 (KHTML, like Gecko) Chrome/119.0.0.0 Safari/537.36"
102.215.57.118 - - [08/Mar/2024:10:28:35 +0100] "GET /admin/staff HTTP/1.1" 302 378 "-" "Mozilla/5.0 (Windows NT 10.0; Win64; x64) AppleWebKit/537.36 (KHTML, like Gecko) Chrome/122.0.0.0 Safari/537.36"
102.215.57.118 - - [08/Mar/2024:10:28:35 +0100] "GET /admin/login HTTP/1.1" 200 43694 "-" "Mozilla/5.0 (Windows NT 10.0; Win64; x64) AppleWebKit/537.36 (KHTML, like Gecko) Chrome/122.0.0.0 Safari/537.36"
105.112.116.153 - - [08/Mar/2024:10:28:42 +0100] "POST /livewire/update HTTP/1.1" 200 40685 "http://207.154.204.54/admin/staff/7518/edit" "Mozilla/5.0 (Windows NT 10.0; Win64; x64) AppleWebKit/537.36 (KHTML, like Gecko) Chrome/119.0.0.0 Safari/537.36"
197.210.77.95 - - [08/Mar/2024:10:28:45 +0100] "POST /livewire/update HTTP/1.1" 200 40685 "http://207.154.204.54/admin/staff/4523/edit" "Mozilla/5.0 (Windows NT 10.0; Win64; x64) AppleWebKit/537.36 (KHTML, like Gecko) Chrome/122.0.0.0 Safari/537.36"
105.112.116.153 - - [08/Mar/2024:10:28:46 +0100] "POST /livewire/update HTTP/1.1" 200 387230 "http://207.154.204.54/admin/staff/7518/edit" "Mozilla/5.0 (Windows NT 10.0; Win64; x64) AppleWebKit/537.36 (KHTML, like Gecko) Chrome/119.0.0.0 Safari/537.36"
197.210.77.95 - - [08/Mar/2024:10:28:46 +0100] "POST /livewire/update HTTP/1.1" 200 387205 "http://207.154.204.54/admin/staff/4523/edit" "Mozilla/5.0 (Windows NT 10.0; Win64; x64) AppleWebKit/537.36 (KHTML, like Gecko) Chrome/122.0.0.0 Safari/537.36"
197.210.77.95 - - [08/Mar/2024:10:28:48 +0100] "POST /livewire/update HTTP/1.1" 200 5159 "http://207.154.204.54/admin/staff/4523/edit" "Mozilla/5.0 (Windows NT 10.0; Win64; x64) AppleWebKit/537.36 (KHTML, like Gecko) Chrome/122.0.0.0 Safari/537.36"
105.112.116.153 - - [08/Mar/2024:10:28:49 +0100] "POST /livewire/update HTTP/1.1" 200 5158 "http://207.154.204.54/admin/staff/7518/edit" "Mozilla/5.0 (Windows NT 10.0; Win64; x64) AppleWebKit/537.36 (KHTML, like Gecko) Chrome/119.0.0.0 Safari/537.36"
197.210.77.95 - - [08/Mar/2024:10:28:51 +0100] "POST /livewire/update HTTP/1.1" 200 387222 "http://207.154.204.54/admin/staff/4523/edit" "Mozilla/5.0 (Windows NT 10.0; Win64; x64) AppleWebKit/537.36 (KHTML, like Gecko) Chrome/122.0.0.0 Safari/537.36"
105.113.4.10 - - [08/Mar/2024:10:28:52 +0100] "POST /livewire/update HTTP/1.1" 200 386538 "http://207.154.204.54/admin/staff/2055/edit" "Mozilla/5.0 (Windows NT 10.0; Win64; x64) AppleWebKit/537.36 (KHTML, like Gecko) Chrome/122.0.0.0 Safari/537.36 Edg/122.0.0.0"
102.215.57.118 - - [08/Mar/2024:10:28:53 +0100] "GET /rappasoft/laravel-livewire-tables/core.min.css HTTP/1.1" 200 9576 "http://207.154.204.54/admin/login" "Mozilla/5.0 (Windows NT 10.0; Win64; x64) AppleWebKit/537.36 (KHTML, like Gecko) Chrome/122.0.0.0 Safari/537.36"
105.113.4.10 - - [08/Mar/2024:10:28:53 +0100] "POST /livewire/update HTTP/1.1" 200 5158 "http://207.154.204.54/admin/staff/2055/edit" "Mozilla/5.0 (Windows NT 10.0; Win64; x64) AppleWebKit/537.36 (KHTML, like Gecko) Chrome/122.0.0.0 Safari/537.36 Edg/122.0.0.0"
102.215.57.118 - - [08/Mar/2024:10:28:54 +0100] "GET /css/filament/forms/forms.css?v=3.2.35.0 HTTP/1.1" 200 86576 "http://207.154.204.54/admin/login" "Mozilla/5.0 (Windows NT 10.0; Win64; x64) AppleWebKit/537.36 (KHTML, like Gecko) Chrome/122.0.0.0 Safari/537.36"
102.215.57.118 - - [08/Mar/2024:10:28:54 +0100] "GET /css/filament/support/support.css?v=3.2.35.0 HTTP/1.1" 200 3147 "http://207.154.204.54/admin/login" "Mozilla/5.0 (Windows NT 10.0; Win64; x64) AppleWebKit/537.36 (KHTML, like Gecko) Chrome/122.0.0.0 Safari/537.36"
197.210.77.95 - - [08/Mar/2024:10:28:55 +0100] "POST /livewire/update HTTP/1.1" 200 1341 "http://207.154.204.54/admin/staff/4523/edit" "Mozilla/5.0 (Windows NT 10.0; Win64; x64) AppleWebKit/537.36 (KHTML, like Gecko) Chrome/122.0.0.0 Safari/537.36"
102.215.57.118 - - [08/Mar/2024:10:28:55 +0100] "GET /css/filament-daterangepicker-filter/filament-daterangepicker-filter2.3.1.0.css?v=3.2.35.0 HTTP/1.1" 200 12215 "http://207.154.204.54/admin/login" "Mozilla/5.0 (Windows NT 10.0; Win64; x64) AppleWebKit/537.36 (KHTML, like Gecko) Chrome/122.0.0.0 Safari/537.36"
197.210.77.95 - - [08/Mar/2024:10:28:56 +0100] "POST /livewire/update HTTP/1.1" 200 387088 "http://207.154.204.54/admin/staff/4523/edit" "Mozilla/5.0 (Windows NT 10.0; Win64; x64) AppleWebKit/537.36 (KHTML, like Gecko) Chrome/122.0.0.0 Safari/537.36"
105.112.116.153 - - [08/Mar/2024:10:28:54 +0100] "POST /livewire/update HTTP/1.1" 200 387247 "http://207.154.204.54/admin/staff/7518/edit" "Mozilla/5.0 (Windows NT 10.0; Win64; x64) AppleWebKit/537.36 (KHTML, like Gecko) Chrome/119.0.0.0 Safari/537.36"
105.112.234.43 - - [08/Mar/2024:10:28:54 +0100] "POST /livewire/update HTTP/1.1" 200 391832 "http://207.154.204.54/admin/staff?tableFilters[agency_id][values][0]=7&tableFilters[suspended][isActive]=false&tableFilters[retired][isActive]=false&tableFilters[deceased][isActive]=false&tableFilters[student][isActive]=false&tableFilters[senior_citizen][isActive]=false" "Mozilla/5.0 (Windows NT 10.0; Win64; x64) AppleWebKit/537.36 (KHTML, like Gecko) Chrome/121.0.0.0 Safari/537.36"
105.112.116.153 - - [08/Mar/2024:10:28:56 +0100] "POST /livewire/update HTTP/1.1" 200 1340 "http://207.154.204.54/admin/staff/7518/edit" "Mozilla/5.0 (Windows NT 10.0; Win64; x64) AppleWebKit/537.36 (KHTML, like Gecko) Chrome/119.0.0.0 Safari/537.36"
102.215.57.118 - - [08/Mar/2024:10:28:57 +0100] "GET /js/filament/notifications/notifications.js?v=3.2.35.0 HTTP/1.1" 200 6921 "http://207.154.204.54/admin/login" "Mozilla/5.0 (Windows NT 10.0; Win64; x64) AppleWebKit/537.36 (KHTML, like Gecko) Chrome/122.0.0.0 Safari/537.36"
102.215.57.118 - - [08/Mar/2024:10:28:57 +0100] "GET /css/filament-activity-log/filament-activity-log-styles.css?v=3.2.35.0 HTTP/1.1" 200 3661 "http://207.154.204.54/admin/login" "Mozilla/5.0 (Windows NT 10.0; Win64; x64) AppleWebKit/537.36 (KHTML, like Gecko) Chrome/122.0.0.0 Safari/537.36"
105.113.4.10 - - [08/Mar/2024:10:28:58 +0100] "POST /livewire/update HTTP/1.1" 200 386555 "http://207.154.204.54/admin/staff/2055/edit" "Mozilla/5.0 (Windows NT 10.0; Win64; x64) AppleWebKit/537.36 (KHTML, like Gecko) Chrome/122.0.0.0 Safari/537.36 Edg/122.0.0.0"
102.215.57.118 - - [08/Mar/2024:10:28:58 +0100] "GET /js/filament/support/support.js?v=3.2.35.0 HTTP/1.1" 200 129791 "http://207.154.204.54/admin/login" "Mozilla/5.0 (Windows NT 10.0; Win64; x64) AppleWebKit/537.36 (KHTML, like Gecko) Chrome/122.0.0.0 Safari/537.36"
102.215.57.118 - - [08/Mar/2024:10:29:00 +0100] "GET /rappasoft/laravel-livewire-tables/thirdparty.css HTTP/1.1" 200 15553 "http://207.154.204.54/admin/login" "Mozilla/5.0 (Windows NT 10.0; Win64; x64) AppleWebKit/537.36 (KHTML, like Gecko) Chrome/122.0.0.0 Safari/537.36"
102.215.57.118 - - [08/Mar/2024:10:29:00 +0100] "GET /js/filament/support/async-alpine.js?v=3.2.35.0 HTTP/1.1" 200 5266 "http://207.154.204.54/admin/login" "Mozilla/5.0 (Windows NT 10.0; Win64; x64) AppleWebKit/537.36 (KHTML, like Gecko) Chrome/122.0.0.0 Safari/537.36"
105.113.4.10 - - [08/Mar/2024:10:29:00 +0100] "POST /livewire/update HTTP/1.1" 200 1340 "http://207.154.204.54/admin/staff/2055/edit" "Mozilla/5.0 (Windows NT 10.0; Win64; x64) AppleWebKit/537.36 (KHTML, like Gecko) Chrome/122.0.0.0 Safari/537.36 Edg/122.0.0.0"
102.215.57.118 - - [08/Mar/2024:10:29:00 +0100] "GET /js/filament-daterangepicker-filter/filament-daterangepicker-filter2.3.1.0.js?v=3.2.35.0 HTTP/1.1" 200 423309 "http://207.154.204.54/admin/login" "Mozilla/5.0 (Windows NT 10.0; Win64; x64) AppleWebKit/537.36 (KHTML, like Gecko) Chrome/122.0.0.0 Safari/537.36"
102.215.57.118 - - [08/Mar/2024:10:29:01 +0100] "GET /js/filament-activity-log/filament-activity-log-scripts.js?v=3.2.35.0 HTTP/1.1" 200 21903 "http://207.154.204.54/admin/login" "Mozilla/5.0 (Windows NT 10.0; Win64; x64) AppleWebKit/537.36 (KHTML, like Gecko) Chrome/122.0.0.0 Safari/537.36"
102.215.57.118 - - [08/Mar/2024:10:29:01 +0100] "GET /js/filament/filament/echo.js?v=3.2.35.0 HTTP/1.1" 200 91080 "http://207.154.204.54/admin/login" "Mozilla/5.0 (Windows NT 10.0; Win64; x64) AppleWebKit/537.36 (KHTML, like Gecko) Chrome/122.0.0.0 Safari/537.36"
102.215.57.118 - - [08/Mar/2024:10:29:01 +0100] "GET /css/filament/filament/app.css?v=3.2.35.0 HTTP/1.1" 200 103275 "http://207.154.204.54/admin/login" "Mozilla/5.0 (Windows NT 10.0; Win64; x64) AppleWebKit/537.36 (KHTML, like Gecko) Chrome/122.0.0.0 Safari/537.36"
102.215.57.118 - - [08/Mar/2024:10:29:01 +0100] "GET /rappasoft/laravel-livewire-tables/thirdparty.min.js HTTP/1.1" 200 58061 "http://207.154.204.54/admin/login" "Mozilla/5.0 (Windows NT 10.0; Win64; x64) AppleWebKit/537.36 (KHTML, like Gecko) Chrome/122.0.0.0 Safari/537.36"
102.215.57.118 - - [08/Mar/2024:10:29:01 +0100] "GET /rappasoft/laravel-livewire-tables/core.min.js HTTP/1.1" 200 6436 "http://207.154.204.54/admin/login" "Mozilla/5.0 (Windows NT 10.0; Win64; x64) AppleWebKit/537.36 (KHTML, like Gecko) Chrome/122.0.0.0 Safari/537.36"
102.215.57.118 - - [08/Mar/2024:10:29:02 +0100] "GET /js/filament/filament/app.js?v=3.2.35.0 HTTP/1.1" 200 7776 "http://207.154.204.54/admin/login" "Mozilla/5.0 (Windows NT 10.0; Win64; x64) AppleWebKit/537.36 (KHTML, like Gecko) Chrome/122.0.0.0 Safari/537.36"
102.215.57.118 - - [08/Mar/2024:10:29:02 +0100] "GET /livewire/livewire.min.js?id=6b5eb707 HTTP/1.1" 200 138381 "http://207.154.204.54/admin/login" "Mozilla/5.0 (Windows NT 10.0; Win64; x64) AppleWebKit/537.36 (KHTML, like Gecko) Chrome/122.0.0.0 Safari/537.36"
105.113.4.10 - - [08/Mar/2024:10:29:02 +0100] "POST /livewire/update HTTP/1.1" 200 405493 "http://207.154.204.54/admin/staff/2055/edit" "Mozilla/5.0 (Windows NT 10.0; Win64; x64) AppleWebKit/537.36 (KHTML, like Gecko) Chrome/122.0.0.0 Safari/537.36 Edg/122.0.0.0"
102.215.57.118 - - [08/Mar/2024:10:29:08 +0100] "GET /favicon.ico HTTP/1.1" 200 - "http://207.154.204.54/admin/login" "Mozilla/5.0 (Windows NT 10.0; Win64; x64) AppleWebKit/537.36 (KHTML, like Gecko) Chrome/122.0.0.0 Safari/537.36"
197.210.76.243 - - [08/Mar/2024:10:29:21 +0100] "POST /livewire/update HTTP/1.1" 200 386764 "http://207.154.204.54/admin/staff/4523/edit" "Mozilla/5.0 (Windows NT 10.0; Win64; x64) AppleWebKit/537.36 (KHTML, like Gecko) Chrome/122.0.0.0 Safari/537.36"
105.112.118.104 - - [08/Mar/2024:10:29:22 +0100] "-" 408 - "-" "-"
105.112.118.104 - - [08/Mar/2024:10:29:22 +0100] "-" 408 - "-" "-"
197.210.76.243 - - [08/Mar/2024:10:29:22 +0100] "POST /livewire/update HTTP/1.1" 200 386824 "http://207.154.204.54/admin/staff/4523/edit" "Mozilla/5.0 (Windows NT 10.0; Win64; x64) AppleWebKit/537.36 (KHTML, like Gecko) Chrome/122.0.0.0 Safari/537.36"
197.210.76.243 - - [08/Mar/2024:10:29:24 +0100] "POST /livewire/update HTTP/1.1" 200 5159 "http://207.154.204.54/admin/staff/4523/edit" "Mozilla/5.0 (Windows NT 10.0; Win64; x64) AppleWebKit/537.36 (KHTML, like Gecko) Chrome/122.0.0.0 Safari/537.36"
197.210.76.243 - - [08/Mar/2024:10:29:25 +0100] "POST /livewire/update HTTP/1.1" 200 386841 "http://207.154.204.54/admin/staff/4523/edit" "Mozilla/5.0 (Windows NT 10.0; Win64; x64) AppleWebKit/537.36 (KHTML, like Gecko) Chrome/122.0.0.0 Safari/537.36"
197.210.76.243 - - [08/Mar/2024:10:29:28 +0100] "POST /livewire/update HTTP/1.1" 200 386841 "http://207.154.204.54/admin/staff/4523/edit" "Mozilla/5.0 (Windows NT 10.0; Win64; x64) AppleWebKit/537.36 (KHTML, like Gecko) Chrome/122.0.0.0 Safari/537.36"
105.112.116.153 - - [08/Mar/2024:10:29:29 +0100] "POST /livewire/update HTTP/1.1" 200 387065 "http://207.154.204.54/admin/staff/7518/edit" "Mozilla/5.0 (Windows NT 10.0; Win64; x64) AppleWebKit/537.36 (KHTML, like Gecko) Chrome/119.0.0.0 Safari/537.36"
197.210.76.243 - - [08/Mar/2024:10:29:30 +0100] "POST /livewire/update HTTP/1.1" 200 1341 "http://207.154.204.54/admin/staff/4523/edit" "Mozilla/5.0 (Windows NT 10.0; Win64; x64) AppleWebKit/537.36 (KHTML, like Gecko) Chrome/122.0.0.0 Safari/537.36"
105.112.234.43 - - [08/Mar/2024:10:29:33 +0100] "GET /admin/staff/3149/edit HTTP/1.1" 200 437172 "http://207.154.204.54/admin/staff?tableFilters[agency_id][values][0]=7&tableFilters[suspended][isActive]=false&tableFilters[retired][isActive]=false&tableFilters[deceased][isActive]=false&tableFilters[student][isActive]=false&tableFilters[senior_citizen][isActive]=false" "Mozilla/5.0 (Windows NT 10.0; Win64; x64) AppleWebKit/537.36 (KHTML, like Gecko) Chrome/121.0.0.0 Safari/537.36"
102.91.36.54 - - [08/Mar/2024:10:29:43 +0100] "GET /admin/login HTTP/1.1" 200 43694 "http://207.154.204.54/admin/staff/10802" "Mozilla/5.0 (Windows NT 10.0; Win64; x64) AppleWebKit/537.36 (KHTML, like Gecko) Chrome/122.0.0.0 Safari/537.36"
102.91.36.54 - - [08/Mar/2024:10:29:43 +0100] "GET /rappasoft/laravel-livewire-tables/core.min.css HTTP/1.1" 200 9576 "http://207.154.204.54/admin/login" "Mozilla/5.0 (Windows NT 10.0; Win64; x64) AppleWebKit/537.36 (KHTML, like Gecko) Chrome/122.0.0.0 Safari/537.36"
102.91.36.54 - - [08/Mar/2024:10:29:44 +0100] "GET /css/filament/forms/forms.css?v=3.2.35.0 HTTP/1.1" 200 86576 "http://207.154.204.54/admin/login" "Mozilla/5.0 (Windows NT 10.0; Win64; x64) AppleWebKit/537.36 (KHTML, like Gecko) Chrome/122.0.0.0 Safari/537.36"
102.91.36.54 - - [08/Mar/2024:10:29:44 +0100] "GET /rappasoft/laravel-livewire-tables/thirdparty.css HTTP/1.1" 200 15553 "http://207.154.204.54/admin/login" "Mozilla/5.0 (Windows NT 10.0; Win64; x64) AppleWebKit/537.36 (KHTML, like Gecko) Chrome/122.0.0.0 Safari/537.36"
105.112.116.153 - - [08/Mar/2024:10:29:43 +0100] "POST /livewire/update HTTP/1.1" 200 387009 "http://207.154.204.54/admin/staff/7518/edit" "Mozilla/5.0 (Windows NT 10.0; Win64; x64) AppleWebKit/537.36 (KHTML, like Gecko) Chrome/119.0.0.0 Safari/537.36"
102.91.36.54 - - [08/Mar/2024:10:29:50 +0100] "GET /css/filament/support/support.css?v=3.2.35.0 HTTP/1.1" 200 3147 "http://207.154.204.54/admin/login" "Mozilla/5.0 (Windows NT 10.0; Win64; x64) AppleWebKit/537.36 (KHTML, like Gecko) Chrome/122.0.0.0 Safari/537.36"
102.91.36.54 - - [08/Mar/2024:10:29:50 +0100] "GET /css/filament-activity-log/filament-activity-log-styles.css?v=3.2.35.0 HTTP/1.1" 200 3661 "http://207.154.204.54/admin/login" "Mozilla/5.0 (Windows NT 10.0; Win64; x64) AppleWebKit/537.36 (KHTML, like Gecko) Chrome/122.0.0.0 Safari/537.36"
102.91.36.54 - - [08/Mar/2024:10:29:50 +0100] "GET /css/filament-daterangepicker-filter/filament-daterangepicker-filter2.3.1.0.css?v=3.2.35.0 HTTP/1.1" 200 12215 "http://207.154.204.54/admin/login" "Mozilla/5.0 (Windows NT 10.0; Win64; x64) AppleWebKit/537.36 (KHTML, like Gecko) Chrome/122.0.0.0 Safari/537.36"
102.91.36.54 - - [08/Mar/2024:10:29:51 +0100] "GET /css/filament/filament/app.css?v=3.2.35.0 HTTP/1.1" 200 103275 "http://207.154.204.54/admin/login" "Mozilla/5.0 (Windows NT 10.0; Win64; x64) AppleWebKit/537.36 (KHTML, like Gecko) Chrome/122.0.0.0 Safari/537.36"
102.91.36.54 - - [08/Mar/2024:10:29:51 +0100] "GET /rappasoft/laravel-livewire-tables/core.min.js HTTP/1.1" 200 6436 "http://207.154.204.54/admin/login" "Mozilla/5.0 (Windows NT 10.0; Win64; x64) AppleWebKit/537.36 (KHTML, like Gecko) Chrome/122.0.0.0 Safari/537.36"
102.91.36.54 - - [08/Mar/2024:10:29:52 +0100] "GET /rappasoft/laravel-livewire-tables/thirdparty.min.js HTTP/1.1" 200 58061 "http://207.154.204.54/admin/login" "Mozilla/5.0 (Windows NT 10.0; Win64; x64) AppleWebKit/537.36 (KHTML, like Gecko) Chrome/122.0.0.0 Safari/537.36"
102.91.36.54 - - [08/Mar/2024:10:29:53 +0100] "GET /js/filament/notifications/notifications.js?v=3.2.35.0 HTTP/1.1" 200 6921 "http://207.154.204.54/admin/login" "Mozilla/5.0 (Windows NT 10.0; Win64; x64) AppleWebKit/537.36 (KHTML, like Gecko) Chrome/122.0.0.0 Safari/537.36"
102.91.36.54 - - [08/Mar/2024:10:29:55 +0100] "GET /js/filament/support/support.js?v=3.2.35.0 HTTP/1.1" 200 129791 "http://207.154.204.54/admin/login" "Mozilla/5.0 (Windows NT 10.0; Win64; x64) AppleWebKit/537.36 (KHTML, like Gecko) Chrome/122.0.0.0 Safari/537.36"
102.91.36.54 - - [08/Mar/2024:10:29:55 +0100] "GET /js/filament/support/async-alpine.js?v=3.2.35.0 HTTP/1.1" 200 5266 "http://207.154.204.54/admin/login" "Mozilla/5.0 (Windows NT 10.0; Win64; x64) AppleWebKit/537.36 (KHTML, like Gecko) Chrome/122.0.0.0 Safari/537.36"
102.91.36.54 - - [08/Mar/2024:10:29:57 +0100] "GET /js/filament-activity-log/filament-activity-log-scripts.js?v=3.2.35.0 HTTP/1.1" 200 21903 "http://207.154.204.54/admin/login" "Mozilla/5.0 (Windows NT 10.0; Win64; x64) AppleWebKit/537.36 (KHTML, like Gecko) Chrome/122.0.0.0 Safari/537.36"
102.91.36.54 - - [08/Mar/2024:10:29:59 +0100] "GET /js/filament/filament/echo.js?v=3.2.35.0 HTTP/1.1" 200 91080 "http://207.154.204.54/admin/login" "Mozilla/5.0 (Windows NT 10.0; Win64; x64) AppleWebKit/537.36 (KHTML, like Gecko) Chrome/122.0.0.0 Safari/537.36"
102.91.36.54 - - [08/Mar/2024:10:29:59 +0100] "GET /js/filament/filament/app.js?v=3.2.35.0 HTTP/1.1" 200 7776 "http://207.154.204.54/admin/login" "Mozilla/5.0 (Windows NT 10.0; Win64; x64) AppleWebKit/537.36 (KHTML, like Gecko) Chrome/122.0.0.0 Safari/537.36"
102.91.36.54 - - [08/Mar/2024:10:30:00 +0100] "GET /livewire/livewire.min.js?id=6b5eb707 HTTP/1.1" 200 138381 "http://207.154.204.54/admin/login" "Mozilla/5.0 (Windows NT 10.0; Win64; x64) AppleWebKit/537.36 (KHTML, like Gecko) Chrome/122.0.0.0 Safari/537.36"
102.91.47.130 - - [08/Mar/2024:10:29:59 +0100] "POST /livewire/update HTTP/1.1" 200 386735 "http://207.154.204.54/admin/staff/4523/edit" "Mozilla/5.0 (Windows NT 10.0; Win64; x64) AppleWebKit/537.36 (KHTML, like Gecko) Chrome/122.0.0.0 Safari/537.36"
102.91.47.130 - - [08/Mar/2024:10:30:01 +0100] "POST /livewire/update HTTP/1.1" 200 5159 "http://207.154.204.54/admin/staff/4523/edit" "Mozilla/5.0 (Windows NT 10.0; Win64; x64) AppleWebKit/537.36 (KHTML, like Gecko) Chrome/122.0.0.0 Safari/537.36"
102.91.47.130 - - [08/Mar/2024:10:30:03 +0100] "POST /livewire/update HTTP/1.1" 200 386752 "http://207.154.204.54/admin/staff/4523/edit" "Mozilla/5.0 (Windows NT 10.0; Win64; x64) AppleWebKit/537.36 (KHTML, like Gecko) Chrome/122.0.0.0 Safari/537.36"
102.91.47.130 - - [08/Mar/2024:10:30:08 +0100] "POST /livewire/update HTTP/1.1" 200 1341 "http://207.154.204.54/admin/staff/4523/edit" "Mozilla/5.0 (Windows NT 10.0; Win64; x64) AppleWebKit/537.36 (KHTML, like Gecko) Chrome/122.0.0.0 Safari/537.36"
102.91.36.54 - - [08/Mar/2024:10:29:57 +0100] "GET /js/filament-daterangepicker-filter/filament-daterangepicker-filter2.3.1.0.js?v=3.2.35.0 HTTP/1.1" 200 423309 "http://207.154.204.54/admin/login" "Mozilla/5.0 (Windows NT 10.0; Win64; x64) AppleWebKit/537.36 (KHTML, like Gecko) Chrome/122.0.0.0 Safari/537.36"
105.112.116.153 - - [08/Mar/2024:10:30:21 +0100] "POST /livewire/update HTTP/1.1" 200 387021 "http://207.154.204.54/admin/staff/7518/edit" "Mozilla/5.0 (Windows NT 10.0; Win64; x64) AppleWebKit/537.36 (KHTML, like Gecko) Chrome/119.0.0.0 Safari/537.36"
105.113.4.10 - - [08/Mar/2024:10:30:19 +0100] "POST /livewire/update HTTP/1.1" 200 404776 "http://207.154.204.54/admin/staff/2055/edit" "Mozilla/5.0 (Windows NT 10.0; Win64; x64) AppleWebKit/537.36 (KHTML, like Gecko) Chrome/122.0.0.0 Safari/537.36 Edg/122.0.0.0"
105.112.116.153 - - [08/Mar/2024:10:30:23 +0100] "POST /livewire/update HTTP/1.1" 200 5158 "http://207.154.204.54/admin/staff/7518/edit" "Mozilla/5.0 (Windows NT 10.0; Win64; x64) AppleWebKit/537.36 (KHTML, like Gecko) Chrome/119.0.0.0 Safari/537.36"
105.112.234.43 - - [08/Mar/2024:10:30:24 +0100] "-" 408 - "-" "-"
105.113.4.10 - - [08/Mar/2024:10:30:24 +0100] "POST /livewire/update HTTP/1.1" 200 1340 "http://207.154.204.54/admin/staff/2055/edit" "Mozilla/5.0 (Windows NT 10.0; Win64; x64) AppleWebKit/537.36 (KHTML, like Gecko) Chrome/122.0.0.0 Safari/537.36 Edg/122.0.0.0"
105.113.4.10 - - [08/Mar/2024:10:30:24 +0100] "GET /admin/staff HTTP/1.1" 200 416225 "http://207.154.204.54/admin/staff/2055/edit" "Mozilla/5.0 (Windows NT 10.0; Win64; x64) AppleWebKit/537.36 (KHTML, like Gecko) Chrome/122.0.0.0 Safari/537.36 Edg/122.0.0.0"
105.113.4.10 - - [08/Mar/2024:10:30:24 +0100] "GET /admin/staff?tableSearch=10628 HTTP/1.1" 200 269008 "http://207.154.204.54/admin/staff/2055/edit" "Mozilla/5.0 (Windows NT 10.0; Win64; x64) AppleWebKit/537.36 (KHTML, like Gecko) Chrome/122.0.0.0 Safari/537.36 Edg/122.0.0.0"
105.112.116.153 - - [08/Mar/2024:10:30:26 +0100] "POST /livewire/update HTTP/1.1" 200 387038 "http://207.154.204.54/admin/staff/7518/edit" "Mozilla/5.0 (Windows NT 10.0; Win64; x64) AppleWebKit/537.36 (KHTML, like Gecko) Chrome/119.0.0.0 Safari/537.36"
102.91.36.54 - - [08/Mar/2024:10:30:26 +0100] "GET /favicon.ico HTTP/1.1" 200 - "http://207.154.204.54/admin/login" "Mozilla/5.0 (Windows NT 10.0; Win64; x64) AppleWebKit/537.36 (KHTML, like Gecko) Chrome/122.0.0.0 Safari/537.36"
105.112.116.153 - - [08/Mar/2024:10:30:30 +0100] "POST /livewire/update HTTP/1.1" 200 1340 "http://207.154.204.54/admin/staff/7518/edit" "Mozilla/5.0 (Windows NT 10.0; Win64; x64) AppleWebKit/537.36 (KHTML, like Gecko) Chrome/119.0.0.0 Safari/537.36"
105.113.4.10 - - [08/Mar/2024:10:30:32 +0100] "POST /livewire/update HTTP/1.1" 200 1324 "http://207.154.204.54/admin/staff?tableSearch=10628" "Mozilla/5.0 (Windows NT 10.0; Win64; x64) AppleWebKit/537.36 (KHTML, like Gecko) Chrome/122.0.0.0 Safari/537.36 Edg/122.0.0.0"
105.112.116.153 - - [08/Mar/2024:10:30:32 +0100] "POST /livewire/update HTTP/1.1" 200 405976 "http://207.154.204.54/admin/staff/7518/edit" "Mozilla/5.0 (Windows NT 10.0; Win64; x64) AppleWebKit/537.36 (KHTML, like Gecko) Chrome/119.0.0.0 Safari/537.36"
105.113.4.10 - - [08/Mar/2024:10:30:39 +0100] "GET /admin/staff/2055/edit HTTP/1.1" 200 464973 "http://207.154.204.54/admin/staff?tableSearch=10628" "Mozilla/5.0 (Windows NT 10.0; Win64; x64) AppleWebKit/537.36 (KHTML, like Gecko) Chrome/122.0.0.0 Safari/537.36 Edg/122.0.0.0"
105.112.234.43 - - [08/Mar/2024:10:30:41 +0100] "POST /livewire/update HTTP/1.1" 200 376076 "http://207.154.204.54/admin/staff/3149/edit" "Mozilla/5.0 (Windows NT 10.0; Win64; x64) AppleWebKit/537.36 (KHTML, like Gecko) Chrome/121.0.0.0 Safari/537.36"
105.112.234.43 - - [08/Mar/2024:10:30:43 +0100] "POST /livewire/update HTTP/1.1" 200 5158 "http://207.154.204.54/admin/staff/3149/edit" "Mozilla/5.0 (Windows NT 10.0; Win64; x64) AppleWebKit/537.36 (KHTML, like Gecko) Chrome/121.0.0.0 Safari/537.36"
105.112.234.43 - - [08/Mar/2024:10:30:50 +0100] "POST /livewire/update HTTP/1.1" 200 1340 "http://207.154.204.54/admin/staff/3149/edit" "Mozilla/5.0 (Windows NT 10.0; Win64; x64) AppleWebKit/537.36 (KHTML, like Gecko) Chrome/121.0.0.0 Safari/537.36"
197.210.53.132 - - [08/Mar/2024:10:30:51 +0100] "-" 408 - "-" "-"
197.210.53.16 - - [08/Mar/2024:10:31:02 +0100] "POST /livewire/update HTTP/1.1" 200 386547 "http://207.154.204.54/admin/staff/4523/edit" "Mozilla/5.0 (Windows NT 10.0; Win64; x64) AppleWebKit/537.36 (KHTML, like Gecko) Chrome/122.0.0.0 Safari/537.36"
197.210.53.16 - - [08/Mar/2024:10:31:04 +0100] "POST /livewire/update HTTP/1.1" 200 5159 "http://207.154.204.54/admin/staff/4523/edit" "Mozilla/5.0 (Windows NT 10.0; Win64; x64) AppleWebKit/537.36 (KHTML, like Gecko) Chrome/122.0.0.0 Safari/537.36"
102.91.47.28 - - [08/Mar/2024:10:31:10 +0100] "POST /livewire/update HTTP/1.1" 200 405502 "http://207.154.204.54/admin/staff/4523/edit" "Mozilla/5.0 (Windows NT 10.0; Win64; x64) AppleWebKit/537.36 (KHTML, like Gecko) Chrome/122.0.0.0 Safari/537.36"
102.91.49.128 - - [08/Mar/2024:10:31:11 +0100] "POST /livewire/update HTTP/1.1" 200 1341 "http://207.154.204.54/admin/staff/4523/edit" "Mozilla/5.0 (Windows NT 10.0; Win64; x64) AppleWebKit/537.36 (KHTML, like Gecko) Chrome/122.0.0.0 Safari/537.36"
105.112.116.153 - - [08/Mar/2024:10:31:13 +0100] "-" 408 - "-" "-"
105.113.4.10 - - [08/Mar/2024:10:31:26 +0100] "POST /livewire/update HTTP/1.1" 200 404829 "http://207.154.204.54/admin/staff/2055/edit" "Mozilla/5.0 (Windows NT 10.0; Win64; x64) AppleWebKit/537.36 (KHTML, like Gecko) Chrome/122.0.0.0 Safari/537.36 Edg/122.0.0.0"
105.113.4.10 - - [08/Mar/2024:10:31:28 +0100] "POST /livewire/update HTTP/1.1" 200 5158 "http://207.154.204.54/admin/staff/2055/edit" "Mozilla/5.0 (Windows NT 10.0; Win64; x64) AppleWebKit/537.36 (KHTML, like Gecko) Chrome/122.0.0.0 Safari/537.36 Edg/122.0.0.0"
105.113.4.10 - - [08/Mar/2024:10:31:31 +0100] "POST /livewire/update HTTP/1.1" 200 404846 "http://207.154.204.54/admin/staff/2055/edit" "Mozilla/5.0 (Windows NT 10.0; Win64; x64) AppleWebKit/537.36 (KHTML, like Gecko) Chrome/122.0.0.0 Safari/537.36 Edg/122.0.0.0"
105.113.4.10 - - [08/Mar/2024:10:31:33 +0100] "POST /livewire/update HTTP/1.1" 200 70157 "http://207.154.204.54/admin/staff/2055/edit" "Mozilla/5.0 (Windows NT 10.0; Win64; x64) AppleWebKit/537.36 (KHTML, like Gecko) Chrome/122.0.0.0 Safari/537.36 Edg/122.0.0.0"
105.113.4.10 - - [08/Mar/2024:10:31:34 +0100] "POST /livewire/update HTTP/1.1" 200 1340 "http://207.154.204.54/admin/staff/2055/edit" "Mozilla/5.0 (Windows NT 10.0; Win64; x64) AppleWebKit/537.36 (KHTML, like Gecko) Chrome/122.0.0.0 Safari/537.36 Edg/122.0.0.0"
197.210.77.134 - - [08/Mar/2024:10:31:34 +0100] "POST /livewire/update HTTP/1.1" 200 423784 "http://207.154.204.54/admin/staff/4523/edit" "Mozilla/5.0 (Windows NT 10.0; Win64; x64) AppleWebKit/537.36 (KHTML, like Gecko) Chrome/122.0.0.0 Safari/537.36"
197.210.53.102 - - [08/Mar/2024:10:31:47 +0100] "POST /livewire/update HTTP/1.1" 200 404830 "http://207.154.204.54/admin/staff/5382/edit" "Mozilla/5.0 (Windows NT 10.0; Win64; x64) AppleWebKit/537.36 (KHTML, like Gecko) Chrome/122.0.0.0 Safari/537.36"
105.113.4.10 - - [08/Mar/2024:10:31:49 +0100] "POST /livewire/update HTTP/1.1" 200 404712 "http://207.154.204.54/admin/staff/2055/edit" "Mozilla/5.0 (Windows NT 10.0; Win64; x64) AppleWebKit/537.36 (KHTML, like Gecko) Chrome/122.0.0.0 Safari/537.36 Edg/122.0.0.0"
105.113.4.10 - - [08/Mar/2024:10:31:50 +0100] "POST /livewire/update HTTP/1.1" 200 5158 "http://207.154.204.54/admin/staff/2055/edit" "Mozilla/5.0 (Windows NT 10.0; Win64; x64) AppleWebKit/537.36 (KHTML, like Gecko) Chrome/122.0.0.0 Safari/537.36 Edg/122.0.0.0"
197.210.53.102 - - [08/Mar/2024:10:31:52 +0100] "POST /livewire/update HTTP/1.1" 200 404890 "http://207.154.204.54/admin/staff/5382/edit" "Mozilla/5.0 (Windows NT 10.0; Win64; x64) AppleWebKit/537.36 (KHTML, like Gecko) Chrome/122.0.0.0 Safari/537.36"
105.112.116.153 - - [08/Mar/2024:10:31:53 +0100] "POST /livewire/update HTTP/1.1" 200 424357 "http://207.154.204.54/admin/staff/7518/edit" "Mozilla/5.0 (Windows NT 10.0; Win64; x64) AppleWebKit/537.36 (KHTML, like Gecko) Chrome/119.0.0.0 Safari/537.36"
197.210.53.102 - - [08/Mar/2024:10:31:54 +0100] "POST /livewire/update HTTP/1.1" 200 5158 "http://207.154.204.54/admin/staff/5382/edit" "Mozilla/5.0 (Windows NT 10.0; Win64; x64) AppleWebKit/537.36 (KHTML, like Gecko) Chrome/122.0.0.0 Safari/537.36"
105.113.4.10 - - [08/Mar/2024:10:31:55 +0100] "POST /livewire/update HTTP/1.1" 200 404729 "http://207.154.204.54/admin/staff/2055/edit" "Mozilla/5.0 (Windows NT 10.0; Win64; x64) AppleWebKit/537.36 (KHTML, like Gecko) Chrome/122.0.0.0 Safari/537.36 Edg/122.0.0.0"
105.113.4.10 - - [08/Mar/2024:10:31:57 +0100] "POST /livewire/update HTTP/1.1" 200 1340 "http://207.154.204.54/admin/staff/2055/edit" "Mozilla/5.0 (Windows NT 10.0; Win64; x64) AppleWebKit/537.36 (KHTML, like Gecko) Chrome/122.0.0.0 Safari/537.36 Edg/122.0.0.0"
197.210.53.102 - - [08/Mar/2024:10:31:58 +0100] "POST /livewire/update HTTP/1.1" 200 404907 "http://207.154.204.54/admin/staff/5382/edit" "Mozilla/5.0 (Windows NT 10.0; Win64; x64) AppleWebKit/537.36 (KHTML, like Gecko) Chrome/122.0.0.0 Safari/537.36"
197.210.53.102 - - [08/Mar/2024:10:32:01 +0100] "POST /livewire/update HTTP/1.1" 200 1340 "http://207.154.204.54/admin/staff/5382/edit" "Mozilla/5.0 (Windows NT 10.0; Win64; x64) AppleWebKit/537.36 (KHTML, like Gecko) Chrome/122.0.0.0 Safari/537.36"
105.113.4.10 - - [08/Mar/2024:10:32:03 +0100] "POST /livewire/update HTTP/1.1" 200 423311 "http://207.154.204.54/admin/staff/2055/edit" "Mozilla/5.0 (Windows NT 10.0; Win64; x64) AppleWebKit/537.36 (KHTML, like Gecko) Chrome/122.0.0.0 Safari/537.36 Edg/122.0.0.0"
102.91.47.130 - - [08/Mar/2024:10:32:04 +0100] "POST /livewire/update HTTP/1.1" 200 442055 "http://207.154.204.54/admin/staff/4523/edit" "Mozilla/5.0 (Windows NT 10.0; Win64; x64) AppleWebKit/537.36 (KHTML, like Gecko) Chrome/122.0.0.0 Safari/537.36"
197.210.53.102 - - [08/Mar/2024:10:32:04 +0100] "POST /livewire/update HTTP/1.1" 200 423489 "http://207.154.204.54/admin/staff/5382/edit" "Mozilla/5.0 (Windows NT 10.0; Win64; x64) AppleWebKit/537.36 (KHTML, like Gecko) Chrome/122.0.0.0 Safari/537.36"
197.210.53.59 - - [08/Mar/2024:10:32:31 +0100] "POST /livewire/update HTTP/1.1" 200 440542 "http://207.154.204.54/admin/staff/4523/edit" "Mozilla/5.0 (Windows NT 10.0; Win64; x64) AppleWebKit/537.36 (KHTML, like Gecko) Chrome/122.0.0.0 Safari/537.36"
197.210.53.59 - - [08/Mar/2024:10:32:33 +0100] "POST /livewire/update HTTP/1.1" 200 5159 "http://207.154.204.54/admin/staff/4523/edit" "Mozilla/5.0 (Windows NT 10.0; Win64; x64) AppleWebKit/537.36 (KHTML, like Gecko) Chrome/122.0.0.0 Safari/537.36"
102.91.47.124 - - [08/Mar/2024:10:32:39 +0100] "-" 408 - "-" "-"
102.91.48.15 - - [08/Mar/2024:10:32:40 +0100] "POST /livewire/update HTTP/1.1" 200 1341 "http://207.154.204.54/admin/staff/4523/edit" "Mozilla/5.0 (Windows NT 10.0; Win64; x64) AppleWebKit/537.36 (KHTML, like Gecko) Chrome/122.0.0.0 Safari/537.36"
105.112.116.153 - - [08/Mar/2024:10:32:46 +0100] "-" 408 - "-" "-"
197.210.76.59 - - [08/Mar/2024:10:32:46 +0100] "GET /admin/staff HTTP/1.1" 200 412377 "http://207.154.204.54/admin/staff/4523/edit" "Mozilla/5.0 (Windows NT 10.0; Win64; x64) AppleWebKit/537.36 (KHTML, like Gecko) Chrome/122.0.0.0 Safari/537.36"
197.210.76.59 - - [08/Mar/2024:10:32:53 +0100] "POST /livewire/update HTTP/1.1" 200 395811 "http://207.154.204.54/admin/staff?tableFilters[agency_id][values][0]=20&tableFilters[suspended][isActive]=false&tableFilters[retired][isActive]=false&tableFilters[deceased][isActive]=false&tableFilters[student][isActive]=false&tableFilters[senior_citizen][isActive]=false" "Mozilla/5.0 (Windows NT 10.0; Win64; x64) AppleWebKit/537.36 (KHTML, like Gecko) Chrome/122.0.0.0 Safari/537.36"
105.112.118.104 - - [08/Mar/2024:10:32:56 +0100] "-" 408 - "-" "-"
105.112.118.104 - - [08/Mar/2024:10:32:56 +0100] "-" 408 - "-" "-"
105.112.118.104 - - [08/Mar/2024:10:32:59 +0100] "GET /rappasoft/laravel-livewire-tables/core.min.css HTTP/1.1" 304 - "http://207.154.204.54/admin/dashboard" "Mozilla/5.0 (Windows NT 10.0; Win64; x64) AppleWebKit/537.36 (KHTML, like Gecko) Chrome/122.0.0.0 Safari/537.36 Edg/122.0.0.0"
105.112.118.104 - - [08/Mar/2024:10:32:56 +0100] "GET /admin/dashboard HTTP/1.1" 200 112030 "-" "Mozilla/5.0 (Windows NT 10.0; Win64; x64) AppleWebKit/537.36 (KHTML, like Gecko) Chrome/122.0.0.0 Safari/537.36 Edg/122.0.0.0"
105.112.118.104 - - [08/Mar/2024:10:32:59 +0100] "GET /rappasoft/laravel-livewire-tables/thirdparty.css HTTP/1.1" 304 - "http://207.154.204.54/admin/dashboard" "Mozilla/5.0 (Windows NT 10.0; Win64; x64) AppleWebKit/537.36 (KHTML, like Gecko) Chrome/122.0.0.0 Safari/537.36 Edg/122.0.0.0"
105.112.118.104 - - [08/Mar/2024:10:32:59 +0100] "GET /rappasoft/laravel-livewire-tables/core.min.js HTTP/1.1" 304 - "http://207.154.204.54/admin/dashboard" "Mozilla/5.0 (Windows NT 10.0; Win64; x64) AppleWebKit/537.36 (KHTML, like Gecko) Chrome/122.0.0.0 Safari/537.36 Edg/122.0.0.0"
