102.91.5.194 - - [07/Mar/2024:20:56:58 +0100] "POST /livewire/update HTTP/1.1" 200 384049 "http://207.154.204.54/admin/staff/10697/edit" "Mozilla/5.0 (Windows NT 10.0; Win64; x64) AppleWebKit/537.36 (KHTML, like Gecko) Chrome/122.0.0.0 Safari/537.36"
197.210.70.154 - - [07/Mar/2024:21:00:35 +0100] "POST /livewire/update HTTP/1.1" 200 383858 "http://207.154.204.54/admin/staff/10697/edit" "Mozilla/5.0 (Windows NT 10.0; Win64; x64) AppleWebKit/537.36 (KHTML, like Gecko) Chrome/122.0.0.0 Safari/537.36"
197.210.70.154 - - [07/Mar/2024:21:00:37 +0100] "POST /livewire/update HTTP/1.1" 200 40687 "http://207.154.204.54/admin/staff/10697/edit" "Mozilla/5.0 (Windows NT 10.0; Win64; x64) AppleWebKit/537.36 (KHTML, like Gecko) Chrome/122.0.0.0 Safari/537.36"
102.91.4.98 - - [07/Mar/2024:21:00:42 +0100] "POST /livewire/update HTTP/1.1" 200 402796 "http://207.154.204.54/admin/staff/10697/edit" "Mozilla/5.0 (Windows NT 10.0; Win64; x64) AppleWebKit/537.36 (KHTML, like Gecko) Chrome/122.0.0.0 Safari/537.36"
91.92.243.167 - - [07/Mar/2024:21:01:03 +0100] "GET /app/.env HTTP/1.1" 404 6603 "-" "Mozilla/5.0 (X11; Linux x86_64) AppleWebKit/537.36 (KHTML, like Gecko) Chrome/81.0.4044.129 Safari/537.36"
91.92.243.167 - - [07/Mar/2024:21:02:02 +0100] "GET /app/.env HTTP/1.1" 404 6603 "-" "Mozilla/5.0 (X11; Linux x86_64) AppleWebKit/537.36 (KHTML, like Gecko) Chrome/81.0.4044.129 Safari/537.36"
197.210.70.170 - - [07/Mar/2024:21:04:17 +0100] "POST /livewire/update HTTP/1.1" 200 421104 "http://207.154.204.54/admin/staff/10697/edit" "Mozilla/5.0 (Windows NT 10.0; Win64; x64) AppleWebKit/537.36 (KHTML, like Gecko) Chrome/122.0.0.0 Safari/537.36"
102.91.4.98 - - [07/Mar/2024:21:08:19 +0100] "POST /livewire/update HTTP/1.1" 200 439452 "http://207.154.204.54/admin/staff/10697/edit" "Mozilla/5.0 (Windows NT 10.0; Win64; x64) AppleWebKit/537.36 (KHTML, like Gecko) Chrome/122.0.0.0 Safari/537.36"
212.70.149.134 - - [07/Mar/2024:21:10:59 +0100] "GET / HTTP/1.0" 301 237 "-" "masscan/1.0 (https://github.com/robertdavidgraham/masscan)"
91.92.243.167 - - [07/Mar/2024:21:11:17 +0100] "GET /api/.env HTTP/1.1" 404 6603 "-" "Mozilla/5.0 (X11; Linux x86_64) AppleWebKit/537.36 (KHTML, like Gecko) Chrome/81.0.4044.129 Safari/537.36"
197.210.54.55 - - [07/Mar/2024:21:11:45 +0100] "GET / HTTP/1.1" 302 354 "-" "Mozilla/5.0 (Windows NT 10.0; Win64; x64) AppleWebKit/537.36 (KHTML, like Gecko) Chrome/122.0.0.0 Safari/537.36"
197.210.54.55 - - [07/Mar/2024:21:11:46 +0100] "GET /login HTTP/1.1" 200 3583 "-" "Mozilla/5.0 (Windows NT 10.0; Win64; x64) AppleWebKit/537.36 (KHTML, like Gecko) Chrome/122.0.0.0 Safari/537.36"
197.210.227.171 - - [07/Mar/2024:21:11:46 +0100] "GET /rappasoft/laravel-livewire-tables/core.min.js HTTP/1.1" 304 - "http://207.154.204.54/login" "Mozilla/5.0 (Windows NT 10.0; Win64; x64) AppleWebKit/537.36 (KHTML, like Gecko) Chrome/122.0.0.0 Safari/537.36"
197.210.54.55 - - [07/Mar/2024:21:11:46 +0100] "GET /rappasoft/laravel-livewire-tables/core.min.css HTTP/1.1" 304 - "http://207.154.204.54/login" "Mozilla/5.0 (Windows NT 10.0; Win64; x64) AppleWebKit/537.36 (KHTML, like Gecko) Chrome/122.0.0.0 Safari/537.36"
197.210.226.206 - - [07/Mar/2024:21:11:47 +0100] "GET /rappasoft/laravel-livewire-tables/thirdparty.css HTTP/1.1" 304 - "http://207.154.204.54/login" "Mozilla/5.0 (Windows NT 10.0; Win64; x64) AppleWebKit/537.36 (KHTML, like Gecko) Chrome/122.0.0.0 Safari/537.36"
197.210.227.171 - - [07/Mar/2024:21:11:47 +0100] "GET /rappasoft/laravel-livewire-tables/thirdparty.min.js HTTP/1.1" 304 - "http://207.154.204.54/login" "Mozilla/5.0 (Windows NT 10.0; Win64; x64) AppleWebKit/537.36 (KHTML, like Gecko) Chrome/122.0.0.0 Safari/537.36"
197.210.226.100 - - [07/Mar/2024:21:11:58 +0100] "POST /login HTTP/1.1" 302 354 "http://207.154.204.54/login" "Mozilla/5.0 (Windows NT 10.0; Win64; x64) AppleWebKit/537.36 (KHTML, like Gecko) Chrome/122.0.0.0 Safari/537.36"
197.210.226.100 - - [07/Mar/2024:21:11:58 +0100] "GET /admin HTTP/1.1" 302 394 "http://207.154.204.54/login" "Mozilla/5.0 (Windows NT 10.0; Win64; x64) AppleWebKit/537.36 (KHTML, like Gecko) Chrome/122.0.0.0 Safari/537.36"
197.210.54.55 - - [07/Mar/2024:21:12:02 +0100] "GET /rappasoft/laravel-livewire-tables/thirdparty.css HTTP/1.1" 304 - "http://207.154.204.54/admin/dashboard" "Mozilla/5.0 (Windows NT 10.0; Win64; x64) AppleWebKit/537.36 (KHTML, like Gecko) Chrome/122.0.0.0 Safari/537.36"
197.210.55.23 - - [07/Mar/2024:21:12:02 +0100] "GET /rappasoft/laravel-livewire-tables/core.min.css HTTP/1.1" 304 - "http://207.154.204.54/admin/dashboard" "Mozilla/5.0 (Windows NT 10.0; Win64; x64) AppleWebKit/537.36 (KHTML, like Gecko) Chrome/122.0.0.0 Safari/537.36"
197.210.226.100 - - [07/Mar/2024:21:11:59 +0100] "GET /admin/dashboard HTTP/1.1" 200 112030 "http://207.154.204.54/login" "Mozilla/5.0 (Windows NT 10.0; Win64; x64) AppleWebKit/537.36 (KHTML, like Gecko) Chrome/122.0.0.0 Safari/537.36"
197.210.227.171 - - [07/Mar/2024:21:12:02 +0100] "GET /rappasoft/laravel-livewire-tables/core.min.js HTTP/1.1" 304 - "http://207.154.204.54/admin/dashboard" "Mozilla/5.0 (Windows NT 10.0; Win64; x64) AppleWebKit/537.36 (KHTML, like Gecko) Chrome/122.0.0.0 Safari/537.36"
197.210.55.249 - - [07/Mar/2024:21:12:02 +0100] "GET /rappasoft/laravel-livewire-tables/thirdparty.min.js HTTP/1.1" 304 - "http://207.154.204.54/admin/dashboard" "Mozilla/5.0 (Windows NT 10.0; Win64; x64) AppleWebKit/537.36 (KHTML, like Gecko) Chrome/122.0.0.0 Safari/537.36"
197.210.226.100 - - [07/Mar/2024:21:12:07 +0100] "GET /admin/staff HTTP/1.1" 200 412378 "http://207.154.204.54/admin/dashboard" "Mozilla/5.0 (Windows NT 10.0; Win64; x64) AppleWebKit/537.36 (KHTML, like Gecko) Chrome/122.0.0.0 Safari/537.36"
91.92.243.167 - - [07/Mar/2024:21:12:12 +0100] "GET /api/.env HTTP/1.1" 404 6603 "-" "Mozilla/5.0 (X11; Linux x86_64) AppleWebKit/537.36 (KHTML, like Gecko) Chrome/81.0.4044.129 Safari/537.36"
197.210.226.206 - - [07/Mar/2024:21:12:21 +0100] "POST /livewire/update HTTP/1.1" 200 362305 "http://207.154.204.54/admin/staff?tableFilters[agency_id][values][0]=29&tableFilters[suspended][isActive]=false&tableFilters[retired][isActive]=false&tableFilters[deceased][isActive]=false&tableFilters[student][isActive]=false&tableFilters[senior_citizen][isActive]=false" "Mozilla/5.0 (Windows NT 10.0; Win64; x64) AppleWebKit/537.36 (KHTML, like Gecko) Chrome/122.0.0.0 Safari/537.36"
197.210.70.240 - - [07/Mar/2024:21:12:55 +0100] "POST /livewire/update HTTP/1.1" 200 457764 "http://207.154.204.54/admin/staff/10697/edit" "Mozilla/5.0 (Windows NT 10.0; Win64; x64) AppleWebKit/537.36 (KHTML, like Gecko) Chrome/122.0.0.0 Safari/537.36"
197.210.226.100 - - [07/Mar/2024:21:13:13 +0100] "-" 408 - "-" "-"
197.210.226.100 - - [07/Mar/2024:21:13:16 +0100] "GET /admin/staff/659/edit HTTP/1.1" 200 462985 "http://207.154.204.54/admin/staff?tableFilters[agency_id][values][0]=29&tableFilters[suspended][isActive]=false&tableFilters[retired][isActive]=false&tableFilters[deceased][isActive]=false&tableFilters[student][isActive]=false&tableFilters[senior_citizen][isActive]=false" "Mozilla/5.0 (Windows NT 10.0; Win64; x64) AppleWebKit/537.36 (KHTML, like Gecko) Chrome/122.0.0.0 Safari/537.36"
197.210.226.206 - - [07/Mar/2024:21:13:32 +0100] "POST /livewire/update HTTP/1.1" 200 402685 "http://207.154.204.54/admin/staff/659/edit" "Mozilla/5.0 (Windows NT 10.0; Win64; x64) AppleWebKit/537.36 (KHTML, like Gecko) Chrome/122.0.0.0 Safari/537.36"
197.210.226.206 - - [07/Mar/2024:21:13:34 +0100] "POST /livewire/update HTTP/1.1" 200 70193 "http://207.154.204.54/admin/staff/659/edit" "Mozilla/5.0 (Windows NT 10.0; Win64; x64) AppleWebKit/537.36 (KHTML, like Gecko) Chrome/122.0.0.0 Safari/537.36"
197.210.227.171 - - [07/Mar/2024:21:14:08 +0100] "POST /livewire/update HTTP/1.1" 200 402685 "http://207.154.204.54/admin/staff/659/edit" "Mozilla/5.0 (Windows NT 10.0; Win64; x64) AppleWebKit/537.36 (KHTML, like Gecko) Chrome/122.0.0.0 Safari/537.36"
197.210.70.240 - - [07/Mar/2024:21:15:12 +0100] "POST /livewire/update HTTP/1.1" 200 476066 "http://207.154.204.54/admin/staff/10697/edit" "Mozilla/5.0 (Windows NT 10.0; Win64; x64) AppleWebKit/537.36 (KHTML, like Gecko) Chrome/122.0.0.0 Safari/537.36"
197.210.55.249 - - [07/Mar/2024:21:15:36 +0100] "GET /admin/staff?tableFilters[agency_id][values][0]=29&tableFilters[suspended][isActive]=false&tableFilters[retired][isActive]=false&tableFilters[deceased][isActive]=false&tableFilters[student][isActive]=false&tableFilters[senior_citizen][isActive]=false HTTP/1.1" 200 425648 "http://207.154.204.54/admin/staff/659/edit" "Mozilla/5.0 (Windows NT 10.0; Win64; x64) AppleWebKit/537.36 (KHTML, like Gecko) Chrome/122.0.0.0 Safari/537.36"
197.210.227.171 - - [07/Mar/2024:21:15:36 +0100] "GET /admin/staff HTTP/1.1" 200 412378 "http://207.154.204.54/admin/staff/659/edit" "Mozilla/5.0 (Windows NT 10.0; Win64; x64) AppleWebKit/537.36 (KHTML, like Gecko) Chrome/122.0.0.0 Safari/537.36"
197.210.226.206 - - [07/Mar/2024:21:15:47 +0100] "GET /admin/staff/659/edit HTTP/1.1" 200 462985 "http://207.154.204.54/admin/staff?tableFilters[agency_id][values][0]=29&tableFilters[suspended][isActive]=false&tableFilters[retired][isActive]=false&tableFilters[deceased][isActive]=false&tableFilters[student][isActive]=false&tableFilters[senior_citizen][isActive]=false" "Mozilla/5.0 (Windows NT 10.0; Win64; x64) AppleWebKit/537.36 (KHTML, like Gecko) Chrome/122.0.0.0 Safari/537.36"
197.210.55.249 - - [07/Mar/2024:21:15:58 +0100] "POST /livewire/update HTTP/1.1" 200 70193 "http://207.154.204.54/admin/staff/659/edit" "Mozilla/5.0 (Windows NT 10.0; Win64; x64) AppleWebKit/537.36 (KHTML, like Gecko) Chrome/122.0.0.0 Safari/537.36"
197.210.55.249 - - [07/Mar/2024:21:16:51 +0100] "-" 408 - "-" "-"
197.210.71.73 - - [07/Mar/2024:21:18:11 +0100] "POST /livewire/update HTTP/1.1" 200 475877 "http://207.154.204.54/admin/staff/10697/edit" "Mozilla/5.0 (Windows NT 10.0; Win64; x64) AppleWebKit/537.36 (KHTML, like Gecko) Chrome/122.0.0.0 Safari/537.36"
143.110.222.166 - - [07/Mar/2024:21:18:48 +0100] "GET / HTTP/1.1" 302 354 "-" "Mozilla/5.0 (iPhone; CPU iPhone OS 16_1 like Mac OS X) AppleWebKit/605.1.15 (KHTML, like Gecko) Version/16.1 Mobile/15E148 Safari/604.1"
197.210.71.73 - - [07/Mar/2024:21:19:09 +0100] "POST /livewire/update HTTP/1.1" 200 475792 "http://207.154.204.54/admin/staff/10697/edit" "Mozilla/5.0 (Windows NT 10.0; Win64; x64) AppleWebKit/537.36 (KHTML, like Gecko) Chrome/122.0.0.0 Safari/537.36"
91.92.243.167 - - [07/Mar/2024:21:20:11 +0100] "GET /laravel/.env HTTP/1.1" 404 6603 "-" "Mozilla/5.0 (X11; Linux x86_64) AppleWebKit/537.36 (KHTML, like Gecko) Chrome/81.0.4044.129 Safari/537.36"
91.92.243.167 - - [07/Mar/2024:21:21:03 +0100] "GET /laravel/.env HTTP/1.1" 404 6603 "-" "Mozilla/5.0 (X11; Linux x86_64) AppleWebKit/537.36 (KHTML, like Gecko) Chrome/81.0.4044.129 Safari/537.36"
197.210.70.228 - - [07/Mar/2024:21:20:35 +0100] "POST /livewire/update HTTP/1.1" 200 473585 "http://207.154.204.54/admin/staff/10697/edit" "Mozilla/5.0 (Windows NT 10.0; Win64; x64) AppleWebKit/537.36 (KHTML, like Gecko) Chrome/122.0.0.0 Safari/537.36"
91.92.243.167 - - [07/Mar/2024:21:28:46 +0100] "GET /crm/.env HTTP/1.1" 404 6603 "-" "Mozilla/5.0 (X11; Linux x86_64) AppleWebKit/537.36 (KHTML, like Gecko) Chrome/81.0.4044.129 Safari/537.36"
91.92.243.167 - - [07/Mar/2024:21:29:39 +0100] "GET /crm/.env HTTP/1.1" 404 6603 "-" "Mozilla/5.0 (X11; Linux x86_64) AppleWebKit/537.36 (KHTML, like Gecko) Chrome/81.0.4044.129 Safari/537.36"
197.210.70.63 - - [07/Mar/2024:21:37:06 +0100] "GET /admin/salary-items HTTP/1.1" 200 290093 "http://207.154.204.54/admin/staff/10697/edit" "Mozilla/5.0 (Windows NT 10.0; Win64; x64) AppleWebKit/537.36 (KHTML, like Gecko) Chrome/122.0.0.0 Safari/537.36"
102.91.4.54 - - [07/Mar/2024:21:37:15 +0100] "POST /livewire/update HTTP/1.1" 200 1331 "http://207.154.204.54/admin/salary-items" "Mozilla/5.0 (Windows NT 10.0; Win64; x64) AppleWebKit/537.36 (KHTML, like Gecko) Chrome/122.0.0.0 Safari/537.36"
91.92.243.167 - - [07/Mar/2024:21:38:19 +0100] "GET /admin/.env HTTP/1.1" 404 6603 "-" "Mozilla/5.0 (X11; Linux x86_64) AppleWebKit/537.36 (KHTML, like Gecko) Chrome/81.0.4044.129 Safari/537.36"
197.210.70.162 - - [07/Mar/2024:21:38:43 +0100] "POST /livewire/update HTTP/1.1" 200 475792 "http://207.154.204.54/admin/staff/10697/edit" "Mozilla/5.0 (Windows NT 10.0; Win64; x64) AppleWebKit/537.36 (KHTML, like Gecko) Chrome/122.0.0.0 Safari/537.36"
102.91.4.201 - - [07/Mar/2024:21:38:53 +0100] "POST /livewire/update HTTP/1.1" 200 475792 "http://207.154.204.54/admin/staff/10697/edit" "Mozilla/5.0 (Windows NT 10.0; Win64; x64) AppleWebKit/537.36 (KHTML, like Gecko) Chrome/122.0.0.0 Safari/537.36"
102.91.4.54 - - [07/Mar/2024:21:39:04 +0100] "POST /livewire/update HTTP/1.1" 200 475792 "http://207.154.204.54/admin/staff/10697/edit" "Mozilla/5.0 (Windows NT 10.0; Win64; x64) AppleWebKit/537.36 (KHTML, like Gecko) Chrome/122.0.0.0 Safari/537.36"
102.91.4.54 - - [07/Mar/2024:21:39:22 +0100] "GET /admin/staff/10697/edit HTTP/1.1" 200 531866 "http://207.154.204.54/admin/staff?tableSearch=29548" "Mozilla/5.0 (Windows NT 10.0; Win64; x64) AppleWebKit/537.36 (KHTML, like Gecko) Chrome/122.0.0.0 Safari/537.36"
91.92.243.167 - - [07/Mar/2024:21:39:30 +0100] "GET /admin/.env HTTP/1.1" 404 6603 "-" "Mozilla/5.0 (X11; Linux x86_64) AppleWebKit/537.36 (KHTML, like Gecko) Chrome/81.0.4044.129 Safari/537.36"
102.91.4.54 - - [07/Mar/2024:21:39:32 +0100] "POST /livewire/update HTTP/1.1" 200 141879 "http://207.154.204.54/admin/staff/10697/edit" "Mozilla/5.0 (Windows NT 10.0; Win64; x64) AppleWebKit/537.36 (KHTML, like Gecko) Chrome/122.0.0.0 Safari/537.36"
102.91.4.54 - - [07/Mar/2024:21:39:34 +0100] "POST /livewire/update HTTP/1.1" 200 473695 "http://207.154.204.54/admin/staff/10697/edit" "Mozilla/5.0 (Windows NT 10.0; Win64; x64) AppleWebKit/537.36 (KHTML, like Gecko) Chrome/122.0.0.0 Safari/537.36"
102.91.4.54 - - [07/Mar/2024:21:39:45 +0100] "POST /livewire/update HTTP/1.1" 200 473695 "http://207.154.204.54/admin/staff/10697/edit" "Mozilla/5.0 (Windows NT 10.0; Win64; x64) AppleWebKit/537.36 (KHTML, like Gecko) Chrome/122.0.0.0 Safari/537.36"
102.91.4.54 - - [07/Mar/2024:21:40:29 +0100] "POST /livewire/update HTTP/1.1" 200 473599 "http://207.154.204.54/admin/staff/10697/edit" "Mozilla/5.0 (Windows NT 10.0; Win64; x64) AppleWebKit/537.36 (KHTML, like Gecko) Chrome/122.0.0.0 Safari/537.36"
102.91.5.194 - - [07/Mar/2024:21:40:41 +0100] "POST /livewire/update HTTP/1.1" 200 473599 "http://207.154.204.54/admin/staff/10697/edit" "Mozilla/5.0 (Windows NT 10.0; Win64; x64) AppleWebKit/537.36 (KHTML, like Gecko) Chrome/122.0.0.0 Safari/537.36"
102.91.5.194 - - [07/Mar/2024:21:40:50 +0100] "POST /livewire/update HTTP/1.1" 200 473582 "http://207.154.204.54/admin/staff/10697/edit" "Mozilla/5.0 (Windows NT 10.0; Win64; x64) AppleWebKit/537.36 (KHTML, like Gecko) Chrome/122.0.0.0 Safari/537.36"
102.91.5.194 - - [07/Mar/2024:21:40:53 +0100] "POST /livewire/update HTTP/1.1" 200 5159 "http://207.154.204.54/admin/staff/10697/edit" "Mozilla/5.0 (Windows NT 10.0; Win64; x64) AppleWebKit/537.36 (KHTML, like Gecko) Chrome/122.0.0.0 Safari/537.36"
197.210.71.73 - - [07/Mar/2024:21:41:00 +0100] "POST /livewire/update HTTP/1.1" 200 1341 "http://207.154.204.54/admin/staff/10697/edit" "Mozilla/5.0 (Windows NT 10.0; Win64; x64) AppleWebKit/537.36 (KHTML, like Gecko) Chrome/122.0.0.0 Safari/537.36"
102.91.5.194 - - [07/Mar/2024:21:41:40 +0100] "POST /livewire/update HTTP/1.1" 200 348492 "http://207.154.204.54/admin/staff?tableSearch=" "Mozilla/5.0 (Windows NT 10.0; Win64; x64) AppleWebKit/537.36 (KHTML, like Gecko) Chrome/122.0.0.0 Safari/537.36"
102.91.5.194 - - [07/Mar/2024:21:41:42 +0100] "POST /livewire/update HTTP/1.1" 200 360799 "http://207.154.204.54/admin/staff?tableSearch=327" "Mozilla/5.0 (Windows NT 10.0; Win64; x64) AppleWebKit/537.36 (KHTML, like Gecko) Chrome/122.0.0.0 Safari/537.36"
102.91.5.194 - - [07/Mar/2024:21:41:45 +0100] "POST /livewire/update HTTP/1.1" 200 189220 "http://207.154.204.54/admin/staff?tableSearch=32745" "Mozilla/5.0 (Windows NT 10.0; Win64; x64) AppleWebKit/537.36 (KHTML, like Gecko) Chrome/122.0.0.0 Safari/537.36"
102.91.5.194 - - [07/Mar/2024:21:41:49 +0100] "GET /admin/staff/6421/edit HTTP/1.1" 200 434364 "http://207.154.204.54/admin/staff?tableSearch=32745" "Mozilla/5.0 (Windows NT 10.0; Win64; x64) AppleWebKit/537.36 (KHTML, like Gecko) Chrome/122.0.0.0 Safari/537.36"
146.19.24.28 - - [07/Mar/2024:21:43:35 +0100] "GET / HTTP/1.1" 302 354 "-" "-"
102.91.5.194 - - [07/Mar/2024:21:44:18 +0100] "POST /livewire/update HTTP/1.1" 200 384402 "http://207.154.204.54/admin/staff/6421/edit" "Mozilla/5.0 (Windows NT 10.0; Win64; x64) AppleWebKit/537.36 (KHTML, like Gecko) Chrome/122.0.0.0 Safari/537.36"
102.91.5.194 - - [07/Mar/2024:21:45:03 +0100] "POST /livewire/update HTTP/1.1" 200 384203 "http://207.154.204.54/admin/staff/6421/edit" "Mozilla/5.0 (Windows NT 10.0; Win64; x64) AppleWebKit/537.36 (KHTML, like Gecko) Chrome/122.0.0.0 Safari/537.36"
102.91.5.194 - - [07/Mar/2024:21:45:06 +0100] "POST /livewire/update HTTP/1.1" 200 40685 "http://207.154.204.54/admin/staff/6421/edit" "Mozilla/5.0 (Windows NT 10.0; Win64; x64) AppleWebKit/537.36 (KHTML, like Gecko) Chrome/122.0.0.0 Safari/537.36"
102.91.5.194 - - [07/Mar/2024:21:45:16 +0100] "POST /livewire/update HTTP/1.1" 200 384069 "http://207.154.204.54/admin/staff/6421/edit" "Mozilla/5.0 (Windows NT 10.0; Win64; x64) AppleWebKit/537.36 (KHTML, like Gecko) Chrome/122.0.0.0 Safari/537.36"
102.91.5.194 - - [07/Mar/2024:21:46:51 +0100] "POST /livewire/update HTTP/1.1" 200 383878 "http://207.154.204.54/admin/staff/6421/edit" "Mozilla/5.0 (Windows NT 10.0; Win64; x64) AppleWebKit/537.36 (KHTML, like Gecko) Chrome/122.0.0.0 Safari/537.36"
102.91.5.194 - - [07/Mar/2024:21:47:09 +0100] "POST /livewire/update HTTP/1.1" 200 402816 "http://207.154.204.54/admin/staff/6421/edit" "Mozilla/5.0 (Windows NT 10.0; Win64; x64) AppleWebKit/537.36 (KHTML, like Gecko) Chrome/122.0.0.0 Safari/537.36"
197.210.70.237 - - [07/Mar/2024:21:48:26 +0100] "POST /livewire/update HTTP/1.1" 200 421147 "http://207.154.204.54/admin/staff/6421/edit" "Mozilla/5.0 (Windows NT 10.0; Win64; x64) AppleWebKit/537.36 (KHTML, like Gecko) Chrome/122.0.0.0 Safari/537.36"
91.92.243.167 - - [07/Mar/2024:21:49:43 +0100] "GET /config/.env HTTP/1.1" 404 6603 "-" "Mozilla/5.0 (X11; Linux x86_64) AppleWebKit/537.36 (KHTML, like Gecko) Chrome/81.0.4044.129 Safari/537.36"
51.81.46.212 - - [07/Mar/2024:21:49:44 +0100] "GET / HTTP/1.1" 302 382 "-" "-"
51.81.46.212 - - [07/Mar/2024:21:49:45 +0100] "GET /login HTTP/1.1" 200 3611 "-" "-"
91.92.243.167 - - [07/Mar/2024:21:50:49 +0100] "GET /config/.env HTTP/1.1" 404 6603 "-" "Mozilla/5.0 (X11; Linux x86_64) AppleWebKit/537.36 (KHTML, like Gecko) Chrome/81.0.4044.129 Safari/537.36"
102.91.5.194 - - [07/Mar/2024:21:52:40 +0100] "POST /livewire/update HTTP/1.1" 200 439480 "http://207.154.204.54/admin/staff/6421/edit" "Mozilla/5.0 (Windows NT 10.0; Win64; x64) AppleWebKit/537.36 (KHTML, like Gecko) Chrome/122.0.0.0 Safari/537.36"
205.210.31.91 - - [07/Mar/2024:21:53:07 +0100] "GET /login HTTP/1.1" 200 3583 "-" "Expanse, a Palo Alto Networks company, searches across the global IPv4 space multiple times per day to identify customers&#39; presences on the Internet. If you would like to be excluded from our scans, please send IP addresses/domains to: scaninfo@paloaltonetworks.com"
102.91.5.194 - - [07/Mar/2024:21:54:19 +0100] "POST /livewire/update HTTP/1.1" 200 457800 "http://207.154.204.54/admin/staff/6421/edit" "Mozilla/5.0 (Windows NT 10.0; Win64; x64) AppleWebKit/537.36 (KHTML, like Gecko) Chrome/122.0.0.0 Safari/537.36"
102.91.5.194 - - [07/Mar/2024:21:56:13 +0100] "POST /livewire/update HTTP/1.1" 200 457616 "http://207.154.204.54/admin/staff/6421/edit" "Mozilla/5.0 (Windows NT 10.0; Win64; x64) AppleWebKit/537.36 (KHTML, like Gecko) Chrome/122.0.0.0 Safari/537.36"
102.91.5.194 - - [07/Mar/2024:21:57:32 +0100] "POST /livewire/update HTTP/1.1" 200 457521 "http://207.154.204.54/admin/staff/6421/edit" "Mozilla/5.0 (Windows NT 10.0; Win64; x64) AppleWebKit/537.36 (KHTML, like Gecko) Chrome/122.0.0.0 Safari/537.36"
45.79.163.53 - - [07/Mar/2024:21:58:22 +0100] "GET / HTTP/1.1" 302 354 "-" "Mozilla/5.0 zgrab/0.x"
172.105.128.12 - - [07/Mar/2024:21:58:39 +0100] "GET / HTTP/1.1" 302 354 "-" "Mozilla/5.0 (Macintosh; Intel Mac OS X 13_1) AppleWebKit/537.36 (KHTML, like Gecko) Chrome/108.0.0.0 Safari/537.36"
102.91.4.201 - - [07/Mar/2024:21:59:20 +0100] "POST /livewire/update HTTP/1.1" 200 65257 "http://207.154.204.54/admin/staff/6421/edit" "Mozilla/5.0 (Windows NT 10.0; Win64; x64) AppleWebKit/537.36 (KHTML, like Gecko) Chrome/122.0.0.0 Safari/537.36"
197.210.71.73 - - [07/Mar/2024:21:59:27 +0100] "POST /livewire/update HTTP/1.1" 200 40683 "http://207.154.204.54/admin/staff/6421/edit" "Mozilla/5.0 (Windows NT 10.0; Win64; x64) AppleWebKit/537.36 (KHTML, like Gecko) Chrome/122.0.0.0 Safari/537.36"
197.210.71.73 - - [07/Mar/2024:21:59:28 +0100] "POST /livewire/update HTTP/1.1" 200 40683 "http://207.154.204.54/admin/staff/6421/edit" "Mozilla/5.0 (Windows NT 10.0; Win64; x64) AppleWebKit/537.36 (KHTML, like Gecko) Chrome/122.0.0.0 Safari/537.36"
102.91.5.194 - - [07/Mar/2024:21:59:32 +0100] "POST /livewire/update HTTP/1.1" 200 455707 "http://207.154.204.54/admin/staff/6421/edit" "Mozilla/5.0 (Windows NT 10.0; Win64; x64) AppleWebKit/537.36 (KHTML, like Gecko) Chrome/122.0.0.0 Safari/537.36"
102.91.5.194 - - [07/Mar/2024:21:59:37 +0100] "POST /livewire/update HTTP/1.1" 200 5158 "http://207.154.204.54/admin/staff/6421/edit" "Mozilla/5.0 (Windows NT 10.0; Win64; x64) AppleWebKit/537.36 (KHTML, like Gecko) Chrome/122.0.0.0 Safari/537.36"
102.91.5.194 - - [07/Mar/2024:21:59:44 +0100] "POST /livewire/update HTTP/1.1" 200 1340 "http://207.154.204.54/admin/staff/6421/edit" "Mozilla/5.0 (Windows NT 10.0; Win64; x64) AppleWebKit/537.36 (KHTML, like Gecko) Chrome/122.0.0.0 Safari/537.36"
197.210.70.114 - - [07/Mar/2024:22:00:07 +0100] "POST /livewire/update HTTP/1.1" 200 348492 "http://207.154.204.54/admin/staff?tableSearch=" "Mozilla/5.0 (Windows NT 10.0; Win64; x64) AppleWebKit/537.36 (KHTML, like Gecko) Chrome/122.0.0.0 Safari/537.36"
197.210.70.114 - - [07/Mar/2024:22:00:10 +0100] "POST /livewire/update HTTP/1.1" 200 353539 "http://207.154.204.54/admin/staff?tableSearch=43" "Mozilla/5.0 (Windows NT 10.0; Win64; x64) AppleWebKit/537.36 (KHTML, like Gecko) Chrome/122.0.0.0 Safari/537.36"
197.210.70.114 - - [07/Mar/2024:22:00:12 +0100] "POST /livewire/update HTTP/1.1" 200 189226 "http://207.154.204.54/admin/staff?tableSearch=43317" "Mozilla/5.0 (Windows NT 10.0; Win64; x64) AppleWebKit/537.36 (KHTML, like Gecko) Chrome/122.0.0.0 Safari/537.36"
102.91.5.194 - - [07/Mar/2024:22:00:19 +0100] "GET /admin/staff/5359/edit HTTP/1.1" 200 434324 "http://207.154.204.54/admin/staff?tableSearch=43317" "Mozilla/5.0 (Windows NT 10.0; Win64; x64) AppleWebKit/537.36 (KHTML, like Gecko) Chrome/122.0.0.0 Safari/537.36"
175.30.48.12 - - [07/Mar/2024:22:00:24 +0100] "GET / HTTP/1.1" 302 354 "-" "-"
212.70.149.134 - - [07/Mar/2024:22:00:36 +0100] "GET / HTTP/1.0" 301 237 "-" "masscan/1.0 (https://github.com/robertdavidgraham/masscan)"
91.92.243.167 - - [07/Mar/2024:22:00:54 +0100] "GET /backend/.env HTTP/1.1" 404 6603 "-" "Mozilla/5.0 (X11; Linux x86_64) AppleWebKit/537.36 (KHTML, like Gecko) Chrome/81.0.4044.129 Safari/537.36"
198.235.24.197 - - [07/Mar/2024:22:00:55 +0100] "GET / HTTP/1.0" 301 237 "-" "Expanse, a Palo Alto Networks company, searches across the global IPv4 space multiple times per day to identify customers&#39; presences on the Internet. If you would like to be excluded from our scans, please send IP addresses/domains to: scaninfo@paloaltonetworks.com"
220.197.51.194 - - [07/Mar/2024:22:01:46 +0100] "GET / HTTP/1.1" 302 354 "-" "Mozilla/5.0 (Windows NT 6.1) AppleWebKit/537.36 (KHTML, like Gecko) Chrome/49.0.2623.112 Safari/537.36"
60.13.138.35 - - [07/Mar/2024:22:01:47 +0100] "GET /login HTTP/1.1" 200 3583 "http://207.154.204.54" "Mozilla/5.0 (Windows NT 6.1) AppleWebKit/537.36 (KHTML, like Gecko) Chrome/49.0.2623.112 Safari/537.36"
171.117.227.46 - - [07/Mar/2024:22:01:48 +0100] "GET /favicon.ico HTTP/1.1" 200 - "-" "Mozilla/5.0 (Windows NT 6.1) AppleWebKit/537.36 (KHTML, like Gecko) Chrome/49.0.2623.112 Safari/537.36"
223.167.168.93 - - [07/Mar/2024:22:01:49 +0100] "GET /favicon.ico HTTP/1.1" 200 - "-" "Mozilla/5.0 (Windows NT 6.1) AppleWebKit/537.36 (KHTML, like Gecko) Chrome/49.0.2623.112 Safari/537.36"
91.92.243.167 - - [07/Mar/2024:22:02:00 +0100] "GET /backend/.env HTTP/1.1" 404 6603 "-" "Mozilla/5.0 (X11; Linux x86_64) AppleWebKit/537.36 (KHTML, like Gecko) Chrome/81.0.4044.129 Safari/537.36"
102.91.4.201 - - [07/Mar/2024:22:03:09 +0100] "POST /livewire/update HTTP/1.1" 200 384359 "http://207.154.204.54/admin/staff/5359/edit" "Mozilla/5.0 (Windows NT 10.0; Win64; x64) AppleWebKit/537.36 (KHTML, like Gecko) Chrome/122.0.0.0 Safari/537.36"
197.210.71.73 - - [07/Mar/2024:22:04:18 +0100] "POST /livewire/update HTTP/1.1" 200 384164 "http://207.154.204.54/admin/staff/5359/edit" "Mozilla/5.0 (Windows NT 10.0; Win64; x64) AppleWebKit/537.36 (KHTML, like Gecko) Chrome/122.0.0.0 Safari/537.36"
143.110.222.166 - - [07/Mar/2024:22:04:45 +0100] "GET / HTTP/1.1" 302 354 "-" "Mozilla/5.0 (iPhone; CPU iPhone OS 16_1 like Mac OS X) AppleWebKit/605.1.15 (KHTML, like Gecko) Version/16.1 Mobile/15E148 Safari/604.1"
102.91.5.194 - - [07/Mar/2024:22:09:57 +0100] "POST /livewire/update HTTP/1.1" 200 384013 "http://207.154.204.54/admin/staff/5359/edit" "Mozilla/5.0 (Windows NT 10.0; Win64; x64) AppleWebKit/537.36 (KHTML, like Gecko) Chrome/122.0.0.0 Safari/537.36"
102.91.5.194 - - [07/Mar/2024:22:10:00 +0100] "POST /livewire/update HTTP/1.1" 200 40685 "http://207.154.204.54/admin/staff/5359/edit" "Mozilla/5.0 (Windows NT 10.0; Win64; x64) AppleWebKit/537.36 (KHTML, like Gecko) Chrome/122.0.0.0 Safari/537.36"
102.91.5.194 - - [07/Mar/2024:22:10:07 +0100] "POST /livewire/update HTTP/1.1" 200 402951 "http://207.154.204.54/admin/staff/5359/edit" "Mozilla/5.0 (Windows NT 10.0; Win64; x64) AppleWebKit/537.36 (KHTML, like Gecko) Chrome/122.0.0.0 Safari/537.36"
91.92.243.167 - - [07/Mar/2024:22:12:01 +0100] "GET /local/.env HTTP/1.1" 404 6603 "-" "Mozilla/5.0 (X11; Linux x86_64) AppleWebKit/537.36 (KHTML, like Gecko) Chrome/81.0.4044.129 Safari/537.36"
102.91.5.194 - - [07/Mar/2024:22:12:32 +0100] "POST /livewire/update HTTP/1.1" 200 421246 "http://207.154.204.54/admin/staff/5359/edit" "Mozilla/5.0 (Windows NT 10.0; Win64; x64) AppleWebKit/537.36 (KHTML, like Gecko) Chrome/122.0.0.0 Safari/537.36"
91.92.243.167 - - [07/Mar/2024:22:13:11 +0100] "GET /local/.env HTTP/1.1" 404 6603 "-" "Mozilla/5.0 (X11; Linux x86_64) AppleWebKit/537.36 (KHTML, like Gecko) Chrome/81.0.4044.129 Safari/537.36"
102.91.5.194 - - [07/Mar/2024:22:15:16 +0100] "POST /livewire/update HTTP/1.1" 200 439547 "http://207.154.204.54/admin/staff/5359/edit" "Mozilla/5.0 (Windows NT 10.0; Win64; x64) AppleWebKit/537.36 (KHTML, like Gecko) Chrome/122.0.0.0 Safari/537.36"
102.91.5.194 - - [07/Mar/2024:22:18:56 +0100] "POST /livewire/update HTTP/1.1" 200 439272 "http://207.154.204.54/admin/staff/5359/edit" "Mozilla/5.0 (Windows NT 10.0; Win64; x64) AppleWebKit/537.36 (KHTML, like Gecko) Chrome/122.0.0.0 Safari/537.36"
102.91.5.194 - - [07/Mar/2024:22:19:40 +0100] "POST /livewire/update HTTP/1.1" 200 439184 "http://207.154.204.54/admin/staff/5359/edit" "Mozilla/5.0 (Windows NT 10.0; Win64; x64) AppleWebKit/537.36 (KHTML, like Gecko) Chrome/122.0.0.0 Safari/537.36"
197.210.71.73 - - [07/Mar/2024:22:21:32 +0100] "POST /livewire/update HTTP/1.1" 200 437788 "http://207.154.204.54/admin/staff/5359/edit" "Mozilla/5.0 (Windows NT 10.0; Win64; x64) AppleWebKit/537.36 (KHTML, like Gecko) Chrome/122.0.0.0 Safari/537.36"
197.210.71.73 - - [07/Mar/2024:22:21:35 +0100] "POST /livewire/update HTTP/1.1" 200 5158 "http://207.154.204.54/admin/staff/5359/edit" "Mozilla/5.0 (Windows NT 10.0; Win64; x64) AppleWebKit/537.36 (KHTML, like Gecko) Chrome/122.0.0.0 Safari/537.36"
197.210.70.136 - - [07/Mar/2024:22:21:41 +0100] "POST /livewire/update HTTP/1.1" 200 1340 "http://207.154.204.54/admin/staff/5359/edit" "Mozilla/5.0 (Windows NT 10.0; Win64; x64) AppleWebKit/537.36 (KHTML, like Gecko) Chrome/122.0.0.0 Safari/537.36"
102.91.5.194 - - [07/Mar/2024:22:23:00 +0100] "POST /livewire/update HTTP/1.1" 200 353539 "http://207.154.204.54/admin/staff?tableSearch=43" "Mozilla/5.0 (Windows NT 10.0; Win64; x64) AppleWebKit/537.36 (KHTML, like Gecko) Chrome/122.0.0.0 Safari/537.36"
102.91.5.194 - - [07/Mar/2024:22:23:04 +0100] "POST /livewire/update HTTP/1.1" 200 206193 "http://207.154.204.54/admin/staff?tableSearch=43087" "Mozilla/5.0 (Windows NT 10.0; Win64; x64) AppleWebKit/537.36 (KHTML, like Gecko) Chrome/122.0.0.0 Safari/537.36"
91.92.243.167 - - [07/Mar/2024:22:23:08 +0100] "GET /application/.env HTTP/1.1" 404 6603 "-" "Mozilla/5.0 (X11; Linux x86_64) AppleWebKit/537.36 (KHTML, like Gecko) Chrome/81.0.4044.129 Safari/537.36"
102.91.5.194 - - [07/Mar/2024:22:23:16 +0100] "GET /admin/staff/5425/edit HTTP/1.1" 200 434371 "http://207.154.204.54/admin/staff?tableSearch=43087" "Mozilla/5.0 (Windows NT 10.0; Win64; x64) AppleWebKit/537.36 (KHTML, like Gecko) Chrome/122.0.0.0 Safari/537.36"
91.92.243.167 - - [07/Mar/2024:22:24:15 +0100] "GET /application/.env HTTP/1.1" 404 6603 "-" "Mozilla/5.0 (X11; Linux x86_64) AppleWebKit/537.36 (KHTML, like Gecko) Chrome/81.0.4044.129 Safari/537.36"
102.91.5.194 - - [07/Mar/2024:22:25:25 +0100] "POST /livewire/update HTTP/1.1" 200 384446 "http://207.154.204.54/admin/staff/5425/edit" "Mozilla/5.0 (Windows NT 10.0; Win64; x64) AppleWebKit/537.36 (KHTML, like Gecko) Chrome/122.0.0.0 Safari/537.36"
102.91.4.201 - - [07/Mar/2024:22:27:19 +0100] "POST /livewire/update HTTP/1.1" 200 384244 "http://207.154.204.54/admin/staff/5425/edit" "Mozilla/5.0 (Windows NT 10.0; Win64; x64) AppleWebKit/537.36 (KHTML, like Gecko) Chrome/122.0.0.0 Safari/537.36"
102.91.4.201 - - [07/Mar/2024:22:27:22 +0100] "POST /livewire/update HTTP/1.1" 200 40685 "http://207.154.204.54/admin/staff/5425/edit" "Mozilla/5.0 (Windows NT 10.0; Win64; x64) AppleWebKit/537.36 (KHTML, like Gecko) Chrome/122.0.0.0 Safari/537.36"
102.91.4.54 - - [07/Mar/2024:22:28:13 +0100] "POST /livewire/update HTTP/1.1" 200 384244 "http://207.154.204.54/admin/staff/5425/edit" "Mozilla/5.0 (Windows NT 10.0; Win64; x64) AppleWebKit/537.36 (KHTML, like Gecko) Chrome/122.0.0.0 Safari/537.36"
102.91.4.54 - - [07/Mar/2024:22:28:19 +0100] "POST /livewire/update HTTP/1.1" 200 403182 "http://207.154.204.54/admin/staff/5425/edit" "Mozilla/5.0 (Windows NT 10.0; Win64; x64) AppleWebKit/537.36 (KHTML, like Gecko) Chrome/122.0.0.0 Safari/537.36"
102.91.4.54 - - [07/Mar/2024:22:30:38 +0100] "POST /livewire/update HTTP/1.1" 200 421475 "http://207.154.204.54/admin/staff/5425/edit" "Mozilla/5.0 (Windows NT 10.0; Win64; x64) AppleWebKit/537.36 (KHTML, like Gecko) Chrome/122.0.0.0 Safari/537.36"
197.210.70.158 - - [07/Mar/2024:22:32:05 +0100] "POST /livewire/update HTTP/1.1" 200 439757 "http://207.154.204.54/admin/staff/5425/edit" "Mozilla/5.0 (Windows NT 10.0; Win64; x64) AppleWebKit/537.36 (KHTML, like Gecko) Chrome/122.0.0.0 Safari/537.36"
197.210.70.158 - - [07/Mar/2024:22:33:04 +0100] "POST /livewire/update HTTP/1.1" 200 439466 "http://207.154.204.54/admin/staff/5425/edit" "Mozilla/5.0 (Windows NT 10.0; Win64; x64) AppleWebKit/537.36 (KHTML, like Gecko) Chrome/122.0.0.0 Safari/537.36"
91.92.243.167 - - [07/Mar/2024:22:34:00 +0100] "GET /admin/.env HTTP/1.1" 404 6603 "-" "Mozilla/5.0 (X11; Linux x86_64) AppleWebKit/537.36 (KHTML, like Gecko) Chrome/81.0.4044.129 Safari/537.36"
197.210.71.73 - - [07/Mar/2024:22:34:04 +0100] "POST /livewire/update HTTP/1.1" 200 439375 "http://207.154.204.54/admin/staff/5425/edit" "Mozilla/5.0 (Windows NT 10.0; Win64; x64) AppleWebKit/537.36 (KHTML, like Gecko) Chrome/122.0.0.0 Safari/537.36"
91.92.243.167 - - [07/Mar/2024:22:35:05 +0100] "GET /admin/.env HTTP/1.1" 404 6603 "-" "Mozilla/5.0 (X11; Linux x86_64) AppleWebKit/537.36 (KHTML, like Gecko) Chrome/81.0.4044.129 Safari/537.36"
46.100.209.206 - - [07/Mar/2024:22:35:07 +0100] "GET / HTTP/1.1" 302 354 "-" "Mozilla/5.0 (Macintosh; Intel Mac OS X 10_11_6) AppleWebKit/601.7.7 (KHTML, like Gecko) Version/9.1.2 Safari/601.7.7"
102.91.4.54 - - [07/Mar/2024:22:35:24 +0100] "POST /livewire/update HTTP/1.1" 200 437962 "http://207.154.204.54/admin/staff/5425/edit" "Mozilla/5.0 (Windows NT 10.0; Win64; x64) AppleWebKit/537.36 (KHTML, like Gecko) Chrome/122.0.0.0 Safari/537.36"
102.91.4.54 - - [07/Mar/2024:22:35:26 +0100] "POST /livewire/update HTTP/1.1" 200 5158 "http://207.154.204.54/admin/staff/5425/edit" "Mozilla/5.0 (Windows NT 10.0; Win64; x64) AppleWebKit/537.36 (KHTML, like Gecko) Chrome/122.0.0.0 Safari/537.36"
102.91.4.54 - - [07/Mar/2024:22:35:33 +0100] "POST /livewire/update HTTP/1.1" 200 1340 "http://207.154.204.54/admin/staff/5425/edit" "Mozilla/5.0 (Windows NT 10.0; Win64; x64) AppleWebKit/537.36 (KHTML, like Gecko) Chrome/122.0.0.0 Safari/537.36"
103.56.17.252 - - [07/Mar/2024:22:38:31 +0100] "GET / HTTP/1.1" 302 354 "-" "AdsBot-Google ( http://www.google.com/adsbot.html)"
103.56.17.252 - - [07/Mar/2024:22:38:31 +0100] "GET /login HTTP/1.1" 200 3583 "http://207.154.204.54/" "AdsBot-Google ( http://www.google.com/adsbot.html)"
103.56.17.252 - - [07/Mar/2024:22:38:31 +0100] "GET /favicon.ico HTTP/1.1" 200 - "-" "Go-http-client/1.1"
88.218.61.124 - - [07/Mar/2024:22:39:16 +0100] "POST / HTTP/1.1" 405 1011 "-" "Mozilla/5.0 (Macintosh;                 Intel Mac OS X 10_10_1) AppleWebKit/537.36 (KHTML,                 like Gecko) Chrome/39.0.2171.95 Safari/537.36"
88.218.61.124 - - [07/Mar/2024:22:39:16 +0100] "GET /.env HTTP/1.1" 404 6603 "-" "Mozilla/5.0 (Macintosh;                 Intel Mac OS X 10_10_1) AppleWebKit/537.36 (KHTML,                 like Gecko) Chrome/39.0.2171.95 Safari/537.36"
88.218.61.124 - - [07/Mar/2024:22:39:17 +0100] "GET /207.154.204.54/.env HTTP/1.1" 404 6603 "-" "Mozilla/5.0 (Macintosh;                 Intel Mac OS X 10_10_1) AppleWebKit/537.36 (KHTML,                 like Gecko) Chrome/39.0.2171.95 Safari/537.36"
88.218.61.124 - - [07/Mar/2024:22:39:17 +0100] "GET /vendor/.env HTTP/1.1" 404 6603 "-" "Mozilla/5.0 (Macintosh;                 Intel Mac OS X 10_10_1) AppleWebKit/537.36 (KHTML,                 like Gecko) Chrome/39.0.2171.95 Safari/537.36"
88.218.61.124 - - [07/Mar/2024:22:39:18 +0100] "GET /207.154.204.54/.env HTTP/1.1" 404 6603 "-" "Mozilla/5.0 (Macintosh;                 Intel Mac OS X 10_10_1) AppleWebKit/537.36 (KHTML,                 like Gecko) Chrome/39.0.2171.95 Safari/537.36"
88.218.61.124 - - [07/Mar/2024:22:39:18 +0100] "GET /admin/.env HTTP/1.1" 404 6603 "-" "Mozilla/5.0 (Macintosh;                 Intel Mac OS X 10_10_1) AppleWebKit/537.36 (KHTML,                 like Gecko) Chrome/39.0.2171.95 Safari/537.36"
88.218.61.124 - - [07/Mar/2024:22:39:18 +0100] "GET /207.154.204.54/.env HTTP/1.1" 404 6603 "-" "Mozilla/5.0 (Macintosh;                 Intel Mac OS X 10_10_1) AppleWebKit/537.36 (KHTML,                 like Gecko) Chrome/39.0.2171.95 Safari/537.36"
88.218.61.124 - - [07/Mar/2024:22:39:19 +0100] "GET /.env.live HTTP/1.1" 404 6603 "-" "Mozilla/5.0 (Macintosh;                 Intel Mac OS X 10_10_1) AppleWebKit/537.36 (KHTML,                 like Gecko) Chrome/39.0.2171.95 Safari/537.36"
88.218.61.124 - - [07/Mar/2024:22:39:19 +0100] "GET /207.154.204.54/.env HTTP/1.1" 404 6603 "-" "Mozilla/5.0 (Macintosh;                 Intel Mac OS X 10_10_1) AppleWebKit/537.36 (KHTML,                 like Gecko) Chrome/39.0.2171.95 Safari/537.36"
88.218.61.124 - - [07/Mar/2024:22:39:20 +0100] "GET /.env.swp HTTP/1.1" 404 6603 "-" "Mozilla/5.0 (Macintosh;                 Intel Mac OS X 10_10_1) AppleWebKit/537.36 (KHTML,                 like Gecko) Chrome/39.0.2171.95 Safari/537.36"
88.218.61.124 - - [07/Mar/2024:22:39:20 +0100] "GET /207.154.204.54/.env HTTP/1.1" 404 6603 "-" "Mozilla/5.0 (Macintosh;                 Intel Mac OS X 10_10_1) AppleWebKit/537.36 (KHTML,                 like Gecko) Chrome/39.0.2171.95 Safari/537.36"
88.218.61.124 - - [07/Mar/2024:22:39:21 +0100] "GET /vendor/phpunit/phpunit/src/Util/PHP/eval-stdin.php HTTP/1.1" 404 6603 "-" "Mozilla/5.0 (Macintosh;                 Intel Mac OS X 10_10_1) AppleWebKit/537.36 (KHTML,                 like Gecko) Chrome/39.0.2171.95 Safari/537.36"
159.223.223.101 - - [07/Mar/2024:22:40:09 +0100] "GET / HTTP/1.1" 302 354 "-" "Go-http-client/1.1"
102.91.4.54 - - [07/Mar/2024:22:42:03 +0100] "POST /livewire/update HTTP/1.1" 200 353539 "http://207.154.204.54/admin/staff?tableSearch=43" "Mozilla/5.0 (Windows NT 10.0; Win64; x64) AppleWebKit/537.36 (KHTML, like Gecko) Chrome/122.0.0.0 Safari/537.36"
102.91.4.54 - - [07/Mar/2024:22:42:08 +0100] "POST /livewire/update HTTP/1.1" 200 353558 "http://207.154.204.54/admin/staff?tableSearch=4" "Mozilla/5.0 (Windows NT 10.0; Win64; x64) AppleWebKit/537.36 (KHTML, like Gecko) Chrome/122.0.0.0 Safari/537.36"
102.91.4.54 - - [07/Mar/2024:22:42:11 +0100] "POST /livewire/update HTTP/1.1" 200 355440 "http://207.154.204.54/admin/staff?tableSearch=4333" "Mozilla/5.0 (Windows NT 10.0; Win64; x64) AppleWebKit/537.36 (KHTML, like Gecko) Chrome/122.0.0.0 Safari/537.36"
102.91.4.54 - - [07/Mar/2024:22:42:13 +0100] "POST /livewire/update HTTP/1.1" 200 189224 "http://207.154.204.54/admin/staff?tableSearch=43330" "Mozilla/5.0 (Windows NT 10.0; Win64; x64) AppleWebKit/537.36 (KHTML, like Gecko) Chrome/122.0.0.0 Safari/537.36"
197.210.70.158 - - [07/Mar/2024:22:42:28 +0100] "GET /admin/staff/9558/edit HTTP/1.1" 200 434374 "http://207.154.204.54/admin/staff?tableSearch=43330" "Mozilla/5.0 (Windows NT 10.0; Win64; x64) AppleWebKit/537.36 (KHTML, like Gecko) Chrome/122.0.0.0 Safari/537.36"
91.92.243.167 - - [07/Mar/2024:22:44:47 +0100] "GET /prod/.env HTTP/1.1" 404 6603 "-" "Mozilla/5.0 (X11; Linux x86_64) AppleWebKit/537.36 (KHTML, like Gecko) Chrome/81.0.4044.129 Safari/537.36"
91.92.243.167 - - [07/Mar/2024:22:45:49 +0100] "GET /prod/.env HTTP/1.1" 404 6603 "-" "Mozilla/5.0 (X11; Linux x86_64) AppleWebKit/537.36 (KHTML, like Gecko) Chrome/81.0.4044.129 Safari/537.36"
102.91.5.194 - - [07/Mar/2024:22:46:10 +0100] "POST /livewire/update HTTP/1.1" 200 384416 "http://207.154.204.54/admin/staff/9558/edit" "Mozilla/5.0 (Windows NT 10.0; Win64; x64) AppleWebKit/537.36 (KHTML, like Gecko) Chrome/122.0.0.0 Safari/537.36"
195.2.78.230 - - [07/Mar/2024:22:47:14 +0100] "GET /.env HTTP/1.1" 404 6603 "-" "Mozilla/5.0 (X11; Linux x86_64) AppleWebKit/537.36 (KHTML, like Gecko) Chrome/81.0.4044.129 Safari/537.36"
195.2.78.230 - - [07/Mar/2024:22:47:14 +0100] "POST / HTTP/1.1" 405 1011 "-" "Mozilla/5.0 (X11; Linux x86_64) AppleWebKit/537.36 (KHTML, like Gecko) Chrome/81.0.4044.129 Safari/537.36"
195.2.78.230 - - [07/Mar/2024:22:47:15 +0100] "GET /sendgrid/.env HTTP/1.1" 404 6603 "-" "Mozilla/5.0 (X11; Linux x86_64) AppleWebKit/537.36 (KHTML, like Gecko) Chrome/81.0.4044.129 Safari/537.36"
195.2.78.230 - - [07/Mar/2024:22:47:15 +0100] "POST / HTTP/1.1" 405 1011 "-" "Mozilla/5.0 (X11; Linux x86_64) AppleWebKit/537.36 (KHTML, like Gecko) Chrome/81.0.4044.129 Safari/537.36"
102.91.5.194 - - [07/Mar/2024:22:47:44 +0100] "POST /livewire/update HTTP/1.1" 200 384229 "http://207.154.204.54/admin/staff/9558/edit" "Mozilla/5.0 (Windows NT 10.0; Win64; x64) AppleWebKit/537.36 (KHTML, like Gecko) Chrome/122.0.0.0 Safari/537.36"
197.210.70.158 - - [07/Mar/2024:22:49:53 +0100] "POST /livewire/update HTTP/1.1" 200 384078 "http://207.154.204.54/admin/staff/9558/edit" "Mozilla/5.0 (Windows NT 10.0; Win64; x64) AppleWebKit/537.36 (KHTML, like Gecko) Chrome/122.0.0.0 Safari/537.36"
197.210.70.158 - - [07/Mar/2024:22:49:55 +0100] "POST /livewire/update HTTP/1.1" 200 40685 "http://207.154.204.54/admin/staff/9558/edit" "Mozilla/5.0 (Windows NT 10.0; Win64; x64) AppleWebKit/537.36 (KHTML, like Gecko) Chrome/122.0.0.0 Safari/537.36"
102.91.5.194 - - [07/Mar/2024:22:50:02 +0100] "POST /livewire/update HTTP/1.1" 200 403016 "http://207.154.204.54/admin/staff/9558/edit" "Mozilla/5.0 (Windows NT 10.0; Win64; x64) AppleWebKit/537.36 (KHTML, like Gecko) Chrome/122.0.0.0 Safari/537.36"
23.226.237.250 - - [07/Mar/2024:22:50:11 +0100] "GET / HTTP/1.1" 301 233 "-" "Mozilla/5.0 (Macintosh; Intel Mac OS X 10.14; rv:82.0) Gecko/20100101 Firefox/82.0"
102.91.4.201 - - [07/Mar/2024:22:51:19 +0100] "POST /livewire/update HTTP/1.1" 200 421308 "http://207.154.204.54/admin/staff/9558/edit" "Mozilla/5.0 (Windows NT 10.0; Win64; x64) AppleWebKit/537.36 (KHTML, like Gecko) Chrome/122.0.0.0 Safari/537.36"
102.91.5.194 - - [07/Mar/2024:22:52:32 +0100] "POST /livewire/update HTTP/1.1" 200 439597 "http://207.154.204.54/admin/staff/9558/edit" "Mozilla/5.0 (Windows NT 10.0; Win64; x64) AppleWebKit/537.36 (KHTML, like Gecko) Chrome/122.0.0.0 Safari/537.36"
45.79.168.172 - - [07/Mar/2024:22:52:51 +0100] "GET / HTTP/1.1" 302 354 "-" "Mozilla/5.0 zgrab/0.x"
192.155.90.220 - - [07/Mar/2024:22:53:06 +0100] "GET / HTTP/1.1" 302 354 "-" "Mozilla/5.0 (Macintosh; Intel Mac OS X 13_1) AppleWebKit/537.36 (KHTML, like Gecko) Chrome/108.0.0.0 Safari/537.36"
197.210.70.63 - - [07/Mar/2024:22:53:17 +0100] "POST /livewire/update HTTP/1.1" 200 457922 "http://207.154.204.54/admin/staff/9558/edit" "Mozilla/5.0 (Windows NT 10.0; Win64; x64) AppleWebKit/537.36 (KHTML, like Gecko) Chrome/122.0.0.0 Safari/537.36"
91.92.243.167 - - [07/Mar/2024:22:54:55 +0100] "GET /_static/.env HTTP/1.1" 404 6603 "-" "Mozilla/5.0 (X11; Linux x86_64) AppleWebKit/537.36 (KHTML, like Gecko) Chrome/81.0.4044.129 Safari/537.36"
102.91.4.54 - - [07/Mar/2024:22:55:04 +0100] "POST /livewire/update HTTP/1.1" 200 477410 "http://207.154.204.54/admin/staff/9558/edit" "Mozilla/5.0 (Windows NT 10.0; Win64; x64) AppleWebKit/537.36 (KHTML, like Gecko) Chrome/122.0.0.0 Safari/537.36"
197.210.70.235 - - [07/Mar/2024:22:55:13 +0100] "POST /livewire/update HTTP/1.1" 200 459063 "http://207.154.204.54/admin/staff/9558/edit" "Mozilla/5.0 (Windows NT 10.0; Win64; x64) AppleWebKit/537.36 (KHTML, like Gecko) Chrome/122.0.0.0 Safari/537.36"
197.210.70.235 - - [07/Mar/2024:22:55:19 +0100] "POST /livewire/update HTTP/1.1" 200 459082 "http://207.154.204.54/admin/staff/9558/edit" "Mozilla/5.0 (Windows NT 10.0; Win64; x64) AppleWebKit/537.36 (KHTML, like Gecko) Chrome/122.0.0.0 Safari/537.36"
91.92.243.167 - - [07/Mar/2024:22:55:53 +0100] "GET /_static/.env HTTP/1.1" 404 6603 "-" "Mozilla/5.0 (X11; Linux x86_64) AppleWebKit/537.36 (KHTML, like Gecko) Chrome/81.0.4044.129 Safari/537.36"
197.210.70.235 - - [07/Mar/2024:22:56:03 +0100] "POST /livewire/update HTTP/1.1" 200 459672 "http://207.154.204.54/admin/staff/9558/edit" "Mozilla/5.0 (Windows NT 10.0; Win64; x64) AppleWebKit/537.36 (KHTML, like Gecko) Chrome/122.0.0.0 Safari/537.36"
197.210.70.235 - - [07/Mar/2024:22:57:42 +0100] "POST /livewire/update HTTP/1.1" 200 460182 "http://207.154.204.54/admin/staff/9558/edit" "Mozilla/5.0 (Windows NT 10.0; Win64; x64) AppleWebKit/537.36 (KHTML, like Gecko) Chrome/122.0.0.0 Safari/537.36"
197.210.70.235 - - [07/Mar/2024:22:58:55 +0100] "POST /livewire/update HTTP/1.1" 200 460160 "http://207.154.204.54/admin/staff/9558/edit" "Mozilla/5.0 (Windows NT 10.0; Win64; x64) AppleWebKit/537.36 (KHTML, like Gecko) Chrome/122.0.0.0 Safari/537.36"
197.210.70.63 - - [07/Mar/2024:22:59:03 +0100] "POST /livewire/update HTTP/1.1" 200 460160 "http://207.154.204.54/admin/staff/9558/edit" "Mozilla/5.0 (Windows NT 10.0; Win64; x64) AppleWebKit/537.36 (KHTML, like Gecko) Chrome/122.0.0.0 Safari/537.36"
197.210.70.235 - - [07/Mar/2024:22:59:14 +0100] "POST /livewire/update HTTP/1.1" 200 460160 "http://207.154.204.54/admin/staff/9558/edit" "Mozilla/5.0 (Windows NT 10.0; Win64; x64) AppleWebKit/537.36 (KHTML, like Gecko) Chrome/122.0.0.0 Safari/537.36"
102.91.4.54 - - [07/Mar/2024:22:59:24 +0100] "POST /livewire/update HTTP/1.1" 200 460160 "http://207.154.204.54/admin/staff/9558/edit" "Mozilla/5.0 (Windows NT 10.0; Win64; x64) AppleWebKit/537.36 (KHTML, like Gecko) Chrome/122.0.0.0 Safari/537.36"
102.91.4.54 - - [07/Mar/2024:22:59:33 +0100] "POST /livewire/update HTTP/1.1" 200 460182 "http://207.154.204.54/admin/staff/9558/edit" "Mozilla/5.0 (Windows NT 10.0; Win64; x64) AppleWebKit/537.36 (KHTML, like Gecko) Chrome/122.0.0.0 Safari/537.36"
102.91.4.54 - - [07/Mar/2024:22:59:43 +0100] "GET /admin/staff?tableSearch=43330 HTTP/1.1" 200 259556 "http://207.154.204.54/admin/staff/9558/edit" "Mozilla/5.0 (Windows NT 10.0; Win64; x64) AppleWebKit/537.36 (KHTML, like Gecko) Chrome/122.0.0.0 Safari/537.36"
102.91.4.54 - - [07/Mar/2024:22:59:43 +0100] "GET /admin/staff HTTP/1.1" 200 412378 "http://207.154.204.54/admin/staff/9558/edit" "Mozilla/5.0 (Windows NT 10.0; Win64; x64) AppleWebKit/537.36 (KHTML, like Gecko) Chrome/122.0.0.0 Safari/537.36"
102.91.4.54 - - [07/Mar/2024:23:00:05 +0100] "GET /admin/staff/9558/edit HTTP/1.1" 200 436710 "http://207.154.204.54/admin/staff?tableSearch=43330" "Mozilla/5.0 (Windows NT 10.0; Win64; x64) AppleWebKit/537.36 (KHTML, like Gecko) Chrome/122.0.0.0 Safari/537.36"
91.142.72.16 - - [07/Mar/2024:23:01:17 +0100] "POST / HTTP/1.1" 405 1011 "-" "Mozilla/5.0 (Macintosh;                 Intel Mac OS X 10_10_1) AppleWebKit/537.36 (KHTML,                 like Gecko) Chrome/39.0.2171.95 Safari/537.36"
91.142.72.16 - - [07/Mar/2024:23:01:18 +0100] "GET /.env HTTP/1.1" 404 6603 "-" "Mozilla/5.0 (Macintosh;                 Intel Mac OS X 10_10_1) AppleWebKit/537.36 (KHTML,                 like Gecko) Chrome/39.0.2171.95 Safari/537.36"
91.142.72.16 - - [07/Mar/2024:23:01:19 +0100] "GET /207.154.204.54/.env HTTP/1.1" 404 6603 "-" "Mozilla/5.0 (Macintosh;                 Intel Mac OS X 10_10_1) AppleWebKit/537.36 (KHTML,                 like Gecko) Chrome/39.0.2171.95 Safari/537.36"
91.142.72.16 - - [07/Mar/2024:23:01:21 +0100] "GET /.env.www HTTP/1.1" 404 6603 "-" "Mozilla/5.0 (Macintosh;                 Intel Mac OS X 10_10_1) AppleWebKit/537.36 (KHTML,                 like Gecko) Chrome/39.0.2171.95 Safari/537.36"
91.142.72.16 - - [07/Mar/2024:23:01:22 +0100] "GET /207.154.204.54/.env HTTP/1.1" 404 6603 "-" "Mozilla/5.0 (Macintosh;                 Intel Mac OS X 10_10_1) AppleWebKit/537.36 (KHTML,                 like Gecko) Chrome/39.0.2171.95 Safari/537.36"
91.142.72.16 - - [07/Mar/2024:23:01:23 +0100] "GET /.env_1 HTTP/1.1" 404 6603 "-" "Mozilla/5.0 (Macintosh;                 Intel Mac OS X 10_10_1) AppleWebKit/537.36 (KHTML,                 like Gecko) Chrome/39.0.2171.95 Safari/537.36"
91.142.72.16 - - [07/Mar/2024:23:01:24 +0100] "GET /207.154.204.54/.env HTTP/1.1" 404 6603 "-" "Mozilla/5.0 (Macintosh;                 Intel Mac OS X 10_10_1) AppleWebKit/537.36 (KHTML,                 like Gecko) Chrome/39.0.2171.95 Safari/537.36"
91.142.72.16 - - [07/Mar/2024:23:01:26 +0100] "GET /.env_sample HTTP/1.1" 404 6603 "-" "Mozilla/5.0 (Macintosh;                 Intel Mac OS X 10_10_1) AppleWebKit/537.36 (KHTML,                 like Gecko) Chrome/39.0.2171.95 Safari/537.36"
91.142.72.16 - - [07/Mar/2024:23:01:27 +0100] "GET /207.154.204.54/.env HTTP/1.1" 404 6603 "-" "Mozilla/5.0 (Macintosh;                 Intel Mac OS X 10_10_1) AppleWebKit/537.36 (KHTML,                 like Gecko) Chrome/39.0.2171.95 Safari/537.36"
91.142.72.16 - - [07/Mar/2024:23:01:28 +0100] "GET /.aws/credentials HTTP/1.1" 404 6603 "-" "Mozilla/5.0 (Macintosh;                 Intel Mac OS X 10_10_1) AppleWebKit/537.36 (KHTML,                 like Gecko) Chrome/39.0.2171.95 Safari/537.36"
91.142.72.16 - - [07/Mar/2024:23:01:29 +0100] "GET /207.154.204.54/.env HTTP/1.1" 404 6603 "-" "Mozilla/5.0 (Macintosh;                 Intel Mac OS X 10_10_1) AppleWebKit/537.36 (KHTML,                 like Gecko) Chrome/39.0.2171.95 Safari/537.36"
91.142.72.16 - - [07/Mar/2024:23:01:30 +0100] "GET /_static/.env HTTP/1.1" 404 6603 "-" "Mozilla/5.0 (Macintosh;                 Intel Mac OS X 10_10_1) AppleWebKit/537.36 (KHTML,                 like Gecko) Chrome/39.0.2171.95 Safari/537.36"
91.142.72.16 - - [07/Mar/2024:23:01:31 +0100] "GET /207.154.204.54/.env HTTP/1.1" 404 6603 "-" "Mozilla/5.0 (Macintosh;                 Intel Mac OS X 10_10_1) AppleWebKit/537.36 (KHTML,                 like Gecko) Chrome/39.0.2171.95 Safari/537.36"
91.142.72.16 - - [07/Mar/2024:23:01:32 +0100] "GET /blog/.env HTTP/1.1" 404 6603 "-" "Mozilla/5.0 (Macintosh;                 Intel Mac OS X 10_10_1) AppleWebKit/537.36 (KHTML,                 like Gecko) Chrome/39.0.2171.95 Safari/537.36"
91.142.72.16 - - [07/Mar/2024:23:01:34 +0100] "GET /207.154.204.54/.env HTTP/1.1" 404 6603 "-" "Mozilla/5.0 (Macintosh;                 Intel Mac OS X 10_10_1) AppleWebKit/537.36 (KHTML,                 like Gecko) Chrome/39.0.2171.95 Safari/537.36"
91.142.72.16 - - [07/Mar/2024:23:01:35 +0100] "GET /.docker/.env HTTP/1.1" 404 6603 "-" "Mozilla/5.0 (Macintosh;                 Intel Mac OS X 10_10_1) AppleWebKit/537.36 (KHTML,                 like Gecko) Chrome/39.0.2171.95 Safari/537.36"
91.142.72.16 - - [07/Mar/2024:23:01:37 +0100] "GET /207.154.204.54/.env HTTP/1.1" 404 6603 "-" "Mozilla/5.0 (Macintosh;                 Intel Mac OS X 10_10_1) AppleWebKit/537.36 (KHTML,                 like Gecko) Chrome/39.0.2171.95 Safari/537.36"
91.142.72.16 - - [07/Mar/2024:23:01:38 +0100] "GET /.env.backup HTTP/1.1" 404 6603 "-" "Mozilla/5.0 (Macintosh;                 Intel Mac OS X 10_10_1) AppleWebKit/537.36 (KHTML,                 like Gecko) Chrome/39.0.2171.95 Safari/537.36"
91.142.72.16 - - [07/Mar/2024:23:01:39 +0100] "GET /207.154.204.54/.env HTTP/1.1" 404 6603 "-" "Mozilla/5.0 (Macintosh;                 Intel Mac OS X 10_10_1) AppleWebKit/537.36 (KHTML,                 like Gecko) Chrome/39.0.2171.95 Safari/537.36"
91.142.72.16 - - [07/Mar/2024:23:01:40 +0100] "GET /.env.dev HTTP/1.1" 404 6603 "-" "Mozilla/5.0 (Macintosh;                 Intel Mac OS X 10_10_1) AppleWebKit/537.36 (KHTML,                 like Gecko) Chrome/39.0.2171.95 Safari/537.36"
